<?xml version="1.0" encoding="utf-8"?><testsuites name="pytest tests"><testsuite name="pytest" errors="0" failures="0" skipped="0" tests="1032" time="257.310" timestamp="2026-10-05T14:37:09.638510+00:00" hostname="901a5539481d"><testcase classname="tests.kernels.test_elementwise_config" name="test_independent_kernels_use_expected_default_npt[LeakyReluFwdKernel-dtype0-4]" time="0.008" /><testcase classname="tests.kernels.test_elementwise_config" name="test_independent_kernels_use_expected_default_npt[LeakyReluFwdKernel-dtype1-8]" time="0.003" /><testcase classname="tests.kernels.test_elementwise_config" name="test_independent_kernels_use_expected_default_npt[LeakyReluFwdKernel-dtype2-8]" time="0.002" /><testcase classname="tests.kernels.test_elementwise_config" name="test_independent_kernels_use_expected_default_npt[EluFwdKernel-dtype0-4]" time="0.002" /><testcase classname="tests.kernels.test_elementwise_config" name="test_independent_kernels_use_expected_default_npt[EluFwdKernel-dtype1-8]" time="0.002" /><testcase classname="tests.kernels.test_elementwise_config" name="test_independent_kernels_use_expected_default_npt[EluFwdKernel-dtype2-8]" time="0.002" /><testcase classname="tests.kernels.test_elementwise_config" name="test_independent_kernels_use_expected_default_npt[HardtanhFwdKernel-dtype0-4]" time="0.002" /><testcase classname="tests.kernels.test_elementwise_config" name="test_independent_kernels_use_expected_default_npt[HardtanhFwdKernel-dtype1-8]" time="0.002" /><testcase classname="tests.kernels.test_elementwise_config" name="test_independent_kernels_use_expected_default_npt[HardtanhFwdKernel-dtype2-8]" time="0.002" /><testcase classname="tests.kernels.test_elementwise_config" name="test_same_shape_binary_default_npt[AddFwdKernel-dtype0-8]" time="0.003" /><testcase classname="tests.kernels.test_elementwise_config" name="test_same_shape_binary_default_npt[BitwiseAndFwdKernel-dtype1-4]" time="0.002" /><testcase classname="tests.kernels.test_elementwise_config" name="test_same_shape_binary_default_npt[PowFwdKernel-dtype2-4]" time="0.003" /><testcase classname="tests.kernels.test_elementwise_config" name="test_multi_input_kernels_take_the_shared_launch_config[dtype0-16]" time="0.002" /><testcase classname="tests.kernels.test_elementwise_config" name="test_multi_input_kernels_take_the_shared_launch_config[dtype1-8]" time="0.002" /><testcase classname="tests.kernels.test_elementwise_config" name="test_multi_input_kernels_take_the_shared_launch_config[dtype2-4]" time="0.002" /><testcase classname="tests.kernels.test_elementwise_config" name="test_multi_input_kernels_take_the_shared_launch_config[dtype3-4]" time="0.002" /><testcase classname="tests.kernels.test_elementwise_config" name="test_fused_gated_explicit_config_follows_the_work" time="0.002" /><testcase classname="tests.kernels.test_grouped_gemm_template" name="test_selector_prunes_invalid_layouts" time="0.002" /><testcase classname="tests.kernels.test_grouped_gemm_template" name="test_selector_golden_specs[dense]" time="0.002" /><testcase classname="tests.kernels.test_grouped_gemm_template" name="test_selector_golden_specs[dense-gated]" time="0.002" /><testcase classname="tests.kernels.test_grouped_gemm_template" name="test_selector_golden_specs[dense-h100]" time="0.002" /><testcase classname="tests.kernels.test_grouped_gemm_template" name="test_selector_golden_specs[batched]" time="0.002" /><testcase classname="tests.kernels.test_grouped_gemm_template" name="test_selector_golden_specs[batched-fp32]" time="0.002" /><testcase classname="tests.kernels.test_grouped_gemm_template" name="test_selector_golden_specs[batched-mn-major]" time="0.002" /><testcase classname="tests.kernels.test_grouped_gemm_template" name="test_selector_golden_specs[tight-psum-decode]" time="0.002" /><testcase classname="tests.kernels.test_grouped_gemm_template" name="test_selector_golden_specs[tight-psum-prefill]" time="0.002" /><testcase classname="tests.kernels.test_grouped_gemm_template" name="test_selector_golden_specs[tight-per-row]" time="0.002" /><testcase classname="tests.kernels.test_grouped_gemm_template" name="test_selector_golden_specs[aligned-psum-staged]" time="0.002" /><testcase classname="tests.kernels.test_grouped_gemm_template" name="test_selector_golden_specs[aligned-psum-many-waves]" time="0.002" /><testcase classname="tests.kernels.test_grouped_gemm_template" name="test_selector_golden_specs[aligned-per-row-64]" time="0.002" /><testcase classname="tests.kernels.test_grouped_gemm_template" name="test_selector_golden_specs[aligned-per-row-256]" time="0.002" /><testcase classname="tests.kernels.test_grouped_gemm_template" name="test_selector_golden_specs[masked]" time="0.002" /><testcase classname="tests.kernels.test_grouped_gemm_template" name="test_selector_golden_specs[k-grouped]" time="0.002" /><testcase classname="tests.kernels.test_grouped_gemm_template" name="test_selector_golden_specs[k-grouped-short]" time="0.002" /><testcase classname="tests.kernels.test_grouped_gemm_template" name="test_selector_golden_rows_per_group_boundaries[32-expected0]" time="0.002" /><testcase classname="tests.kernels.test_grouped_gemm_template" name="test_selector_golden_rows_per_group_boundaries[33-expected1]" time="0.002" /><testcase classname="tests.kernels.test_grouped_gemm_template" name="test_selector_golden_rows_per_group_boundaries[64-expected2]" time="0.002" /><testcase classname="tests.kernels.test_grouped_gemm_template" name="test_selector_golden_rows_per_group_boundaries[65-expected3]" time="0.002" /><testcase classname="tests.kernels.test_grouped_gemm_template" name="test_selector_golden_rows_per_group_boundaries[127-expected4]" time="0.002" /><testcase classname="tests.kernels.test_grouped_gemm_template" name="test_selector_golden_rows_per_group_boundaries[128-expected5]" time="0.002" /><testcase classname="tests.kernels.test_grouped_gemm_template" name="test_selector_golden_rows_per_group_boundaries[129-expected6]" time="0.002" /><testcase classname="tests.kernels.test_grouped_gemm_template" name="test_spec_rejects_inconsistent_template_parameters" time="0.004" /><testcase classname="tests.kernels.test_grouped_gemm_template" name="test_m_grouped_aligned_psum[padded-groups]" time="0.620" /><testcase classname="tests.kernels.test_grouped_gemm_template" name="test_m_grouped_masked[one-wg]" time="0.278" /><testcase classname="tests.kernels.test_grouped_gemm_template" name="test_m_grouped_masked[two-wgs]" time="0.288" /><testcase classname="tests.ops.test_activation" name="test_relu_op[4000000-dtype3]" time="0.111"><properties><property name="op" value="ReluFwdOp" /><property name="op_module" value="tileops.ops.elementwise.activations" /><property name="checked_outputs" value="1" /><property name="max_abs_err" value="0.00e+00" /></properties></testcase><testcase classname="tests.ops.test_activation" name="test_relu_op[4000000-dtype4]" time="0.059"><properties><property name="op" value="ReluFwdOp" /><property name="op_module" value="tileops.ops.elementwise.activations" /><property name="checked_outputs" value="1" /><property name="max_abs_err" value="0.00e+00" /></properties></testcase><testcase classname="tests.ops.test_activation" name="test_relu_strategies[1000000-dtype1-explicit_parallel]" time="0.027"><properties><property name="op" value="ReluFwdOp" /><property name="op_module" value="tileops.ops.elementwise.activations" /><property name="checked_outputs" value="1" /><property name="max_abs_err" value="0.00e+00" /></properties></testcase><testcase classname="tests.ops.test_activation" name="test_relu_strategies[1000000-dtype2-register_copy]" time="0.060"><properties><property name="op" value="ReluFwdOp" /><property name="op_module" value="tileops.ops.elementwise.activations" /><property name="checked_outputs" value="1" /><property name="max_abs_err" value="0.00e+00" /></properties></testcase><testcase classname="tests.ops.test_ada_layer_norm" name="test_ada_layer_norm_op[4096-4096-dtype3]" time="0.296"><properties><property name="op" value="AdaLayerNormFwdOp" /><property name="op_module" value="tileops.ops.norm.ada_layer_norm" /><property name="checked_outputs" value="1" /><property name="max_abs_err" value="2.86e-06" /></properties></testcase><testcase classname="tests.ops.test_ada_layer_norm" name="test_ada_layer_norm_op[4096-4096-dtype4]" time="0.282"><properties><property name="op" value="AdaLayerNormFwdOp" /><property name="op_module" value="tileops.ops.norm.ada_layer_norm" /><property name="checked_outputs" value="1" /><property name="max_abs_err" value="3.91e-03" /></properties></testcase><testcase classname="tests.ops.test_ada_layer_norm" name="test_ada_layer_norm_op[4096-4096-dtype5]" time="0.285"><properties><property name="op" value="AdaLayerNormFwdOp" /><property name="op_module" value="tileops.ops.norm.ada_layer_norm" /><property name="checked_outputs" value="1" /><property name="max_abs_err" value="1.56e-02" /></properties></testcase><testcase classname="tests.ops.test_ada_layer_norm" name="test_ada_layer_norm_op[1024-3000-dtype6]" time="0.280"><properties><property name="op" value="AdaLayerNormFwdOp" /><property name="op_module" value="tileops.ops.norm.ada_layer_norm" /><property name="checked_outputs" value="1" /><property name="max_abs_err" value="1.91e-06" /></properties></testcase><testcase classname="tests.ops.test_ada_layer_norm" name="test_ada_layer_norm_op[1024-3000-dtype7]" time="0.279"><properties><property name="op" value="AdaLayerNormFwdOp" /><property name="op_module" value="tileops.ops.norm.ada_layer_norm" /><property name="checked_outputs" value="1" /><property name="max_abs_err" value="3.91e-03" /></properties></testcase><testcase classname="tests.ops.test_ada_layer_norm" name="test_ada_layer_norm_op[1024-3000-dtype8]" time="0.279"><properties><property name="op" value="AdaLayerNormFwdOp" /><property name="op_module" value="tileops.ops.norm.ada_layer_norm" /><property name="checked_outputs" value="1" /><property name="max_abs_err" value="1.56e-02" /></properties></testcase><testcase classname="tests.ops.test_ada_layer_norm" name="test_ada_layer_norm_op[1025-4096-dtype9]" time="0.280"><properties><property name="op" value="AdaLayerNormFwdOp" /><property name="op_module" value="tileops.ops.norm.ada_layer_norm" /><property name="checked_outputs" value="1" /><property name="max_abs_err" value="3.91e-03" /></properties></testcase><testcase classname="tests.ops.test_ada_layer_norm" name="test_ada_layer_norm_op[1025-4096-dtype10]" time="0.278"><properties><property name="op" value="AdaLayerNormFwdOp" /><property name="op_module" value="tileops.ops.norm.ada_layer_norm" /><property name="checked_outputs" value="1" /><property name="max_abs_err" value="7.81e-03" /></properties></testcase><testcase classname="tests.ops.test_ada_layer_norm" name="test_ada_layer_norm_zero_op[4096-4096-dtype3]" time="0.292"><properties><property name="op" value="AdaLayerNormZeroFwdOp" /><property name="op_module" value="tileops.ops.norm.ada_layer_norm_zero" /><property name="checked_outputs" value="1" /><property name="max_abs_err" value="5.72e-06" /></properties></testcase><testcase classname="tests.ops.test_ada_layer_norm" name="test_ada_layer_norm_zero_op[4096-4096-dtype4]" time="0.563"><properties><property name="op" value="AdaLayerNormZeroFwdOp" /><property name="op_module" value="tileops.ops.norm.ada_layer_norm_zero" /><property name="checked_outputs" value="1" /><property name="max_abs_err" value="7.81e-03" /></properties></testcase><testcase classname="tests.ops.test_ada_layer_norm" name="test_ada_layer_norm_zero_op[4096-4096-dtype5]" time="0.288"><properties><property name="op" value="AdaLayerNormZeroFwdOp" /><property name="op_module" value="tileops.ops.norm.ada_layer_norm_zero" /><property name="checked_outputs" value="1" /><property name="max_abs_err" value="1.56e-02" /></properties></testcase><testcase classname="tests.ops.test_ada_layer_norm" name="test_ada_layer_norm_zero_op[1024-3000-dtype6]" time="0.284"><properties><property name="op" value="AdaLayerNormZeroFwdOp" /><property name="op_module" value="tileops.ops.norm.ada_layer_norm_zero" /><property name="checked_outputs" value="1" /><property name="max_abs_err" value="3.81e-06" /></properties></testcase><testcase classname="tests.ops.test_ada_layer_norm" name="test_ada_layer_norm_zero_op[1024-3000-dtype7]" time="0.283"><properties><property name="op" value="AdaLayerNormZeroFwdOp" /><property name="op_module" value="tileops.ops.norm.ada_layer_norm_zero" /><property name="checked_outputs" value="1" /><property name="max_abs_err" value="3.91e-03" /></properties></testcase><testcase classname="tests.ops.test_ada_layer_norm" name="test_ada_layer_norm_zero_op[1024-3000-dtype8]" time="0.281"><properties><property name="op" value="AdaLayerNormZeroFwdOp" /><property name="op_module" value="tileops.ops.norm.ada_layer_norm_zero" /><property name="checked_outputs" value="1" /><property name="max_abs_err" value="1.56e-02" /></properties></testcase><testcase classname="tests.ops.test_ada_layer_norm" name="test_ada_layer_norm_zero_op[1025-4096-dtype9]" time="0.282"><properties><property name="op" value="AdaLayerNormZeroFwdOp" /><property name="op_module" value="tileops.ops.norm.ada_layer_norm_zero" /><property name="checked_outputs" value="1" /><property name="max_abs_err" value="3.91e-03" /></properties></testcase><testcase classname="tests.ops.test_ada_layer_norm" name="test_ada_layer_norm_zero_op[1025-4096-dtype10]" time="0.282"><properties><property name="op" value="AdaLayerNormZeroFwdOp" /><property name="op_module" value="tileops.ops.norm.ada_layer_norm_zero" /><property name="checked_outputs" value="1" /><property name="max_abs_err" value="7.81e-03" /></properties></testcase><testcase classname="tests.ops.test_argreduce" name="test_argmax_op[256-4096-dtype3]" time="0.138"><properties><property name="op" value="ArgmaxFwdOp" /><property name="op_module" value="tileops.ops.reduction.argreduce" /><property name="checked_outputs" value="1" /><property name="max_abs_err" value="0.00e+00" /></properties></testcase><testcase classname="tests.ops.test_argreduce" name="test_argmax_op[256-4096-dtype4]" time="0.120"><properties><property name="op" value="ArgmaxFwdOp" /><property name="op_module" value="tileops.ops.reduction.argreduce" /><property name="checked_outputs" value="1" /><property name="max_abs_err" value="0.00e+00" /></properties></testcase><testcase classname="tests.ops.test_argreduce" name="test_argmax_op[128-300-dtype5]" time="0.090"><properties><property name="op" value="ArgmaxFwdOp" /><property name="op_module" value="tileops.ops.reduction.argreduce" /><property name="checked_outputs" value="1" /><property name="max_abs_err" value="0.00e+00" /></properties></testcase><testcase classname="tests.ops.test_argreduce" name="test_argmax_op[128-300-dtype6]" time="0.090"><properties><property name="op" value="ArgmaxFwdOp" /><property name="op_module" value="tileops.ops.reduction.argreduce" /><property name="checked_outputs" value="1" /><property name="max_abs_err" value="0.00e+00" /></properties></testcase><testcase classname="tests.ops.test_argreduce" name="test_argmax_op[129-512-dtype7]" time="0.092"><properties><property name="op" value="ArgmaxFwdOp" /><property name="op_module" value="tileops.ops.reduction.argreduce" /><property name="checked_outputs" value="1" /><property name="max_abs_err" value="0.00e+00" /></properties></testcase><testcase classname="tests.ops.test_argreduce" name="test_argmax_spec_dim[shape2--1-True-dtype2]" time="0.100" /><testcase classname="tests.ops.test_argreduce" name="test_argmax_spec_dim[shape3-0-False-dtype3]" time="0.004" /><testcase classname="tests.ops.test_argreduce" name="test_argmax_spec_dim[shape4-1-False-dtype4]" time="0.088" /><testcase classname="tests.ops.test_argreduce" name="test_argmax_spec_dim[shape5--1-True-dtype5]" time="0.088" /><testcase classname="tests.ops.test_argreduce" name="test_argmin_op[256-4096-dtype3]" time="0.138"><properties><property name="op" value="ArgminFwdOp" /><property name="op_module" value="tileops.ops.reduction.argreduce" /><property name="checked_outputs" value="1" /><property name="max_abs_err" value="0.00e+00" /></properties></testcase><testcase classname="tests.ops.test_argreduce" name="test_argmin_op[256-4096-dtype4]" time="0.119"><properties><property name="op" value="ArgminFwdOp" /><property name="op_module" value="tileops.ops.reduction.argreduce" /><property name="checked_outputs" value="1" /><property name="max_abs_err" value="0.00e+00" /></properties></testcase><testcase classname="tests.ops.test_argreduce" name="test_argmin_op[128-300-dtype5]" time="0.091"><properties><property name="op" value="ArgminFwdOp" /><property name="op_module" value="tileops.ops.reduction.argreduce" /><property name="checked_outputs" value="1" /><property name="max_abs_err" value="0.00e+00" /></properties></testcase><testcase classname="tests.ops.test_argreduce" name="test_argmin_op[128-300-dtype6]" time="0.091"><properties><property name="op" value="ArgminFwdOp" /><property name="op_module" value="tileops.ops.reduction.argreduce" /><property name="checked_outputs" value="1" /><property name="max_abs_err" value="0.00e+00" /></properties></testcase><testcase classname="tests.ops.test_argreduce" name="test_argmin_op[129-512-dtype7]" time="0.090"><properties><property name="op" value="ArgminFwdOp" /><property name="op_module" value="tileops.ops.reduction.argreduce" /><property name="checked_outputs" value="1" /><property name="max_abs_err" value="0.00e+00" /></properties></testcase><testcase classname="tests.ops.test_argreduce" name="test_argmin_spec_dim[shape2--1-True-dtype2]" time="0.100" /><testcase classname="tests.ops.test_argreduce" name="test_argmin_spec_dim[shape3-0-False-dtype3]" time="0.004" /><testcase classname="tests.ops.test_argreduce" name="test_argmin_spec_dim[shape4-1-False-dtype4]" time="0.087" /><testcase classname="tests.ops.test_argreduce" name="test_argmin_spec_dim[shape5--1-True-dtype5]" time="0.088" /><testcase classname="tests.ops.test_argreduce" name="test_argmax_dim_none[shape6-dtype6]" time="0.112" /><testcase classname="tests.ops.test_argreduce" name="test_argmin_dim_none[shape6-dtype6]" time="0.112" /><testcase classname="tests.ops.test_batch_norm" name="test_batch_norm_fwd[32-64-spatial3-dtype3-False]" time="0.196"><properties><property name="op" value="BatchNormFwdOp" /><property name="op_module" value="tileops.ops.norm.batch_norm" /><property name="checked_outputs" value="3" /><property name="max_abs_err" value="6.10e-05" /></properties></testcase><testcase classname="tests.ops.test_batch_norm" name="test_batch_norm_fwd[32-256-spatial4-dtype4-True]" time="0.166"><properties><property name="op" value="BatchNormFwdOp" /><property name="op_module" value="tileops.ops.norm.batch_norm" /><property name="checked_outputs" value="3" /><property name="max_abs_err" value="4.88e-04" /></properties></testcase><testcase classname="tests.ops.test_batch_norm" name="test_batch_norm_fwd[16-64-spatial5-dtype5-True]" time="0.204"><properties><property name="op" value="BatchNormFwdOp" /><property name="op_module" value="tileops.ops.norm.batch_norm" /><property name="checked_outputs" value="3" /><property name="max_abs_err" value="1.95e-03" /></properties></testcase><testcase classname="tests.ops.test_batch_norm" name="test_batch_norm_fwd[4-64-spatial6-dtype6-True]" time="0.177"><properties><property name="op" value="BatchNormFwdOp" /><property name="op_module" value="tileops.ops.norm.batch_norm" /><property name="checked_outputs" value="3" /><property name="max_abs_err" value="1.95e-03" /></properties></testcase><testcase classname="tests.ops.test_batch_norm" name="test_batch_norm_fwd[8-64-spatial7-dtype7-True]" time="0.676"><properties><property name="op" value="BatchNormFwdOp" /><property name="op_module" value="tileops.ops.norm.batch_norm" /><property name="checked_outputs" value="3" /><property name="max_abs_err" value="7.81e-03" /></properties></testcase><testcase classname="tests.ops.test_batch_norm" name="test_batch_norm_fwd[8-64-spatial8-dtype8-False]" time="0.860"><properties><property name="op" value="BatchNormFwdOp" /><property name="op_module" value="tileops.ops.norm.batch_norm" /><property name="checked_outputs" value="3" /><property name="max_abs_err" value="7.81e-03" /></properties></testcase><testcase classname="tests.ops.test_batch_norm" name="test_batch_norm_fwd[4-128-spatial9-dtype9-True]" time="0.191"><properties><property name="op" value="BatchNormFwdOp" /><property name="op_module" value="tileops.ops.norm.batch_norm" /><property name="checked_outputs" value="3" /><property name="max_abs_err" value="1.56e-02" /></properties></testcase><testcase classname="tests.ops.test_batch_norm" name="test_batch_norm_fwd[8-64-spatial10-dtype10-True]" time="0.183"><properties><property name="op" value="BatchNormFwdOp" /><property name="op_module" value="tileops.ops.norm.batch_norm" /><property name="checked_outputs" value="3" /><property name="max_abs_err" value="9.77e-04" /></properties></testcase><testcase classname="tests.ops.test_batch_norm" name="test_batch_norm_fwd[8-64-spatial11-dtype11-True]" time="0.181"><properties><property name="op" value="BatchNormFwdOp" /><property name="op_module" value="tileops.ops.norm.batch_norm" /><property name="checked_outputs" value="3" /><property name="max_abs_err" value="7.81e-03" /></properties></testcase><testcase classname="tests.ops.test_batch_norm" name="test_batch_norm_fwd[16-1024-spatial12-dtype12-True]" time="0.181"><properties><property name="op" value="BatchNormFwdOp" /><property name="op_module" value="tileops.ops.norm.batch_norm" /><property name="checked_outputs" value="3" /><property name="max_abs_err" value="3.91e-03" /></properties></testcase><testcase classname="tests.ops.test_batch_norm" name="test_batch_norm_fwd[2048-1024-spatial13-dtype13-True]" time="0.522"><properties><property name="op" value="BatchNormFwdOp" /><property name="op_module" value="tileops.ops.norm.batch_norm" /><property name="checked_outputs" value="3" /><property name="max_abs_err" value="7.81e-03" /></properties></testcase><testcase classname="tests.ops.test_batch_norm" name="test_batch_norm_fwd[3-5-spatial14-dtype14-True]" time="0.271"><properties><property name="op" value="BatchNormFwdOp" /><property name="op_module" value="tileops.ops.norm.batch_norm" /><property name="checked_outputs" value="3" /><property name="max_abs_err" value="9.77e-04" /></properties></testcase><testcase classname="tests.ops.test_batch_norm" name="test_batch_norm_bwd[8-64-spatial3-dtype3]" time="0.253"><properties><property name="op" value="BatchNormBwdOp" /><property name="op_module" value="tileops.ops.norm.batch_norm" /><property name="checked_outputs" value="3" /><property name="max_abs_err" value="9.77e-04" /></properties></testcase><testcase classname="tests.ops.test_batch_norm" name="test_batch_norm_bwd[4-128-spatial4-dtype4]" time="0.182"><properties><property name="op" value="BatchNormBwdOp" /><property name="op_module" value="tileops.ops.norm.batch_norm" /><property name="checked_outputs" value="3" /><property name="max_abs_err" value="7.81e-03" /></properties></testcase><testcase classname="tests.ops.test_batch_norm" name="test_batch_norm_bwd[4-64-spatial5-dtype5]" time="0.182"><properties><property name="op" value="BatchNormBwdOp" /><property name="op_module" value="tileops.ops.norm.batch_norm" /><property name="checked_outputs" value="3" /><property name="max_abs_err" value="3.91e-03" /></properties></testcase><testcase classname="tests.ops.test_batch_norm" name="test_batch_norm_bwd[8-64-spatial6-dtype6]" time="0.187"><properties><property name="op" value="BatchNormBwdOp" /><property name="op_module" value="tileops.ops.norm.batch_norm" /><property name="checked_outputs" value="3" /><property name="max_abs_err" value="1.95e-03" /></properties></testcase><testcase classname="tests.ops.test_batch_norm" name="test_batch_norm_bwd[8-64-spatial7-dtype7]" time="0.186"><properties><property name="op" value="BatchNormBwdOp" /><property name="op_module" value="tileops.ops.norm.batch_norm" /><property name="checked_outputs" value="3" /><property name="max_abs_err" value="3.91e-03" /></properties></testcase><testcase classname="tests.ops.test_batch_norm" name="test_batch_norm_bwd[3-5-spatial8-dtype8]" time="0.279"><properties><property name="op" value="BatchNormBwdOp" /><property name="op_module" value="tileops.ops.norm.batch_norm" /><property name="checked_outputs" value="3" /><property name="max_abs_err" value="7.81e-03" /></properties></testcase><testcase classname="tests.ops.test_batch_norm" name="test_batch_norm_bwd[8192-1024-spatial9-dtype9]" time="0.289"><properties><property name="op" value="BatchNormBwdOp" /><property name="op_module" value="tileops.ops.norm.batch_norm" /><property name="checked_outputs" value="3" /><property name="max_abs_err" value="3.91e-03" /></properties></testcase><testcase classname="tests.ops.test_binary_arith" name="test_coalesce_broadcast_dims[a_shape1-b_shape1-2]" time="0.002" /><testcase classname="tests.ops.test_binary_arith" name="test_coalesce_broadcast_dims[a_shape2-b_shape2-2]" time="0.002" /><testcase classname="tests.ops.test_binary_arith" name="test_coalesce_broadcast_dims[a_shape3-b_shape3-1]" time="0.002" /><testcase classname="tests.ops.test_binary_arith" name="test_coalesce_broadcast_dims[a_shape4-b_shape4-3]" time="0.002" /><testcase classname="tests.ops.test_binary_arith" name="test_coalesce_broadcast_dims[a_shape5-b_shape5-2]" time="0.002" /><testcase classname="tests.ops.test_binary_arith" name="test_coalesce_broadcast_dims[a_shape6-b_shape6-1]" time="0.002" /><testcase classname="tests.ops.test_binary_arith" name="test_coalesce_broadcast_dims[a_shape7-b_shape7-1]" time="0.002" /><testcase classname="tests.ops.test_binary_arith" name="test_add_same_shape[16384-dtype3]" time="0.128"><properties><property name="op" value="AddFwdOp" /><property name="op_module" value="tileops.ops.elementwise.arithmetic" /><property name="checked_outputs" value="1" /><property name="max_abs_err" value="0.00e+00" /></properties></testcase><testcase classname="tests.ops.test_binary_arith" name="test_add_broadcast[a_shape1-b_shape1-dtype1]" time="0.138"><properties><property name="op" value="AddFwdOp" /><property name="op_module" value="tileops.ops.elementwise.arithmetic" /><property name="checked_outputs" value="1" /><property name="max_abs_err" value="0.00e+00" /></properties></testcase><testcase classname="tests.ops.test_binary_arith" name="test_add_broadcast[a_shape2-b_shape2-dtype2]" time="0.035"><properties><property name="op" value="AddFwdOp" /><property name="op_module" value="tileops.ops.elementwise.arithmetic" /><property name="checked_outputs" value="1" /><property name="max_abs_err" value="0.00e+00" /></properties></testcase><testcase classname="tests.ops.test_binary_arith" name="test_add_broadcast[a_shape3-b_shape3-dtype3]" time="0.138"><properties><property name="op" value="AddFwdOp" /><property name="op_module" value="tileops.ops.elementwise.arithmetic" /><property name="checked_outputs" value="1" /><property name="max_abs_err" value="0.00e+00" /></properties></testcase><testcase classname="tests.ops.test_binary_arith" name="test_binary_arith_broadcast[sub-SubFwdOp-&lt;lambda&gt;-&lt;lambda&gt;-&lt;lambda&gt;-a_shape1-b_shape1]" time="0.145" /><testcase classname="tests.ops.test_binary_arith" name="test_binary_arith_broadcast[sub-SubFwdOp-&lt;lambda&gt;-&lt;lambda&gt;-&lt;lambda&gt;-a_shape2-b_shape2]" time="0.037" /><testcase classname="tests.ops.test_binary_arith" name="test_binary_arith_broadcast[mul-MulFwdOp-&lt;lambda&gt;-&lt;lambda&gt;-&lt;lambda&gt;-a_shape3-b_shape3]" time="0.138" /><testcase classname="tests.ops.test_binary_arith" name="test_binary_arith_broadcast[mul-MulFwdOp-&lt;lambda&gt;-&lt;lambda&gt;-&lt;lambda&gt;-a_shape4-b_shape4]" time="0.135" /><testcase classname="tests.ops.test_binary_arith" name="test_binary_arith_broadcast[mul-MulFwdOp-&lt;lambda&gt;-&lt;lambda&gt;-&lt;lambda&gt;-a_shape5-b_shape5]" time="0.035" /><testcase classname="tests.ops.test_binary_arith" name="test_binary_arith_broadcast[div-DivFwdOp-&lt;lambda&gt;-&lt;lambda&gt;-&lt;lambda&gt;-a_shape6-b_shape6]" time="0.146" /><testcase classname="tests.ops.test_binary_arith" name="test_binary_arith_broadcast[div-DivFwdOp-&lt;lambda&gt;-&lt;lambda&gt;-&lt;lambda&gt;-a_shape7-b_shape7]" time="0.137" /><testcase classname="tests.ops.test_binary_arith" name="test_binary_arith_broadcast[div-DivFwdOp-&lt;lambda&gt;-&lt;lambda&gt;-&lt;lambda&gt;-a_shape8-b_shape8]" time="0.037" /><testcase classname="tests.ops.test_binary_arith" name="test_binary_arith_broadcast[remainder-RemainderFwdOp-remainder-&lt;lambda&gt;-&lt;lambda&gt;-a_shape9-b_shape9]" time="0.168" /><testcase classname="tests.ops.test_binary_arith" name="test_binary_arith_broadcast[remainder-RemainderFwdOp-remainder-&lt;lambda&gt;-&lt;lambda&gt;-a_shape10-b_shape10]" time="0.142" /><testcase classname="tests.ops.test_binary_arith" name="test_binary_arith_broadcast[remainder-RemainderFwdOp-remainder-&lt;lambda&gt;-&lt;lambda&gt;-a_shape11-b_shape11]" time="0.035" /><testcase classname="tests.ops.test_binary_arith" name="test_binary_arith_broadcast[pow-PowFwdOp-&lt;lambda&gt;-&lt;lambda&gt;-&lt;lambda&gt;-a_shape12-b_shape12]" time="0.172" /><testcase classname="tests.ops.test_binary_arith" name="test_binary_arith_broadcast[pow-PowFwdOp-&lt;lambda&gt;-&lt;lambda&gt;-&lt;lambda&gt;-a_shape13-b_shape13]" time="0.134" /><testcase classname="tests.ops.test_binary_arith" name="test_binary_arith_broadcast[pow-PowFwdOp-&lt;lambda&gt;-&lt;lambda&gt;-&lt;lambda&gt;-a_shape14-b_shape14]" time="0.036" /><testcase classname="tests.ops.test_binary_arith" name="test_binary_arith_broadcast[floor_divide-FloorDivideFwdOp-floor_divide-&lt;lambda&gt;-&lt;lambda&gt;-a_shape15-b_shape15]" time="0.162" /><testcase classname="tests.ops.test_binary_arith" name="test_binary_arith_broadcast[floor_divide-FloorDivideFwdOp-floor_divide-&lt;lambda&gt;-&lt;lambda&gt;-a_shape16-b_shape16]" time="0.143" /><testcase classname="tests.ops.test_binary_arith" name="test_binary_arith_broadcast[floor_divide-FloorDivideFwdOp-floor_divide-&lt;lambda&gt;-&lt;lambda&gt;-a_shape17-b_shape17]" time="0.035" /><testcase classname="tests.ops.test_binary_arith" name="test_binary_arith_broadcast[lerp-LerpScalarFwdOp-&lt;lambda&gt;-&lt;lambda&gt;-&lt;lambda&gt;-a_shape18-b_shape18]" time="0.145" /><testcase classname="tests.ops.test_binary_arith" name="test_binary_arith_broadcast[lerp-LerpScalarFwdOp-&lt;lambda&gt;-&lt;lambda&gt;-&lt;lambda&gt;-a_shape19-b_shape19]" time="0.139" /><testcase classname="tests.ops.test_binary_arith" name="test_binary_arith_broadcast[lerp-LerpScalarFwdOp-&lt;lambda&gt;-&lt;lambda&gt;-&lt;lambda&gt;-a_shape20-b_shape20]" time="0.036" /><testcase classname="tests.ops.test_binary_arith" name="test_binary_arith_broadcast[maximum-MaximumFwdOp-&lt;lambda&gt;-&lt;lambda&gt;-&lt;lambda&gt;-a_shape21-b_shape21]" time="0.159" /><testcase classname="tests.ops.test_binary_arith" name="test_binary_arith_broadcast[maximum-MaximumFwdOp-&lt;lambda&gt;-&lt;lambda&gt;-&lt;lambda&gt;-a_shape22-b_shape22]" time="0.139" /><testcase classname="tests.ops.test_binary_arith" name="test_binary_arith_broadcast[maximum-MaximumFwdOp-&lt;lambda&gt;-&lt;lambda&gt;-&lt;lambda&gt;-a_shape23-b_shape23]" time="0.035" /><testcase classname="tests.ops.test_binary_arith" name="test_binary_arith_broadcast[minimum-MinimumFwdOp-&lt;lambda&gt;-&lt;lambda&gt;-&lt;lambda&gt;-a_shape24-b_shape24]" time="0.141" /><testcase classname="tests.ops.test_binary_arith" name="test_binary_arith_broadcast[minimum-MinimumFwdOp-&lt;lambda&gt;-&lt;lambda&gt;-&lt;lambda&gt;-a_shape25-b_shape25]" time="0.138" /><testcase classname="tests.ops.test_binary_arith" name="test_binary_arith_broadcast[minimum-MinimumFwdOp-&lt;lambda&gt;-&lt;lambda&gt;-&lt;lambda&gt;-a_shape26-b_shape26]" time="0.036" /><testcase classname="tests.ops.test_binary_arith" name="test_add_strategies[16384-dtype1-explicit_parallel]" time="0.031"><properties><property name="op" value="AddFwdOp" /><property name="op_module" value="tileops.ops.elementwise.arithmetic" /><property name="checked_outputs" value="1" /><property name="max_abs_err" value="0.00e+00" /></properties></testcase><testcase classname="tests.ops.test_binary_arith" name="test_binary_arith_edge_cases[RemainderFwdOp-&lt;lambda&gt;-&lt;lambda&gt;]" time="0.122" /><testcase classname="tests.ops.test_binary_arith" name="test_binary_arith_edge_cases[FloorDivideFwdOp-floor_divide-&lt;lambda&gt;]" time="0.123" /><testcase classname="tests.ops.test_binary_arith" name="test_binary_arith_edge_cases[PowFwdOp-&lt;lambda&gt;-&lt;lambda&gt;]" time="0.120" /><testcase classname="tests.ops.test_binary_arith" name="test_binary_arith_edge_cases[MaximumFwdOp-&lt;lambda&gt;-&lt;lambda&gt;]" time="0.121" /><testcase classname="tests.ops.test_binary_arith" name="test_max_min_optimized_large[10485760-dtype2-maximum]" time="0.120" /><testcase classname="tests.ops.test_binary_arith" name="test_max_min_optimized_large[10485760-dtype2-minimum]" time="0.121" /><testcase classname="tests.ops.test_bitwise" name="test_bitwise_and_op[16384]" time="0.131"><properties><property name="op" value="BitwiseAndFwdOp" /><property name="op_module" value="tileops.ops.elementwise.bitwise" /><property name="checked_outputs" value="1" /><property name="max_abs_err" value="0.00e+00" /></properties></testcase><testcase classname="tests.ops.test_bitwise" name="test_bitwise_or_op[16384]" time="0.129"><properties><property name="op" value="BitwiseOrFwdOp" /><property name="op_module" value="tileops.ops.elementwise.bitwise" /><property name="checked_outputs" value="1" /><property name="max_abs_err" value="0.00e+00" /></properties></testcase><testcase classname="tests.ops.test_bitwise" name="test_bitwise_xor_op[16384]" time="0.125"><properties><property name="op" value="BitwiseXorFwdOp" /><property name="op_module" value="tileops.ops.elementwise.bitwise" /><property name="checked_outputs" value="1" /><property name="max_abs_err" value="0.00e+00" /></properties></testcase><testcase classname="tests.ops.test_bitwise" name="test_bitwise_broadcast[bitwise_and-BitwiseAndFwdOp-bitwise_and-a_shape1-b_shape1]" time="0.136" /><testcase classname="tests.ops.test_bitwise" name="test_bitwise_broadcast[bitwise_and-BitwiseAndFwdOp-bitwise_and-a_shape2-b_shape2]" time="0.035" /><testcase classname="tests.ops.test_bitwise" name="test_bitwise_broadcast[bitwise_or-BitwiseOrFwdOp-bitwise_or-a_shape3-b_shape3]" time="0.135" /><testcase classname="tests.ops.test_bitwise" name="test_bitwise_broadcast[bitwise_or-BitwiseOrFwdOp-bitwise_or-a_shape4-b_shape4]" time="0.135" /><testcase classname="tests.ops.test_bitwise" name="test_bitwise_broadcast[bitwise_or-BitwiseOrFwdOp-bitwise_or-a_shape5-b_shape5]" time="0.036" /><testcase classname="tests.ops.test_bitwise" name="test_bitwise_broadcast[bitwise_xor-BitwiseXorFwdOp-bitwise_xor-a_shape6-b_shape6]" time="0.135" /><testcase classname="tests.ops.test_bitwise" name="test_bitwise_broadcast[bitwise_xor-BitwiseXorFwdOp-bitwise_xor-a_shape7-b_shape7]" time="0.135" /><testcase classname="tests.ops.test_bitwise" name="test_bitwise_broadcast[bitwise_xor-BitwiseXorFwdOp-bitwise_xor-a_shape8-b_shape8]" time="0.036" /><testcase classname="tests.ops.test_bitwise" name="test_bool_bitwise_fast_path[bitwise_and-BitwiseAndFwdOp-bitwise_and-a_shape3-b_shape3]" time="0.136" /><testcase classname="tests.ops.test_bitwise" name="test_bool_bitwise_fast_path[bitwise_or-BitwiseOrFwdOp-bitwise_or-a_shape4-b_shape4]" time="0.136" /><testcase classname="tests.ops.test_bitwise" name="test_bool_bitwise_fast_path[bitwise_xor-BitwiseXorFwdOp-bitwise_xor-a_shape5-b_shape5]" time="0.136" /><testcase classname="tests.ops.test_bitwise" name="test_bitwise_binary_rejects_float_dtype[BitwiseOrFwdOp-dtype3]" time="0.003" /><testcase classname="tests.ops.test_bitwise" name="test_bitwise_binary_rejects_float_dtype[BitwiseXorFwdOp-dtype4]" time="0.002" /><testcase classname="tests.ops.test_bmm" name="test_bmm[full-fp16-b8-512]" time="0.168"><properties><property name="op" value="BmmFwdOp" /><property name="op_module" value="tileops.ops.gemm.bmm" /><property name="checked_outputs" value="1" /><property name="max_abs_err" value="0.00e+00" /></properties></testcase><testcase classname="tests.ops.test_bmm" name="test_bmm[full-bf16-b8-512]" time="0.148"><properties><property name="op" value="BmmFwdOp" /><property name="op_module" value="tileops.ops.gemm.bmm" /><property name="checked_outputs" value="1" /><property name="max_abs_err" value="0.00e+00" /></properties></testcase><testcase classname="tests.ops.test_bmm" name="test_bmm[full-fp16-b16-256]" time="0.355"><properties><property name="op" value="BmmFwdOp" /><property name="op_module" value="tileops.ops.gemm.bmm" /><property name="checked_outputs" value="1" /><property name="max_abs_err" value="0.00e+00" /></properties></testcase><testcase classname="tests.ops.test_bmm" name="test_bmm[full-fp16-b1-1k]" time="0.072"><properties><property name="op" value="BmmFwdOp" /><property name="op_module" value="tileops.ops.gemm.bmm" /><property name="checked_outputs" value="1" /><property name="max_abs_err" value="0.00e+00" /></properties></testcase><testcase classname="tests.ops.test_bmm" name="test_bmm[full-fp16-b32-mha-qk]" time="0.072"><properties><property name="op" value="BmmFwdOp" /><property name="op_module" value="tileops.ops.gemm.bmm" /><property name="checked_outputs" value="1" /><property name="max_abs_err" value="0.00e+00" /></properties></testcase><testcase classname="tests.ops.test_bmm" name="test_bmm[full-fp16-b8-mha-pv]" time="0.073"><properties><property name="op" value="BmmFwdOp" /><property name="op_module" value="tileops.ops.gemm.bmm" /><property name="checked_outputs" value="1" /><property name="max_abs_err" value="0.00e+00" /></properties></testcase><testcase classname="tests.ops.test_bmm" name="test_bmm[full-bf16-b8-mha-pv]" time="0.073"><properties><property name="op" value="BmmFwdOp" /><property name="op_module" value="tileops.ops.gemm.bmm" /><property name="checked_outputs" value="1" /><property name="max_abs_err" value="0.00e+00" /></properties></testcase><testcase classname="tests.ops.test_bmm" name="test_bmm[full-bf16-b32-moe]" time="0.069"><properties><property name="op" value="BmmFwdOp" /><property name="op_module" value="tileops.ops.gemm.bmm" /><property name="checked_outputs" value="1" /><property name="max_abs_err" value="0.00e+00" /></properties></testcase><testcase classname="tests.ops.test_bmm" name="test_bmm[full-fp16-b4-mn-nonaligned]" time="0.071"><properties><property name="op" value="BmmFwdOp" /><property name="op_module" value="tileops.ops.gemm.bmm" /><property name="checked_outputs" value="1" /><property name="max_abs_err" value="0.00e+00" /></properties></testcase><testcase classname="tests.ops.test_bmm" name="test_bmm_fp8[full-fp8-b8-per-tensor]" time="0.190"><properties><property name="op" value="BmmFP8FwdOp" /><property name="op_module" value="tileops.ops.gemm.bmm" /><property name="checked_outputs" value="1" /><property name="max_abs_err" value="3.91e-03" /></properties></testcase><testcase classname="tests.ops.test_bmm" name="test_bmm_fp8[full-fp8-b16-mha-pv-per-tensor]" time="0.137"><properties><property name="op" value="BmmFP8FwdOp" /><property name="op_module" value="tileops.ops.gemm.bmm" /><property name="checked_outputs" value="1" /><property name="max_abs_err" value="3.12e-02" /></properties></testcase><testcase classname="tests.ops.test_comparison" name="test_comparison_broadcast[eq-EqFwdOp-eq-a_shape1-b_shape1]" time="0.148"><properties><property name="op" value="EqFwdOp" /><property name="op_module" value="tileops.ops.elementwise.comparison" /><property name="checked_outputs" value="1" /><property name="max_abs_err" value="0.00e+00" /></properties></testcase><testcase classname="tests.ops.test_comparison" name="test_comparison_broadcast[eq-EqFwdOp-eq-a_shape2-b_shape2]" time="0.035"><properties><property name="op" value="EqFwdOp" /><property name="op_module" value="tileops.ops.elementwise.comparison" /><property name="checked_outputs" value="1" /><property name="max_abs_err" value="0.00e+00" /></properties></testcase><testcase classname="tests.ops.test_comparison" name="test_comparison_broadcast[ne-NeFwdOp-ne-a_shape3-b_shape3]" time="0.147"><properties><property name="op" value="NeFwdOp" /><property name="op_module" value="tileops.ops.elementwise.comparison" /><property name="checked_outputs" value="1" /><property name="max_abs_err" value="0.00e+00" /></properties></testcase><testcase classname="tests.ops.test_comparison" name="test_comparison_broadcast[ne-NeFwdOp-ne-a_shape4-b_shape4]" time="0.140"><properties><property name="op" value="NeFwdOp" /><property name="op_module" value="tileops.ops.elementwise.comparison" /><property name="checked_outputs" value="1" /><property name="max_abs_err" value="0.00e+00" /></properties></testcase><testcase classname="tests.ops.test_comparison" name="test_comparison_broadcast[ne-NeFwdOp-ne-a_shape5-b_shape5]" time="0.035"><properties><property name="op" value="NeFwdOp" /><property name="op_module" value="tileops.ops.elementwise.comparison" /><property name="checked_outputs" value="1" /><property name="max_abs_err" value="0.00e+00" /></properties></testcase><testcase classname="tests.ops.test_comparison" name="test_comparison_broadcast[gt-GtFwdOp-gt-a_shape6-b_shape6]" time="0.147"><properties><property name="op" value="GtFwdOp" /><property name="op_module" value="tileops.ops.elementwise.comparison" /><property name="checked_outputs" value="1" /><property name="max_abs_err" value="0.00e+00" /></properties></testcase><testcase classname="tests.ops.test_comparison" name="test_comparison_broadcast[gt-GtFwdOp-gt-a_shape7-b_shape7]" time="0.140"><properties><property name="op" value="GtFwdOp" /><property name="op_module" value="tileops.ops.elementwise.comparison" /><property name="checked_outputs" value="1" /><property name="max_abs_err" value="0.00e+00" /></properties></testcase><testcase classname="tests.ops.test_comparison" name="test_comparison_broadcast[gt-GtFwdOp-gt-a_shape8-b_shape8]" time="0.037"><properties><property name="op" value="GtFwdOp" /><property name="op_module" value="tileops.ops.elementwise.comparison" /><property name="checked_outputs" value="1" /><property name="max_abs_err" value="0.00e+00" /></properties></testcase><testcase classname="tests.ops.test_comparison" name="test_comparison_broadcast[lt-LtFwdOp-lt-a_shape9-b_shape9]" time="0.146"><properties><property name="op" value="LtFwdOp" /><property name="op_module" value="tileops.ops.elementwise.comparison" /><property name="checked_outputs" value="1" /><property name="max_abs_err" value="0.00e+00" /></properties></testcase><testcase classname="tests.ops.test_comparison" name="test_comparison_broadcast[lt-LtFwdOp-lt-a_shape10-b_shape10]" time="0.140"><properties><property name="op" value="LtFwdOp" /><property name="op_module" value="tileops.ops.elementwise.comparison" /><property name="checked_outputs" value="1" /><property name="max_abs_err" value="0.00e+00" /></properties></testcase><testcase classname="tests.ops.test_comparison" name="test_comparison_broadcast[lt-LtFwdOp-lt-a_shape11-b_shape11]" time="0.035"><properties><property name="op" value="LtFwdOp" /><property name="op_module" value="tileops.ops.elementwise.comparison" /><property name="checked_outputs" value="1" /><property name="max_abs_err" value="0.00e+00" /></properties></testcase><testcase classname="tests.ops.test_comparison" name="test_comparison_broadcast[ge-GeFwdOp-ge-a_shape12-b_shape12]" time="0.145"><properties><property name="op" value="GeFwdOp" /><property name="op_module" value="tileops.ops.elementwise.comparison" /><property name="checked_outputs" value="1" /><property name="max_abs_err" value="0.00e+00" /></properties></testcase><testcase classname="tests.ops.test_comparison" name="test_comparison_broadcast[ge-GeFwdOp-ge-a_shape13-b_shape13]" time="0.141"><properties><property name="op" value="GeFwdOp" /><property name="op_module" value="tileops.ops.elementwise.comparison" /><property name="checked_outputs" value="1" /><property name="max_abs_err" value="0.00e+00" /></properties></testcase><testcase classname="tests.ops.test_comparison" name="test_comparison_broadcast[ge-GeFwdOp-ge-a_shape14-b_shape14]" time="0.035"><properties><property name="op" value="GeFwdOp" /><property name="op_module" value="tileops.ops.elementwise.comparison" /><property name="checked_outputs" value="1" /><property name="max_abs_err" value="0.00e+00" /></properties></testcase><testcase classname="tests.ops.test_comparison" name="test_comparison_broadcast[le-LeFwdOp-le-a_shape15-b_shape15]" time="0.144"><properties><property name="op" value="LeFwdOp" /><property name="op_module" value="tileops.ops.elementwise.comparison" /><property name="checked_outputs" value="1" /><property name="max_abs_err" value="0.00e+00" /></properties></testcase><testcase classname="tests.ops.test_comparison" name="test_comparison_broadcast[le-LeFwdOp-le-a_shape16-b_shape16]" time="0.140"><properties><property name="op" value="LeFwdOp" /><property name="op_module" value="tileops.ops.elementwise.comparison" /><property name="checked_outputs" value="1" /><property name="max_abs_err" value="0.00e+00" /></properties></testcase><testcase classname="tests.ops.test_comparison" name="test_comparison_broadcast[le-LeFwdOp-le-a_shape17-b_shape17]" time="0.035"><properties><property name="op" value="LeFwdOp" /><property name="op_module" value="tileops.ops.elementwise.comparison" /><property name="checked_outputs" value="1" /><property name="max_abs_err" value="0.00e+00" /></properties></testcase><testcase classname="tests.ops.test_comparison" name="test_comparison_rejects_unsupported_dtype[LtFwdOp-dtype3]" time="0.002" /><testcase classname="tests.ops.test_comparison" name="test_comparison_rejects_unsupported_dtype[GeFwdOp-dtype4]" time="0.002" /><testcase classname="tests.ops.test_comparison" name="test_comparison_rejects_unsupported_dtype[LeFwdOp-dtype5]" time="0.002" /><testcase classname="tests.ops.test_convolution" name="test_conv1d[full-convtasnet-pointwise-k1-s1-fp16]" time="0.259"><properties><property name="op" value="Conv1dFwdOp" /><property name="op_module" value="tileops.ops.convolution" /><property name="checked_outputs" value="1" /><property name="max_abs_err" value="0.00e+00" /></properties></testcase><testcase classname="tests.ops.test_convolution" name="test_conv1d[full-seanet-residual-k3-s1-fp16]" time="0.170"><properties><property name="op" value="Conv1dFwdOp" /><property name="op_module" value="tileops.ops.convolution" /><property name="checked_outputs" value="1" /><property name="max_abs_err" value="3.12e-02" /></properties></testcase><testcase classname="tests.ops.test_convolution" name="test_conv1d[full-audio-downsample-k5-s2-fp16]" time="0.126"><properties><property name="op" value="Conv1dFwdOp" /><property name="op_module" value="tileops.ops.convolution" /><property name="checked_outputs" value="1" /><property name="max_abs_err" value="0.00e+00" /></properties></testcase><testcase classname="tests.ops.test_convolution" name="test_conv1d[full-small-seanet-stem-k7-s1-fp16]" time="0.143"><properties><property name="op" value="Conv1dFwdOp" /><property name="op_module" value="tileops.ops.convolution" /><property name="checked_outputs" value="1" /><property name="max_abs_err" value="0.00e+00" /></properties></testcase><testcase classname="tests.ops.test_convolution" name="test_conv1d[full-sequence-downsample-k3-s2-bf16]" time="0.135"><properties><property name="op" value="Conv1dFwdOp" /><property name="op_module" value="tileops.ops.convolution" /><property name="checked_outputs" value="1" /><property name="max_abs_err" value="1.25e-01" /></properties></testcase><testcase classname="tests.ops.test_convolution" name="test_conv1d[full-dilation-k3-d2-fp16]" time="0.142"><properties><property name="op" value="Conv1dFwdOp" /><property name="op_module" value="tileops.ops.convolution" /><property name="checked_outputs" value="1" /><property name="max_abs_err" value="0.00e+00" /></properties></testcase><testcase classname="tests.ops.test_convolution" name="test_conv1d[full-padding-valid-fp16]" time="0.143"><properties><property name="op" value="Conv1dFwdOp" /><property name="op_module" value="tileops.ops.convolution" /><property name="checked_outputs" value="1" /><property name="max_abs_err" value="0.00e+00" /></properties></testcase><testcase classname="tests.ops.test_convolution" name="test_conv1d[full-padding-same-fp16]" time="0.144"><properties><property name="op" value="Conv1dFwdOp" /><property name="op_module" value="tileops.ops.convolution" /><property name="checked_outputs" value="1" /><property name="max_abs_err" value="0.00e+00" /></properties></testcase><testcase classname="tests.ops.test_convolution" name="test_conv1d[full-groups2-k3-fp16]" time="0.157"><properties><property name="op" value="Conv1dFwdOp" /><property name="op_module" value="tileops.ops.convolution" /><property name="checked_outputs" value="1" /><property name="max_abs_err" value="7.81e-03" /></properties></testcase><testcase classname="tests.ops.test_convolution" name="test_conv1d[full-groups3-coutg24-fp16]" time="0.149"><properties><property name="op" value="Conv1dFwdOp" /><property name="op_module" value="tileops.ops.convolution" /><property name="checked_outputs" value="1" /><property name="max_abs_err" value="7.81e-03" /></properties></testcase><testcase classname="tests.ops.test_convolution" name="test_conv1d[full-conformer-depthwise-k31-fp16]" time="0.312"><properties><property name="op" value="Conv1dFwdOp" /><property name="op_module" value="tileops.ops.convolution" /><property name="checked_outputs" value="1" /><property name="max_abs_err" value="7.81e-03" /></properties></testcase><testcase classname="tests.ops.test_convolution" name="test_conv1d_dilation_matches_torch[bias]" time="0.138" /><testcase classname="tests.ops.test_convolution" name="test_conv2d[full-stem-3x3-s2-fp16]" time="0.215"><properties><property name="op" value="Conv2dFwdOp" /><property name="op_module" value="tileops.ops.convolution" /><property name="checked_outputs" value="1" /><property name="max_abs_err" value="7.81e-03" /></properties></testcase><testcase classname="tests.ops.test_convolution" name="test_conv2d[full-resblock-3x3-s1-fp16]" time="0.174"><properties><property name="op" value="Conv2dFwdOp" /><property name="op_module" value="tileops.ops.convolution" /><property name="checked_outputs" value="1" /><property name="max_abs_err" value="0.00e+00" /></properties></testcase><testcase classname="tests.ops.test_convolution" name="test_conv2d[full-stage-transition-3x3-s2-fp16]" time="0.174"><properties><property name="op" value="Conv2dFwdOp" /><property name="op_module" value="tileops.ops.convolution" /><property name="checked_outputs" value="1" /><property name="max_abs_err" value="6.25e-02" /></properties></testcase><testcase classname="tests.ops.test_convolution" name="test_conv2d[full-small-5x5-s1-fp16]" time="0.174"><properties><property name="op" value="Conv2dFwdOp" /><property name="op_module" value="tileops.ops.convolution" /><property name="checked_outputs" value="1" /><property name="max_abs_err" value="0.00e+00" /></properties></testcase><testcase classname="tests.ops.test_convolution" name="test_conv2d[full-small-5x5-s2-fp16]" time="0.175"><properties><property name="op" value="Conv2dFwdOp" /><property name="op_module" value="tileops.ops.convolution" /><property name="checked_outputs" value="1" /><property name="max_abs_err" value="0.00e+00" /></properties></testcase><testcase classname="tests.ops.test_convolution" name="test_conv2d[full-fp16-1x1-tuned]" time="0.134"><properties><property name="op" value="Conv2dFwdOp" /><property name="op_module" value="tileops.ops.convolution" /><property name="checked_outputs" value="1" /><property name="max_abs_err" value="0.00e+00" /></properties></testcase><testcase classname="tests.ops.test_convolution" name="test_conv2d[full-fp16-stride2]" time="0.172"><properties><property name="op" value="Conv2dFwdOp" /><property name="op_module" value="tileops.ops.convolution" /><property name="checked_outputs" value="1" /><property name="max_abs_err" value="0.00e+00" /></properties></testcase><testcase classname="tests.ops.test_convolution" name="test_conv2d[full-bf16-3x3-s2]" time="0.181"><properties><property name="op" value="Conv2dFwdOp" /><property name="op_module" value="tileops.ops.convolution" /><property name="checked_outputs" value="1" /><property name="max_abs_err" value="0.00e+00" /></properties></testcase><testcase classname="tests.ops.test_convolution" name="test_conv2d[full-bf16-1x1]" time="0.098"><properties><property name="op" value="Conv2dFwdOp" /><property name="op_module" value="tileops.ops.convolution" /><property name="checked_outputs" value="1" /><property name="max_abs_err" value="0.00e+00" /></properties></testcase><testcase classname="tests.ops.test_convolution" name="test_conv2d[full-deeplab-aspp-3x3-d2-fp16]" time="0.177"><properties><property name="op" value="Conv2dFwdOp" /><property name="op_module" value="tileops.ops.convolution" /><property name="checked_outputs" value="1" /><property name="max_abs_err" value="0.00e+00" /></properties></testcase><testcase classname="tests.ops.test_convolution" name="test_conv2d[full-resnext-grouped-3x3-fp16]" time="0.161"><properties><property name="op" value="Conv2dFwdOp" /><property name="op_module" value="tileops.ops.convolution" /><property name="checked_outputs" value="1" /><property name="max_abs_err" value="7.81e-03" /></properties></testcase><testcase classname="tests.ops.test_convolution" name="test_conv3d[full-r3d-stem-k3-s1-fp16]" time="0.264"><properties><property name="op" value="Conv3dFwdOp" /><property name="op_module" value="tileops.ops.convolution" /><property name="checked_outputs" value="1" /><property name="max_abs_err" value="3.12e-02" /></properties></testcase><testcase classname="tests.ops.test_convolution" name="test_conv3d[full-video-stage-downsample-k3-s2-fp16]" time="0.259"><properties><property name="op" value="Conv3dFwdOp" /><property name="op_module" value="tileops.ops.convolution" /><property name="checked_outputs" value="1" /><property name="max_abs_err" value="1.25e-01" /></properties></testcase><testcase classname="tests.ops.test_convolution" name="test_conv3d[full-unet-encoder-k3-s1-bf16]" time="0.258"><properties><property name="op" value="Conv3dFwdOp" /><property name="op_module" value="tileops.ops.convolution" /><property name="checked_outputs" value="1" /><property name="max_abs_err" value="0.00e+00" /></properties></testcase><testcase classname="tests.ops.test_convolution" name="test_conv3d[full-3d-aspp-3x3x3-d2-fp16]" time="0.137"><properties><property name="op" value="Conv3dFwdOp" /><property name="op_module" value="tileops.ops.convolution" /><property name="checked_outputs" value="1" /><property name="max_abs_err" value="3.12e-02" /></properties></testcase><testcase classname="tests.ops.test_convolution" name="test_conv3d[full-3d-resnext-grouped-k3-fp16]" time="0.169"><properties><property name="op" value="Conv3dFwdOp" /><property name="op_module" value="tileops.ops.convolution" /><property name="checked_outputs" value="1" /><property name="max_abs_err" value="1.56e-02" /></properties></testcase><testcase classname="tests.ops.test_cumulative" name="test_cumsum_op[256-4096-dtype3]" time="0.098"><properties><property name="op" value="CumsumFwdOp" /><property name="op_module" value="tileops.ops.reduction.cumulative" /><property name="checked_outputs" value="1" /><property name="max_abs_err" value="1.25e-01" /></properties></testcase><testcase classname="tests.ops.test_cumulative" name="test_cumsum_op[256-4096-dtype4]" time="0.088"><properties><property name="op" value="CumsumFwdOp" /><property name="op_module" value="tileops.ops.reduction.cumulative" /><property name="checked_outputs" value="1" /><property name="max_abs_err" value="5.00e-01" /></properties></testcase><testcase classname="tests.ops.test_cumulative" name="test_cumsum_op[128-300-dtype5]" time="0.120"><properties><property name="op" value="CumsumFwdOp" /><property name="op_module" value="tileops.ops.reduction.cumulative" /><property name="checked_outputs" value="1" /><property name="max_abs_err" value="0.00e+00" /></properties></testcase><testcase classname="tests.ops.test_cumulative" name="test_cumsum_op[128-300-dtype6]" time="0.425"><properties><property name="op" value="CumsumFwdOp" /><property name="op_module" value="tileops.ops.reduction.cumulative" /><property name="checked_outputs" value="1" /><property name="max_abs_err" value="0.00e+00" /></properties></testcase><testcase classname="tests.ops.test_cumulative" name="test_cumsum_op[129-512-dtype7]" time="0.090"><properties><property name="op" value="CumsumFwdOp" /><property name="op_module" value="tileops.ops.reduction.cumulative" /><property name="checked_outputs" value="1" /><property name="max_abs_err" value="1.56e-02" /></properties></testcase><testcase classname="tests.ops.test_cumulative" name="test_cumprod_op[256-4096-dtype3]" time="0.097"><properties><property name="op" value="CumprodFwdOp" /><property name="op_module" value="tileops.ops.reduction.cumulative" /><property name="checked_outputs" value="1" /><property name="max_abs_err" value="4.88e-04" /></properties></testcase><testcase classname="tests.ops.test_cumulative" name="test_cumprod_op[256-4096-dtype4]" time="0.089"><properties><property name="op" value="CumprodFwdOp" /><property name="op_module" value="tileops.ops.reduction.cumulative" /><property name="checked_outputs" value="1" /><property name="max_abs_err" value="1.95e-03" /></properties></testcase><testcase classname="tests.ops.test_cumulative" name="test_cumprod_op[128-300-dtype5]" time="0.120"><properties><property name="op" value="CumprodFwdOp" /><property name="op_module" value="tileops.ops.reduction.cumulative" /><property name="checked_outputs" value="1" /><property name="max_abs_err" value="4.88e-04" /></properties></testcase><testcase classname="tests.ops.test_cumulative" name="test_cumprod_op[128-300-dtype6]" time="0.119"><properties><property name="op" value="CumprodFwdOp" /><property name="op_module" value="tileops.ops.reduction.cumulative" /><property name="checked_outputs" value="1" /><property name="max_abs_err" value="1.95e-03" /></properties></testcase><testcase classname="tests.ops.test_cumulative" name="test_cumprod_op[129-512-dtype7]" time="0.088"><properties><property name="op" value="CumprodFwdOp" /><property name="op_module" value="tileops.ops.reduction.cumulative" /><property name="checked_outputs" value="1" /><property name="max_abs_err" value="4.88e-04" /></properties></testcase><testcase classname="tests.ops.test_deltanet" name="test_deltanet_fwd[1-128-4-64-64-32-dtype3-False]" time="0.389"><properties><property name="op" value="DeltaNetChunkFwdOp" /><property name="op_module" value="tileops.ops.linear_attention.deltanet.chunk" /><property name="checked_outputs" value="1" /><property name="max_abs_err" value="1.45e-04" /></properties></testcase><testcase classname="tests.ops.test_deltanet" name="test_deltanet_fwd[1-128-4-64-64-32-dtype4-False]" time="0.316"><properties><property name="op" value="DeltaNetChunkFwdOp" /><property name="op_module" value="tileops.ops.linear_attention.deltanet.chunk" /><property name="checked_outputs" value="1" /><property name="max_abs_err" value="6.10e-05" /></properties></testcase><testcase classname="tests.ops.test_deltanet" name="test_deltanet_fwd[1-128-4-64-64-32-dtype5-False]" time="0.317"><properties><property name="op" value="DeltaNetChunkFwdOp" /><property name="op_module" value="tileops.ops.linear_attention.deltanet.chunk" /><property name="checked_outputs" value="1" /><property name="max_abs_err" value="4.88e-04" /></properties></testcase><testcase classname="tests.ops.test_deltanet" name="test_deltanet_fwd[2-8192-4-64-64-64-dtype6-False]" time="0.412"><properties><property name="op" value="DeltaNetChunkFwdOp" /><property name="op_module" value="tileops.ops.linear_attention.deltanet.chunk" /><property name="checked_outputs" value="1" /><property name="max_abs_err" value="1.22e-04" /></properties></testcase><testcase classname="tests.ops.test_deltanet" name="test_deltanet_fwd[2-16384-4-64-64-64-dtype7-False]" time="0.506"><properties><property name="op" value="DeltaNetChunkFwdOp" /><property name="op_module" value="tileops.ops.linear_attention.deltanet.chunk" /><property name="checked_outputs" value="1" /><property name="max_abs_err" value="1.22e-04" /></properties></testcase><testcase classname="tests.ops.test_deltanet" name="test_deltanet_fwd[full-bf16-tuned]" time="0.609"><properties><property name="op" value="DeltaNetChunkFwdOp" /><property name="op_module" value="tileops.ops.linear_attention.deltanet.chunk" /><property name="checked_outputs" value="1" /><property name="max_abs_err" value="4.88e-04" /></properties></testcase><testcase classname="tests.ops.test_deltanet" name="test_deltanet_bwd[1-128-4-64-64-32-dtype3-False]" time="0.775" /><testcase classname="tests.ops.test_deltanet" name="test_deltanet_bwd[1-128-4-64-64-32-dtype4-False]" time="0.690" /><testcase classname="tests.ops.test_deltanet" name="test_deltanet_bwd[1-128-4-64-64-32-dtype5-False]" time="0.694" /><testcase classname="tests.ops.test_deltanet" name="test_deltanet_bwd[full-bf16-tuned]" time="1.657" /><testcase classname="tests.ops.test_deltanet" name="test_deltanet_decode[2-8-64-64-dtype3-False]" time="0.109"><properties><property name="op" value="DeltaNetRecurrentFwdOp" /><property name="op_module" value="tileops.ops.linear_attention.deltanet.recurrent" /><property name="checked_outputs" value="2" /><property name="max_abs_err" value="5.96e-08" /></properties></testcase><testcase classname="tests.ops.test_deltanet" name="test_deltanet_decode[2-4-128-128-dtype4-False]" time="0.089"><properties><property name="op" value="DeltaNetRecurrentFwdOp" /><property name="op_module" value="tileops.ops.linear_attention.deltanet.recurrent" /><property name="checked_outputs" value="2" /><property name="max_abs_err" value="1.19e-07" /></properties></testcase><testcase classname="tests.ops.test_deltanet" name="test_deltanet_decode[2-4-128-128-dtype5-False]" time="0.095"><properties><property name="op" value="DeltaNetRecurrentFwdOp" /><property name="op_module" value="tileops.ops.linear_attention.deltanet.recurrent" /><property name="checked_outputs" value="2" /><property name="max_abs_err" value="1.19e-07" /></properties></testcase><testcase classname="tests.ops.test_deltanet" name="test_deltanet_decode[2-4-128-128-dtype6-False]" time="0.097"><properties><property name="op" value="DeltaNetRecurrentFwdOp" /><property name="op_module" value="tileops.ops.linear_attention.deltanet.recurrent" /><property name="checked_outputs" value="2" /><property name="max_abs_err" value="0.00e+00" /></properties></testcase><testcase classname="tests.ops.test_deltanet" name="test_deltanet_decode[2-8-64-64-dtype7-False]" time="0.115"><properties><property name="op" value="DeltaNetRecurrentFwdOp" /><property name="op_module" value="tileops.ops.linear_attention.deltanet.recurrent" /><property name="checked_outputs" value="2" /><property name="max_abs_err" value="9.54e-07" /></properties></testcase><testcase classname="tests.ops.test_deltanet" name="test_deltanet_decode[2-8-64-64-dtype8-False]" time="0.115"><properties><property name="op" value="DeltaNetRecurrentFwdOp" /><property name="op_module" value="tileops.ops.linear_attention.deltanet.recurrent" /><property name="checked_outputs" value="2" /><property name="max_abs_err" value="0.00e+00" /></properties></testcase><testcase classname="tests.ops.test_deltanet" name="test_deltanet_decode_multi_step[2-8-64-64-dtype3-False]" time="0.019" /><testcase classname="tests.ops.test_deltanet" name="test_deltanet_decode_multi_step[2-4-128-128-dtype4-False]" time="0.019" /><testcase classname="tests.ops.test_deltanet" name="test_deltanet_decode_multi_step[2-4-128-128-dtype5-False]" time="0.019" /><testcase classname="tests.ops.test_deltanet" name="test_deltanet_decode_multi_step[2-4-128-128-dtype6-False]" time="0.019" /><testcase classname="tests.ops.test_deltanet" name="test_deltanet_decode_multi_step[2-8-64-64-dtype7-False]" time="0.019" /><testcase classname="tests.ops.test_deltanet" name="test_deltanet_decode_multi_step[2-8-64-64-dtype8-False]" time="0.019" /><testcase classname="tests.ops.test_dropout" name="test_dropout_statistical_rate[4000000-dtype3-0.1]" time="0.054"><properties><property name="op" value="DropoutFwdOp" /><property name="op_module" value="tileops.ops.elementwise.dropout" /><property name="checked_outputs" value="1" /><property name="max_abs_err" value="1.11e+00" /></properties></testcase><testcase classname="tests.ops.test_dropout" name="test_dropout_statistical_rate[4000000-dtype4-0.3]" time="0.037"><properties><property name="op" value="DropoutFwdOp" /><property name="op_module" value="tileops.ops.elementwise.dropout" /><property name="checked_outputs" value="1" /><property name="max_abs_err" value="1.43e+00" /></properties></testcase><testcase classname="tests.ops.test_dropout" name="test_dropout_scale_factor[1000000-dtype3-0.1]" time="0.039"><properties><property name="op" value="DropoutFwdOp" /><property name="op_module" value="tileops.ops.elementwise.dropout" /><property name="checked_outputs" value="1" /><property name="max_abs_err" value="1.11e+00" /></properties></testcase><testcase classname="tests.ops.test_dropout" name="test_dropout_scale_factor[1000000-dtype4-0.3]" time="0.036"><properties><property name="op" value="DropoutFwdOp" /><property name="op_module" value="tileops.ops.elementwise.dropout" /><property name="checked_outputs" value="1" /><property name="max_abs_err" value="1.43e+00" /></properties></testcase><testcase classname="tests.ops.test_dropout" name="test_dropout_custom_config_correctness[65536-dtype2-64-16]" time="0.039"><properties><property name="op" value="DropoutFwdOp" /><property name="op_module" value="tileops.ops.elementwise.dropout" /><property name="checked_outputs" value="1" /><property name="max_abs_err" value="2.00e+00" /></properties></testcase><testcase classname="tests.ops.test_dsa_decode" name="test_dsa_decode_decode[full-fp16-tuned]" time="0.700"><properties><property name="op" value="DSADecodeWithKVCacheFwdOp" /><property name="op_module" value="tileops.ops.attention.dsa" /><property name="checked_outputs" value="1" /><property name="max_abs_err" value="2.44e-04" /></properties></testcase><testcase classname="tests.ops.test_elementwise_compile" name="test_add_compile[a_shape1-b_shape1-dtype1]" time="2.980"><properties><property name="op" value="AddFwdOp" /><property name="op_module" value="tileops.ops.elementwise.arithmetic" /><property name="checked_outputs" value="1" /><property name="max_abs_err" value="0.00e+00" /></properties></testcase><testcase classname="tests.ops.test_elementwise_compile" name="test_unary_float_compile[LogFwdOp-_positive_input-log]" time="0.223"><properties><property name="op" value="LogFwdOp" /><property name="op_module" value="tileops.ops.elementwise.math_unary" /><property name="checked_outputs" value="1" /><property name="max_abs_err" value="7.63e-06" /></properties></testcase><testcase classname="tests.ops.test_elementwise_compile" name="test_unary_float_compile[SqrtFwdOp-_positive_input-sqrt]" time="0.210"><properties><property name="op" value="SqrtFwdOp" /><property name="op_module" value="tileops.ops.elementwise.math_unary" /><property name="checked_outputs" value="1" /><property name="max_abs_err" value="0.00e+00" /></properties></testcase><testcase classname="tests.ops.test_elementwise_compile" name="test_unary_float_compile[RsqrtFwdOp-_positive_input-rsqrt]" time="0.212"><properties><property name="op" value="RsqrtFwdOp" /><property name="op_module" value="tileops.ops.elementwise.math_unary" /><property name="checked_outputs" value="1" /><property name="max_abs_err" value="0.00e+00" /></properties></testcase><testcase classname="tests.ops.test_elementwise_compile" name="test_unary_float_compile[NegFwdOp-None-neg]" time="0.215"><properties><property name="op" value="NegFwdOp" /><property name="op_module" value="tileops.ops.elementwise.math_unary" /><property name="checked_outputs" value="1" /><property name="max_abs_err" value="0.00e+00" /></properties></testcase><testcase classname="tests.ops.test_elementwise_compile" name="test_unary_float_compile[ReciprocalFwdOp-None-reciprocal]" time="0.210"><properties><property name="op" value="ReciprocalFwdOp" /><property name="op_module" value="tileops.ops.elementwise.math_unary" /><property name="checked_outputs" value="1" /><property name="max_abs_err" value="0.00e+00" /></properties></testcase><testcase classname="tests.ops.test_elementwise_compile" name="test_unary_float_compile[SinFwdOp-None-sin]" time="0.210"><properties><property name="op" value="SinFwdOp" /><property name="op_module" value="tileops.ops.elementwise.math_unary" /><property name="checked_outputs" value="1" /><property name="max_abs_err" value="0.00e+00" /></properties></testcase><testcase classname="tests.ops.test_elementwise_compile" name="test_unary_float_compile[CosFwdOp-None-cos]" time="0.210"><properties><property name="op" value="CosFwdOp" /><property name="op_module" value="tileops.ops.elementwise.math_unary" /><property name="checked_outputs" value="1" /><property name="max_abs_err" value="0.00e+00" /></properties></testcase><testcase classname="tests.ops.test_elementwise_compile" name="test_unary_float_compile[FloorFwdOp-None-floor]" time="0.206"><properties><property name="op" value="FloorFwdOp" /><property name="op_module" value="tileops.ops.elementwise.math_unary" /><property name="checked_outputs" value="1" /><property name="max_abs_err" value="0.00e+00" /></properties></testcase><testcase classname="tests.ops.test_elementwise_compile" name="test_unary_float_compile[CeilFwdOp-None-ceil]" time="0.206"><properties><property name="op" value="CeilFwdOp" /><property name="op_module" value="tileops.ops.elementwise.math_unary" /><property name="checked_outputs" value="1" /><property name="max_abs_err" value="0.00e+00" /></properties></testcase><testcase classname="tests.ops.test_elementwise_compile" name="test_unary_float_compile[RoundFwdOp-None-round]" time="0.214"><properties><property name="op" value="RoundFwdOp" /><property name="op_module" value="tileops.ops.elementwise.math_unary" /><property name="checked_outputs" value="1" /><property name="max_abs_err" value="0.00e+00" /></properties></testcase><testcase classname="tests.ops.test_elementwise_compile" name="test_unary_float_compile[TruncFwdOp-None-trunc]" time="0.207"><properties><property name="op" value="TruncFwdOp" /><property name="op_module" value="tileops.ops.elementwise.math_unary" /><property name="checked_outputs" value="1" /><property name="max_abs_err" value="0.00e+00" /></properties></testcase><testcase classname="tests.ops.test_elementwise_compile" name="test_unary_float_compile[ErfFwdOp-None-erf]" time="0.214"><properties><property name="op" value="ErfFwdOp" /><property name="op_module" value="tileops.ops.elementwise.math_unary" /><property name="checked_outputs" value="1" /><property name="max_abs_err" value="4.88e-04" /></properties></testcase><testcase classname="tests.ops.test_elementwise_compile" name="test_unary_float_compile[Log1pFwdOp-_positive_input-log1p]" time="0.209"><properties><property name="op" value="Log1pFwdOp" /><property name="op_module" value="tileops.ops.elementwise.math_unary" /><property name="checked_outputs" value="1" /><property name="max_abs_err" value="0.00e+00" /></properties></testcase><testcase classname="tests.ops.test_elementwise_compile" name="test_unary_float_compile[Expm1FwdOp-None-expm1]" time="0.213"><properties><property name="op" value="Expm1FwdOp" /><property name="op_module" value="tileops.ops.elementwise.math_unary" /><property name="checked_outputs" value="1" /><property name="max_abs_err" value="2.44e-04" /></properties></testcase><testcase classname="tests.ops.test_elementwise_compile" name="test_unary_float_compile[GeluFwdOp-None-gelu]" time="0.218"><properties><property name="op" value="GeluFwdOp" /><property name="op_module" value="tileops.ops.elementwise.activations" /><property name="checked_outputs" value="1" /><property name="max_abs_err" value="1.95e-03" /></properties></testcase><testcase classname="tests.ops.test_elementwise_compile" name="test_unary_float_compile[SiluFwdOp-None-silu]" time="0.219"><properties><property name="op" value="SiluFwdOp" /><property name="op_module" value="tileops.ops.elementwise.activations" /><property name="checked_outputs" value="1" /><property name="max_abs_err" value="1.22e-04" /></properties></testcase><testcase classname="tests.ops.test_elementwise_compile" name="test_unary_float_compile[SigmoidFwdOp-None-sigmoid]" time="0.208"><properties><property name="op" value="SigmoidFwdOp" /><property name="op_module" value="tileops.ops.elementwise.activations" /><property name="checked_outputs" value="1" /><property name="max_abs_err" value="0.00e+00" /></properties></testcase><testcase classname="tests.ops.test_elementwise_compile" name="test_unary_float_compile[TanhFwdOp-None-tanh]" time="0.213"><properties><property name="op" value="TanhFwdOp" /><property name="op_module" value="tileops.ops.elementwise.activations" /><property name="checked_outputs" value="1" /><property name="max_abs_err" value="0.00e+00" /></properties></testcase><testcase classname="tests.ops.test_elementwise_compile" name="test_unary_float_compile[HardswishFwdOp-None-hardswish]" time="0.214"><properties><property name="op" value="HardswishFwdOp" /><property name="op_module" value="tileops.ops.elementwise.activations" /><property name="checked_outputs" value="1" /><property name="max_abs_err" value="0.00e+00" /></properties></testcase><testcase classname="tests.ops.test_elementwise_compile" name="test_unary_float_compile[HardsigmoidFwdOp-None-hardsigmoid]" time="0.216"><properties><property name="op" value="HardsigmoidFwdOp" /><property name="op_module" value="tileops.ops.elementwise.activations" /><property name="checked_outputs" value="1" /><property name="max_abs_err" value="0.00e+00" /></properties></testcase><testcase classname="tests.ops.test_elementwise_compile" name="test_unary_float_compile[MishFwdOp-None-mish]" time="0.215"><properties><property name="op" value="MishFwdOp" /><property name="op_module" value="tileops.ops.elementwise.activations" /><property name="checked_outputs" value="1" /><property name="max_abs_err" value="0.00e+00" /></properties></testcase><testcase classname="tests.ops.test_elementwise_compile" name="test_unary_float_compile[SeluFwdOp-None-selu]" time="0.213"><properties><property name="op" value="SeluFwdOp" /><property name="op_module" value="tileops.ops.elementwise.activations" /><property name="checked_outputs" value="1" /><property name="max_abs_err" value="2.44e-04" /></properties></testcase><testcase classname="tests.ops.test_elementwise_compile" name="test_unary_bool_compile[IsnanFwdOp-dtype2-isnan]" time="0.207"><properties><property name="op" value="IsnanFwdOp" /><property name="op_module" value="tileops.ops.elementwise.comparison" /><property name="checked_outputs" value="1" /><property name="max_abs_err" value="0.00e+00" /></properties></testcase><testcase classname="tests.ops.test_elementwise_compile" name="test_unary_bool_compile[IsinfFwdOp-dtype3-isinf]" time="0.213"><properties><property name="op" value="IsinfFwdOp" /><property name="op_module" value="tileops.ops.elementwise.comparison" /><property name="checked_outputs" value="1" /><property name="max_abs_err" value="0.00e+00" /></properties></testcase><testcase classname="tests.ops.test_elementwise_compile" name="test_unary_bool_compile[IsfiniteFwdOp-dtype4-isfinite]" time="0.217"><properties><property name="op" value="IsfiniteFwdOp" /><property name="op_module" value="tileops.ops.elementwise.comparison" /><property name="checked_outputs" value="1" /><property name="max_abs_err" value="0.00e+00" /></properties></testcase><testcase classname="tests.ops.test_elementwise_compile" name="test_binary_arith_compile[MulFwdOp-mul]" time="0.286"><properties><property name="op" value="MulFwdOp" /><property name="op_module" value="tileops.ops.elementwise.arithmetic" /><property name="checked_outputs" value="1" /><property name="max_abs_err" value="0.00e+00" /></properties></testcase><testcase classname="tests.ops.test_elementwise_compile" name="test_binary_arith_compile[DivFwdOp-div]" time="0.676"><properties><property name="op" value="DivFwdOp" /><property name="op_module" value="tileops.ops.elementwise.arithmetic" /><property name="checked_outputs" value="1" /><property name="max_abs_err" value="0.00e+00" /></properties></testcase><testcase classname="tests.ops.test_elementwise_compile" name="test_binary_arith_compile[RemainderFwdOp-remainder]" time="0.292"><properties><property name="op" value="RemainderFwdOp" /><property name="op_module" value="tileops.ops.elementwise.arithmetic" /><property name="checked_outputs" value="1" /><property name="max_abs_err" value="0.00e+00" /></properties></testcase><testcase classname="tests.ops.test_elementwise_compile" name="test_binary_arith_compile[FloorDivideFwdOp-floor_divide]" time="0.291"><properties><property name="op" value="FloorDivideFwdOp" /><property name="op_module" value="tileops.ops.elementwise.arithmetic" /><property name="checked_outputs" value="1" /><property name="max_abs_err" value="0.00e+00" /></properties></testcase><testcase classname="tests.ops.test_elementwise_compile" name="test_binary_arith_compile[MaximumFwdOp-maximum]" time="0.283"><properties><property name="op" value="MaximumFwdOp" /><property name="op_module" value="tileops.ops.elementwise.arithmetic" /><property name="checked_outputs" value="1" /><property name="max_abs_err" value="0.00e+00" /></properties></testcase><testcase classname="tests.ops.test_elementwise_compile" name="test_binary_arith_compile[MinimumFwdOp-minimum]" time="0.279"><properties><property name="op" value="MinimumFwdOp" /><property name="op_module" value="tileops.ops.elementwise.arithmetic" /><property name="checked_outputs" value="1" /><property name="max_abs_err" value="0.00e+00" /></properties></testcase><testcase classname="tests.ops.test_elementwise_compile" name="test_comparison_compile[GtFwdOp-gt]" time="0.279"><properties><property name="op" value="GtFwdOp" /><property name="op_module" value="tileops.ops.elementwise.comparison" /><property name="checked_outputs" value="1" /><property name="max_abs_err" value="0.00e+00" /></properties></testcase><testcase classname="tests.ops.test_elementwise_compile" name="test_comparison_compile[LtFwdOp-lt]" time="0.277"><properties><property name="op" value="LtFwdOp" /><property name="op_module" value="tileops.ops.elementwise.comparison" /><property name="checked_outputs" value="1" /><property name="max_abs_err" value="0.00e+00" /></properties></testcase><testcase classname="tests.ops.test_elementwise_compile" name="test_comparison_compile[GeFwdOp-ge]" time="0.277"><properties><property name="op" value="GeFwdOp" /><property name="op_module" value="tileops.ops.elementwise.comparison" /><property name="checked_outputs" value="1" /><property name="max_abs_err" value="0.00e+00" /></properties></testcase><testcase classname="tests.ops.test_elementwise_compile" name="test_comparison_compile[LeFwdOp-le]" time="0.281"><properties><property name="op" value="LeFwdOp" /><property name="op_module" value="tileops.ops.elementwise.comparison" /><property name="checked_outputs" value="1" /><property name="max_abs_err" value="0.00e+00" /></properties></testcase><testcase classname="tests.ops.test_elementwise_compile" name="test_logical_binary_compile[LogicalOrFwdOp-logical_or]" time="0.303"><properties><property name="op" value="LogicalOrFwdOp" /><property name="op_module" value="tileops.ops.elementwise.logical" /><property name="checked_outputs" value="1" /><property name="max_abs_err" value="0.00e+00" /></properties></testcase><testcase classname="tests.ops.test_elementwise_compile" name="test_bitwise_binary_compile[BitwiseOrFwdOp-bitwise_or]" time="0.283"><properties><property name="op" value="BitwiseOrFwdOp" /><property name="op_module" value="tileops.ops.elementwise.bitwise" /><property name="checked_outputs" value="1" /><property name="max_abs_err" value="0.00e+00" /></properties></testcase><testcase classname="tests.ops.test_elementwise_compile" name="test_bitwise_binary_compile[BitwiseXorFwdOp-bitwise_xor]" time="0.284"><properties><property name="op" value="BitwiseXorFwdOp" /><property name="op_module" value="tileops.ops.elementwise.bitwise" /><property name="checked_outputs" value="1" /><property name="max_abs_err" value="0.00e+00" /></properties></testcase><testcase classname="tests.ops.test_elementwise_compile" name="test_bool_bitwise_binary_compile[BitwiseOrFwdOp-bitwise_or]" time="0.283"><properties><property name="op" value="BitwiseOrFwdOp" /><property name="op_module" value="tileops.ops.elementwise.bitwise" /><property name="checked_outputs" value="1" /><property name="max_abs_err" value="0.00e+00" /></properties></testcase><testcase classname="tests.ops.test_elementwise_compile" name="test_bool_bitwise_binary_compile[BitwiseXorFwdOp-bitwise_xor]" time="0.278"><properties><property name="op" value="BitwiseXorFwdOp" /><property name="op_module" value="tileops.ops.elementwise.bitwise" /><property name="checked_outputs" value="1" /><property name="max_abs_err" value="0.00e+00" /></properties></testcase><testcase classname="tests.ops.test_elementwise_compile" name="test_fused_gated_compile[GeluTanhAndMulFwdOp-gelu_tanh_and_mul]" time="0.188"><properties><property name="op" value="GeluTanhAndMulFwdOp" /><property name="op_module" value="tileops.ops.elementwise.activations" /><property name="checked_outputs" value="1" /><property name="max_abs_err" value="3.91e-03" /></properties></testcase><testcase classname="tests.ops.test_elementwise_compile" name="test_parametric_unary_compile[LeakyReluFwdOp-kwargs1]" time="0.214"><properties><property name="op" value="LeakyReluFwdOp" /><property name="op_module" value="tileops.ops.elementwise.activations" /><property name="checked_outputs" value="1" /><property name="max_abs_err" value="0.00e+00" /></properties></testcase><testcase classname="tests.ops.test_elementwise_compile" name="test_parametric_unary_compile[HardtanhFwdOp-kwargs2]" time="0.214"><properties><property name="op" value="HardtanhFwdOp" /><property name="op_module" value="tileops.ops.elementwise.activations" /><property name="checked_outputs" value="1" /><property name="max_abs_err" value="0.00e+00" /></properties></testcase><testcase classname="tests.ops.test_elementwise_compile" name="test_parametric_unary_compile[SoftplusFwdOp-kwargs3]" time="0.199"><properties><property name="op" value="SoftplusFwdOp" /><property name="op_module" value="tileops.ops.elementwise.activations" /><property name="checked_outputs" value="1" /><property name="max_abs_err" value="9.77e-04" /></properties></testcase><testcase classname="tests.ops.test_elementwise_compile" name="test_parametric_unary_compile[NanToNumFwdOp-kwargs4]" time="0.208"><properties><property name="op" value="NanToNumFwdOp" /><property name="op_module" value="tileops.ops.elementwise.nan_to_num" /><property name="checked_outputs" value="1" /><property name="max_abs_err" value="0.00e+00" /></properties></testcase><testcase classname="tests.ops.test_engram" name="test_engram_gate_conv_fwd[2-64-512-dtype2-False]" time="0.315"><properties><property name="op" value="EngramGateConvFwdOp" /><property name="op_module" value="tileops.ops.sequence_modeling.engram" /><property name="checked_outputs" value="6" /><property name="max_abs_err" value="2.50e-03" /></properties></testcase><testcase classname="tests.ops.test_engram" name="test_engram_gate_conv_fwd[2-16-256-dtype3-False]" time="0.293"><properties><property name="op" value="EngramGateConvFwdOp" /><property name="op_module" value="tileops.ops.sequence_modeling.engram" /><property name="checked_outputs" value="6" /><property name="max_abs_err" value="1.77e-02" /></properties></testcase><testcase classname="tests.ops.test_engram" name="test_engram_gate_conv_bwd[2-64-512-dtype2-False]" time="0.511"><properties><property name="op" value="EngramGateConvBwdOp" /><property name="op_module" value="tileops.ops.sequence_modeling.engram" /><property name="checked_outputs" value="6" /><property name="max_abs_err" value="4.54e-04" /></properties></testcase><testcase classname="tests.ops.test_engram" name="test_engram_gate_conv_bwd[2-16-256-dtype3-False]" time="0.475"><properties><property name="op" value="EngramGateConvBwdOp" /><property name="op_module" value="tileops.ops.sequence_modeling.engram" /><property name="checked_outputs" value="6" /><property name="max_abs_err" value="1.51e-03" /></properties></testcase><testcase classname="tests.ops.test_engram" name="test_engram_gate_conv_bwd[2-512-256-dtype4-False]" time="0.474"><properties><property name="op" value="EngramGateConvBwdOp" /><property name="op_module" value="tileops.ops.sequence_modeling.engram" /><property name="checked_outputs" value="6" /><property name="max_abs_err" value="1.08e-03" /></properties></testcase><testcase classname="tests.ops.test_engram" name="test_engram_decode[4-1024-512-20-4-5-dtype4-True]" time="0.411"><properties><property name="op" value="EngramDecodeFwdOp" /><property name="op_module" value="tileops.ops.sequence_modeling.engram_decode" /><property name="checked_outputs" value="2" /><property name="max_abs_err" value="3.91e-03" /></properties></testcase><testcase classname="tests.ops.test_engram" name="test_engram_decode[8-512-256-18-4-3-dtype5-False]" time="0.372"><properties><property name="op" value="EngramDecodeFwdOp" /><property name="op_module" value="tileops.ops.sequence_modeling.engram_decode" /><property name="checked_outputs" value="2" /><property name="max_abs_err" value="1.56e-02" /></properties></testcase><testcase classname="tests.ops.test_fft" name="test_fft_c2c[tiny-upper-c128]" time="0.323"><properties><property name="op" value="FFTC2CFwdOp" /><property name="op_module" value="tileops.ops.fft" /><property name="checked_outputs" value="1" /><property name="max_abs_err" value="3.97e-15" /></properties></testcase><testcase classname="tests.ops.test_fft" name="test_fft_c2c[warp8-upper-c128]" time="0.209"><properties><property name="op" value="FFTC2CFwdOp" /><property name="op_module" value="tileops.ops.fft" /><property name="checked_outputs" value="1" /><property name="max_abs_err" value="1.29e-14" /></properties></testcase><testcase classname="tests.ops.test_fft" name="test_fft_c2c[packed-16x16]" time="0.235"><properties><property name="op" value="FFTC2CFwdOp" /><property name="op_module" value="tileops.ops.fft" /><property name="checked_outputs" value="1" /><property name="max_abs_err" value="8.79e-06" /></properties></testcase><testcase classname="tests.ops.test_fft" name="test_fft_c2c[packed-8x8x8-c128]" time="0.194"><properties><property name="op" value="FFTC2CFwdOp" /><property name="op_module" value="tileops.ops.fft" /><property name="checked_outputs" value="1" /><property name="max_abs_err" value="3.28e-14" /></properties></testcase><testcase classname="tests.ops.test_fft" name="test_fft_c2c[three-pass-lower]" time="0.222"><properties><property name="op" value="FFTC2CFwdOp" /><property name="op_module" value="tileops.ops.fft" /><property name="checked_outputs" value="1" /><property name="max_abs_err" value="2.41e-05" /></properties></testcase><testcase classname="tests.ops.test_fft" name="test_fft_c2c[three-pass-radix8]" time="0.239"><properties><property name="op" value="FFTC2CFwdOp" /><property name="op_module" value="tileops.ops.fft" /><property name="checked_outputs" value="1" /><property name="max_abs_err" value="3.33e-05" /></properties></testcase><testcase classname="tests.ops.test_fft" name="test_fft_c2c[four-pass-lower]" time="0.445"><properties><property name="op" value="FFTC2CFwdOp" /><property name="op_module" value="tileops.ops.fft" /><property name="checked_outputs" value="1" /><property name="max_abs_err" value="2.56e-13" /></properties></testcase><testcase classname="tests.ops.test_fft" name="test_fft_c2c[one-cta-upper]" time="0.468"><properties><property name="op" value="FFTC2CFwdOp" /><property name="op_module" value="tileops.ops.fft" /><property name="checked_outputs" value="1" /><property name="max_abs_err" value="1.23e-04" /></properties></testcase><testcase classname="tests.ops.test_fft" name="test_fft_c2c[decomposed-dtype-boundary]" time="1.020"><properties><property name="op" value="FFTC2CFwdOp" /><property name="op_module" value="tileops.ops.fft" /><property name="checked_outputs" value="1" /><property name="max_abs_err" value="4.23e-13" /></properties></testcase><testcase classname="tests.ops.test_fft" name="test_fft_c2c[three-factor-lower]" time="1.447"><properties><property name="op" value="FFTC2CFwdOp" /><property name="op_module" value="tileops.ops.fft" /><property name="checked_outputs" value="1" /><property name="max_abs_err" value="1.40e-02" /></properties></testcase><testcase classname="tests.ops.test_fft" name="test_fft_c2c[decomposed-batch-above-grid-y-limit]" time="0.990"><properties><property name="op" value="FFTC2CFwdOp" /><property name="op_module" value="tileops.ops.fft" /><property name="checked_outputs" value="1" /><property name="max_abs_err" value="5.86e-13" /></properties></testcase><testcase classname="tests.ops.test_fp8_lightning_indexer" name="test_indexer[1-4096-32-64-8192-1-True-True]" time="0.529"><properties><property name="op" value="FP8LightningIndexerFwdOp" /><property name="op_module" value="tileops.ops.attention.fp8_lightning_indexer" /><property name="checked_outputs" value="1" /><property name="max_abs_err" value="7.17e+00" /></properties></testcase><testcase classname="tests.ops.test_fp8_lightning_indexer" name="test_indexer[1-1024-128-256-2048-1-True-False]" time="0.284"><properties><property name="op" value="FP8LightningIndexerFwdOp" /><property name="op_module" value="tileops.ops.attention.fp8_lightning_indexer" /><property name="checked_outputs" value="1" /><property name="max_abs_err" value="2.52e+01" /></properties></testcase><testcase classname="tests.ops.test_fp8_lightning_indexer" name="test_indexer[1-1024-128-256-2048-2-True-False]" time="0.283"><properties><property name="op" value="FP8LightningIndexerFwdOp" /><property name="op_module" value="tileops.ops.attention.fp8_lightning_indexer" /><property name="checked_outputs" value="1" /><property name="max_abs_err" value="2.16e+01" /></properties></testcase><testcase classname="tests.ops.test_fp8_lightning_indexer" name="test_indexer[1-1024-128-512-2048-1-True-True]" time="0.413"><properties><property name="op" value="FP8LightningIndexerFwdOp" /><property name="op_module" value="tileops.ops.attention.fp8_lightning_indexer" /><property name="checked_outputs" value="1" /><property name="max_abs_err" value="3.86e+01" /></properties></testcase><testcase classname="tests.ops.test_fp8_quant" name="test_fp8_quant_op[1-4096-1-128-dtype3-False]" time="0.120"><properties><property name="op" value="FP8QuantFwdOp" /><property name="op_module" value="tileops.ops.quantization.fp8_quant" /><property name="checked_outputs" value="2" /><property name="max_abs_err" value="9.31e-10" /></properties></testcase><testcase classname="tests.ops.test_fp8_quant" name="test_fp8_quant_op[1-16384-1-32-dtype4-False]" time="0.103"><properties><property name="op" value="FP8QuantFwdOp" /><property name="op_module" value="tileops.ops.quantization.fp8_quant" /><property name="checked_outputs" value="2" /><property name="max_abs_err" value="1.00e+00" /></properties></testcase><testcase classname="tests.ops.test_fp8_quant" name="test_fp8_quant_op[1-1024-4-64-dtype5-False]" time="0.108"><properties><property name="op" value="FP8QuantFwdOp" /><property name="op_module" value="tileops.ops.quantization.fp8_quant" /><property name="checked_outputs" value="2" /><property name="max_abs_err" value="3.20e+01" /></properties></testcase><testcase classname="tests.ops.test_fused_gated" name="test_silu_and_mul_op[2048-2048-dtype3]" time="0.038"><properties><property name="op" value="SiluAndMulFwdOp" /><property name="op_module" value="tileops.ops.elementwise.activations" /><property name="checked_outputs" value="1" /><property name="max_abs_err" value="3.91e-03" /></properties></testcase><testcase classname="tests.ops.test_fused_gated" name="test_silu_and_mul_op[2048-2048-dtype4]" time="0.033"><properties><property name="op" value="SiluAndMulFwdOp" /><property name="op_module" value="tileops.ops.elementwise.activations" /><property name="checked_outputs" value="1" /><property name="max_abs_err" value="0.00e+00" /></properties></testcase><testcase classname="tests.ops.test_fused_gated" name="test_gelu_and_mul_op[2048-2048-dtype3]" time="0.038"><properties><property name="op" value="GeluAndMulFwdOp" /><property name="op_module" value="tileops.ops.elementwise.activations" /><property name="checked_outputs" value="1" /><property name="max_abs_err" value="7.81e-03" /></properties></testcase><testcase classname="tests.ops.test_fused_gated" name="test_gelu_tanh_and_mul_op[2048-2048-dtype3]" time="0.032"><properties><property name="op" value="GeluTanhAndMulFwdOp" /><property name="op_module" value="tileops.ops.elementwise.activations" /><property name="checked_outputs" value="1" /><property name="max_abs_err" value="7.81e-03" /></properties></testcase><testcase classname="tests.ops.test_fused_gated" name="test_silu_and_mul_config_is_in_the_autotune_space[True]" time="0.035" /><testcase classname="tests.ops.test_fused_moe" name="test_fused_moe_qwen3[qwen3-small]" time="1.808" /><testcase classname="tests.ops.test_fused_moe" name="test_fused_moe_qwen3[qwen3-medium]" time="1.644" /><testcase classname="tests.ops.test_fused_moe" name="test_fused_moe_qwen3[qwen35-small]" time="1.489" /><testcase classname="tests.ops.test_fused_moe" name="test_fused_moe_qwen3[deepseek-small]" time="0.827" /><testcase classname="tests.ops.test_fused_moe" name="test_fused_moe_deterministic[qwen3-medium]" time="1.039" /><testcase classname="tests.ops.test_fused_moe" name="test_fused_moe_kimi[kimi-k2-small-bf16]" time="1.169" /><testcase classname="tests.ops.test_fused_moe" name="test_fused_moe_kimi[kimi-k2-medium-bf16]" time="0.546" /><testcase classname="tests.ops.test_fused_moe" name="test_fused_moe_vs_vllm[kimi-k2-small-bf16]" time="0.208" /><testcase classname="tests.ops.test_fused_topk" name="test_fused_topk[qwen3-small]" time="0.295"><properties><property name="op" value="FusedTopKFwdOp" /><property name="op_module" value="tileops.ops.moe.fused_topk" /><property name="checked_outputs" value="2" /><property name="max_abs_err" value="1.26e+02" /></properties></testcase><testcase classname="tests.ops.test_fused_topk" name="test_fused_topk[qwen3-medium]" time="0.258"><properties><property name="op" value="FusedTopKFwdOp" /><property name="op_module" value="tileops.ops.moe.fused_topk" /><property name="checked_outputs" value="2" /><property name="max_abs_err" value="1.26e+02" /></properties></testcase><testcase classname="tests.ops.test_fused_topk" name="test_fused_topk[qwen3-large]" time="0.259"><properties><property name="op" value="FusedTopKFwdOp" /><property name="op_module" value="tileops.ops.moe.fused_topk" /><property name="checked_outputs" value="2" /><property name="max_abs_err" value="1.27e+02" /></properties></testcase><testcase classname="tests.ops.test_fused_topk" name="test_fused_topk[qwen35-small]" time="0.258"><properties><property name="op" value="FusedTopKFwdOp" /><property name="op_module" value="tileops.ops.moe.fused_topk" /><property name="checked_outputs" value="2" /><property name="max_abs_err" value="2.54e+02" /></properties></testcase><testcase classname="tests.ops.test_fused_topk" name="test_fused_topk[qwen35-medium]" time="0.277"><properties><property name="op" value="FusedTopKFwdOp" /><property name="op_module" value="tileops.ops.moe.fused_topk" /><property name="checked_outputs" value="2" /><property name="max_abs_err" value="2.54e+02" /></properties></testcase><testcase classname="tests.ops.test_fused_topk" name="test_fused_topk[sigmoid-no-renorm]" time="0.256"><properties><property name="op" value="FusedTopKFwdOp" /><property name="op_module" value="tileops.ops.moe.fused_topk" /><property name="checked_outputs" value="2" /><property name="max_abs_err" value="2.54e+02" /></properties></testcase><testcase classname="tests.ops.test_fused_topk" name="test_fused_topk[sigmoid-renorm]" time="0.256"><properties><property name="op" value="FusedTopKFwdOp" /><property name="op_module" value="tileops.ops.moe.fused_topk" /><property name="checked_outputs" value="2" /><property name="max_abs_err" value="2.54e+02" /></properties></testcase><testcase classname="tests.ops.test_fused_topk" name="test_fused_topk[top-k-1]" time="0.256"><properties><property name="op" value="FusedTopKFwdOp" /><property name="op_module" value="tileops.ops.moe.fused_topk" /><property name="checked_outputs" value="2" /><property name="max_abs_err" value="2.98e-08" /></properties></testcase><testcase classname="tests.ops.test_gemm" name="test_gemm[full-fp16-trans-b-small-m]" time="0.082"><properties><property name="op" value="GemmFwdOp" /><property name="op_module" value="tileops.ops.gemm.gemm" /><property name="checked_outputs" value="1" /><property name="max_abs_err" value="3.12e-02" /></properties></testcase><testcase classname="tests.ops.test_gemm" name="test_gemm[full-fp16-nt-dense-ws]" time="0.292"><properties><property name="op" value="GemmFwdOp" /><property name="op_module" value="tileops.ops.gemm.gemm" /><property name="checked_outputs" value="1" /><property name="max_abs_err" value="1.25e-01" /></properties></testcase><testcase classname="tests.ops.test_gemm" name="test_gemm[full-fp16-tn-trans-a]" time="0.248"><properties><property name="op" value="GemmFwdOp" /><property name="op_module" value="tileops.ops.gemm.gemm" /><property name="checked_outputs" value="1" /><property name="max_abs_err" value="0.00e+00" /></properties></testcase><testcase classname="tests.ops.test_gemm" name="test_gemm[full-fp16-tuned-wide]" time="0.103"><properties><property name="op" value="GemmFwdOp" /><property name="op_module" value="tileops.ops.gemm.gemm" /><property name="checked_outputs" value="1" /><property name="max_abs_err" value="2.50e-01" /></properties></testcase><testcase classname="tests.ops.test_gemm" name="test_gemm[full-fp16-tuned-wide-alt]" time="0.073"><properties><property name="op" value="GemmFwdOp" /><property name="op_module" value="tileops.ops.gemm.gemm" /><property name="checked_outputs" value="1" /><property name="max_abs_err" value="1.25e-01" /></properties></testcase><testcase classname="tests.ops.test_gemm" name="test_gemm[full-fp16-thin-n]" time="0.010"><properties><property name="op" value="GemmFwdOp" /><property name="op_module" value="tileops.ops.gemm.gemm" /><property name="checked_outputs" value="1" /><property name="max_abs_err" value="7.81e-03" /></properties></testcase><testcase classname="tests.ops.test_gemm" name="test_gemm[full-fp16-tuned-thin-n]" time="0.007"><properties><property name="op" value="GemmFwdOp" /><property name="op_module" value="tileops.ops.gemm.gemm" /><property name="checked_outputs" value="1" /><property name="max_abs_err" value="2.50e-01" /></properties></testcase><testcase classname="tests.ops.test_gemm" name="test_gemm[full-fp16-tuned-thin-n-alt]" time="0.004"><properties><property name="op" value="GemmFwdOp" /><property name="op_module" value="tileops.ops.gemm.gemm" /><property name="checked_outputs" value="1" /><property name="max_abs_err" value="1.25e-01" /></properties></testcase><testcase classname="tests.ops.test_gemm" name="test_gemm[full-bf16-trans-b-small-m]" time="0.073"><properties><property name="op" value="GemmFwdOp" /><property name="op_module" value="tileops.ops.gemm.gemm" /><property name="checked_outputs" value="1" /><property name="max_abs_err" value="0.00e+00" /></properties></testcase><testcase classname="tests.ops.test_gemm" name="test_gemm[full-bf16-tuned-wide]" time="0.074"><properties><property name="op" value="GemmFwdOp" /><property name="op_module" value="tileops.ops.gemm.gemm" /><property name="checked_outputs" value="1" /><property name="max_abs_err" value="1.00e+00" /></properties></testcase><testcase classname="tests.ops.test_gemm" name="test_gemm[full-bf16-tuned-wide-alt]" time="0.072"><properties><property name="op" value="GemmFwdOp" /><property name="op_module" value="tileops.ops.gemm.gemm" /><property name="checked_outputs" value="1" /><property name="max_abs_err" value="1.00e+00" /></properties></testcase><testcase classname="tests.ops.test_gemm" name="test_gemm[full-bf16-thin-n]" time="0.004"><properties><property name="op" value="GemmFwdOp" /><property name="op_module" value="tileops.ops.gemm.gemm" /><property name="checked_outputs" value="1" /><property name="max_abs_err" value="0.00e+00" /></properties></testcase><testcase classname="tests.ops.test_gemm" name="test_gemm[full-bf16-tuned-thin-n]" time="0.004"><properties><property name="op" value="GemmFwdOp" /><property name="op_module" value="tileops.ops.gemm.gemm" /><property name="checked_outputs" value="1" /><property name="max_abs_err" value="1.00e+00" /></properties></testcase><testcase classname="tests.ops.test_gemm" name="test_gemm[full-bf16-tuned-thin-n-alt]" time="0.004"><properties><property name="op" value="GemmFwdOp" /><property name="op_module" value="tileops.ops.gemm.gemm" /><property name="checked_outputs" value="1" /><property name="max_abs_err" value="1.00e+00" /></properties></testcase><testcase classname="tests.ops.test_gemm" name="test_gemm[full-bf16-small-batch-m2]" time="0.073"><properties><property name="op" value="GemmFwdOp" /><property name="op_module" value="tileops.ops.gemm.gemm" /><property name="checked_outputs" value="1" /><property name="max_abs_err" value="1.56e-02" /></properties></testcase><testcase classname="tests.ops.test_gemm" name="test_gemm[full-fp16-small-m4-swap-ab]" time="0.140"><properties><property name="op" value="GemmFwdOp" /><property name="op_module" value="tileops.ops.gemm.gemm" /><property name="checked_outputs" value="1" /><property name="max_abs_err" value="0.00e+00" /></properties></testcase><testcase classname="tests.ops.test_gemm" name="test_gemm[full-fp16-small-m4-basic-ntail]" time="0.241"><properties><property name="op" value="GemmFwdOp" /><property name="op_module" value="tileops.ops.gemm.gemm" /><property name="checked_outputs" value="1" /><property name="max_abs_err" value="0.00e+00" /></properties></testcase><testcase classname="tests.ops.test_gemm" name="test_gemm[full-fp16-small-m8-splitk]" time="0.260"><properties><property name="op" value="GemmFwdOp" /><property name="op_module" value="tileops.ops.gemm.gemm" /><property name="checked_outputs" value="1" /><property name="max_abs_err" value="1.25e-01" /></properties></testcase><testcase classname="tests.ops.test_gemm" name="test_gemm[full-bf16-small-m4-swap-ab-ntail]" time="0.143"><properties><property name="op" value="GemmFwdOp" /><property name="op_module" value="tileops.ops.gemm.gemm" /><property name="checked_outputs" value="1" /><property name="max_abs_err" value="0.00e+00" /></properties></testcase><testcase classname="tests.ops.test_gemm" name="test_gemm[full-bf16-coop2-persistent]" time="0.749"><properties><property name="op" value="GemmFwdOp" /><property name="op_module" value="tileops.ops.gemm.gemm" /><property name="checked_outputs" value="1" /><property name="max_abs_err" value="0.00e+00" /></properties></testcase><testcase classname="tests.ops.test_gemm" name="test_gemm[full-bf16-coop2-mn-tail]" time="0.367"><properties><property name="op" value="GemmFwdOp" /><property name="op_module" value="tileops.ops.gemm.gemm" /><property name="checked_outputs" value="1" /><property name="max_abs_err" value="0.00e+00" /></properties></testcase><testcase classname="tests.ops.test_gemm" name="test_gemm[full-bf16-simple-plain]" time="0.148"><properties><property name="op" value="GemmFwdOp" /><property name="op_module" value="tileops.ops.gemm.gemm" /><property name="checked_outputs" value="1" /><property name="max_abs_err" value="0.00e+00" /></properties></testcase><testcase classname="tests.ops.test_gemm" name="test_gemm[full-bf16-simple-cluster]" time="0.147"><properties><property name="op" value="GemmFwdOp" /><property name="op_module" value="tileops.ops.gemm.gemm" /><property name="checked_outputs" value="1" /><property name="max_abs_err" value="0.00e+00" /></properties></testcase><testcase classname="tests.ops.test_gemm" name="test_gemm_fp8[full-fp8-e4m3-block128-large-m]" time="0.341"><properties><property name="op" value="GemmFP8FwdOp" /><property name="op_module" value="tileops.ops.gemm.gemm" /><property name="checked_outputs" value="1" /><property name="max_abs_err" value="3.12e-02" /></properties></testcase><testcase classname="tests.ops.test_gemm" name="test_gemm_fp8[full-fp8-e4m3-per-tensor-small-m-bias]" time="0.464"><properties><property name="op" value="GemmFP8FwdOp" /><property name="op_module" value="tileops.ops.gemm.gemm" /><property name="checked_outputs" value="1" /><property name="max_abs_err" value="3.91e-03" /></properties></testcase><testcase classname="tests.ops.test_gemm" name="test_gemm_fp8[full-fp8-e4m3-per-tensor-gemv]" time="0.306"><properties><property name="op" value="GemmFP8FwdOp" /><property name="op_module" value="tileops.ops.gemm.gemm" /><property name="checked_outputs" value="1" /><property name="max_abs_err" value="7.81e-03" /></properties></testcase><testcase classname="tests.ops.test_gemm" name="test_gemm_fp8[full-fp8-e4m3-block128-split-k]" time="0.413"><properties><property name="op" value="GemmFP8FwdOp" /><property name="op_module" value="tileops.ops.gemm.gemm" /><property name="checked_outputs" value="1" /><property name="max_abs_err" value="1.25e-01" /></properties></testcase><testcase classname="tests.ops.test_gemm" name="test_gemm_fp8[full-fp8-e4m3-per-tensor-split-k-bias]" time="0.369"><properties><property name="op" value="GemmFP8FwdOp" /><property name="op_module" value="tileops.ops.gemm.gemm" /><property name="checked_outputs" value="1" /><property name="max_abs_err" value="1.25e-01" /></properties></testcase><testcase classname="tests.ops.test_gemm" name="test_gemm_fp8[full-fp8-e4m3-block128x128-mn-tail]" time="0.370"><properties><property name="op" value="GemmFP8FwdOp" /><property name="op_module" value="tileops.ops.gemm.gemm" /><property name="checked_outputs" value="1" /><property name="max_abs_err" value="6.25e-02" /></properties></testcase><testcase classname="tests.ops.test_gemm" name="test_gemm_fp8[full-fp8-e4m3-block128x128-multi-wave]" time="0.371"><properties><property name="op" value="GemmFP8FwdOp" /><property name="op_module" value="tileops.ops.gemm.gemm" /><property name="checked_outputs" value="1" /><property name="max_abs_err" value="3.12e-02" /></properties></testcase><testcase classname="tests.ops.test_gemm" name="test_gemm_fp8[full-fp8-e4m3-block128x128-general-kernel]" time="0.467"><properties><property name="op" value="GemmFP8FwdOp" /><property name="op_module" value="tileops.ops.gemm.gemm" /><property name="checked_outputs" value="1" /><property name="max_abs_err" value="3.91e-03" /></properties></testcase><testcase classname="tests.ops.test_gemm" name="test_gemm_fp8[full-fp8-e4m3-block128x128-general-split-k]" time="0.755"><properties><property name="op" value="GemmFP8FwdOp" /><property name="op_module" value="tileops.ops.gemm.gemm" /><property name="checked_outputs" value="1" /><property name="max_abs_err" value="6.25e-02" /></properties></testcase><testcase classname="tests.ops.test_gemm" name="test_gemm_w4a16[full-w4a16-m1]" time="0.565"><properties><property name="op" value="GemmW4A16FwdOp" /><property name="op_module" value="tileops.ops.gemm.gemm" /><property name="checked_outputs" value="1" /><property name="max_abs_err" value="7.81e-03" /></properties></testcase><testcase classname="tests.ops.test_gemm" name="test_gemm_w4a16[full-w4a16-m16]" time="0.537"><properties><property name="op" value="GemmW4A16FwdOp" /><property name="op_module" value="tileops.ops.gemm.gemm" /><property name="checked_outputs" value="1" /><property name="max_abs_err" value="1.56e-02" /></properties></testcase><testcase classname="tests.ops.test_gemm" name="test_gemm_w4a16[full-w4a16-decode-short-k-n-tail]" time="0.552"><properties><property name="op" value="GemmW4A16FwdOp" /><property name="op_module" value="tileops.ops.gemm.gemm" /><property name="checked_outputs" value="1" /><property name="max_abs_err" value="1.95e-03" /></properties></testcase><testcase classname="tests.ops.test_gemm" name="test_gemm_w4a16[full-w4a16-decode-n-tail]" time="0.532"><properties><property name="op" value="GemmW4A16FwdOp" /><property name="op_module" value="tileops.ops.gemm.gemm" /><property name="checked_outputs" value="1" /><property name="max_abs_err" value="7.81e-03" /></properties></testcase><testcase classname="tests.ops.test_gemm" name="test_gemm_w4a16[full-w4a16-decode-staged-k]" time="0.587"><properties><property name="op" value="GemmW4A16FwdOp" /><property name="op_module" value="tileops.ops.gemm.gemm" /><property name="checked_outputs" value="1" /><property name="max_abs_err" value="3.12e-02" /></properties></testcase><testcase classname="tests.ops.test_gemm" name="test_gemm_w4a16[full-w4a16-small-mn-tail]" time="0.538"><properties><property name="op" value="GemmW4A16FwdOp" /><property name="op_module" value="tileops.ops.gemm.gemm" /><property name="checked_outputs" value="1" /><property name="max_abs_err" value="7.81e-03" /></properties></testcase><testcase classname="tests.ops.test_gemm" name="test_gemm_fp8_block128_default_config[decode-grid-underfills]" time="0.150" /><testcase classname="tests.ops.test_gemm" name="test_gemm_fp8_block128_default_config[tiny-m-widens-the-tile]" time="0.149" /><testcase classname="tests.ops.test_gemm" name="test_gemm_fp8_block128_default_config[long-k-shallow-ring]" time="0.149" /><testcase classname="tests.ops.test_gemm" name="test_gemv_boundary_lhs_row[1024-3000-dtype2-False]" time="0.071"><properties><property name="op" value="GemmFwdOp" /><property name="op_module" value="tileops.ops.gemm.gemm" /><property name="checked_outputs" value="1" /><property name="max_abs_err" value="6.25e-02" /></properties></testcase><testcase classname="tests.ops.test_gemm" name="test_gemv_boundary_lhs_row[3001-1024-dtype3-False]" time="0.078"><properties><property name="op" value="GemmFwdOp" /><property name="op_module" value="tileops.ops.gemm.gemm" /><property name="checked_outputs" value="1" /><property name="max_abs_err" value="1.22e-04" /></properties></testcase><testcase classname="tests.ops.test_gemm" name="test_gemv_boundary_rhs_col[1024-3000-dtype2-False]" time="0.004"><properties><property name="op" value="GemmFwdOp" /><property name="op_module" value="tileops.ops.gemm.gemm" /><property name="checked_outputs" value="1" /><property name="max_abs_err" value="6.25e-02" /></properties></testcase><testcase classname="tests.ops.test_gemm" name="test_gemv_boundary_rhs_col[3001-1024-dtype3-False]" time="0.004"><properties><property name="op" value="GemmFwdOp" /><property name="op_module" value="tileops.ops.gemm.gemm" /><property name="checked_outputs" value="1" /><property name="max_abs_err" value="1.53e-05" /></properties></testcase><testcase classname="tests.ops.test_gla" name="test_gla_fwd[1-128-4-64-64-64-dtype3-False]" time="0.418" /><testcase classname="tests.ops.test_gla" name="test_gla_fwd[1-128-4-64-64-64-dtype4-False]" time="0.301" /><testcase classname="tests.ops.test_gla" name="test_gla_fwd[1-128-4-64-64-64-dtype5-False]" time="0.655" /><testcase classname="tests.ops.test_gla" name="test_gla_fwd[2-256-4-64-64-64-dtype6-False]" time="0.303" /><testcase classname="tests.ops.test_gla" name="test_gla_bwd[1-128-4-64-64-64-dtype3-False]" time="1.007" /><testcase classname="tests.ops.test_gla" name="test_gla_bwd[1-128-4-64-64-64-dtype4-False]" time="0.906" /><testcase classname="tests.ops.test_gla" name="test_gla_bwd[1-128-4-64-64-64-dtype5-False]" time="0.903" /><testcase classname="tests.ops.test_gla" name="test_gla_decode[2-8-64-64-dtype3-False]" time="0.108"><properties><property name="op" value="GLARecurrentFwdOp" /><property name="op_module" value="tileops.ops.linear_attention.gla.recurrent" /><property name="checked_outputs" value="2" /><property name="max_abs_err" value="4.47e-08" /></properties></testcase><testcase classname="tests.ops.test_gla" name="test_gla_decode[2-4-128-128-dtype4-False]" time="0.095"><properties><property name="op" value="GLARecurrentFwdOp" /><property name="op_module" value="tileops.ops.linear_attention.gla.recurrent" /><property name="checked_outputs" value="2" /><property name="max_abs_err" value="5.96e-08" /></properties></testcase><testcase classname="tests.ops.test_gla" name="test_gla_decode[2-8-64-64-dtype5-False]" time="0.108"><properties><property name="op" value="GLARecurrentFwdOp" /><property name="op_module" value="tileops.ops.linear_attention.gla.recurrent" /><property name="checked_outputs" value="2" /><property name="max_abs_err" value="3.05e-05" /></properties></testcase><testcase classname="tests.ops.test_gla" name="test_gla_decode[2-8-64-64-dtype6-False]" time="0.113"><properties><property name="op" value="GLARecurrentFwdOp" /><property name="op_module" value="tileops.ops.linear_attention.gla.recurrent" /><property name="checked_outputs" value="2" /><property name="max_abs_err" value="9.54e-07" /></properties></testcase><testcase classname="tests.ops.test_gla" name="test_gla_decode_multi_step[2-8-64-64-dtype3-False]" time="0.018" /><testcase classname="tests.ops.test_gla" name="test_gla_decode_multi_step[2-4-128-128-dtype4-False]" time="0.018" /><testcase classname="tests.ops.test_gla" name="test_gla_decode_multi_step[2-8-64-64-dtype5-False]" time="0.018" /><testcase classname="tests.ops.test_gla" name="test_gla_decode_multi_step[2-8-64-64-dtype6-False]" time="0.018" /><testcase classname="tests.ops.test_gla" name="test_gla_decode_vs_fla[2-8-64-64-dtype3-False]" time="0.017" /><testcase classname="tests.ops.test_gla" name="test_gla_decode_vs_fla[2-4-128-128-dtype4-False]" time="0.007" /><testcase classname="tests.ops.test_gla" name="test_gla_decode_vs_fla[2-8-64-64-dtype5-False]" time="0.007" /><testcase classname="tests.ops.test_gla" name="test_gla_decode_vs_fla[2-8-64-64-dtype6-False]" time="0.007" /><testcase classname="tests.ops.test_gqa" name="test_gqa_bwd[4-2048-64-4-128-False-dtype5-False]" time="0.769"><properties><property name="op" value="GQABwdOp" /><property name="op_module" value="tileops.ops.attention.gqa.bwd" /><property name="checked_outputs" value="3" /><property name="max_abs_err" value="4.88e-04" /></properties></testcase><testcase classname="tests.ops.test_gqa" name="test_gqa_bwd[4-2048-64-4-128-False-dtype6-False]" time="0.702"><properties><property name="op" value="GQABwdOp" /><property name="op_module" value="tileops.ops.attention.gqa.bwd" /><property name="checked_outputs" value="3" /><property name="max_abs_err" value="3.91e-03" /></properties></testcase><testcase classname="tests.ops.test_gqa" name="test_gqa_bwd[16-2048-16-16-128-False-dtype7-False]" time="1.112"><properties><property name="op" value="GQABwdOp" /><property name="op_module" value="tileops.ops.attention.gqa.bwd" /><property name="checked_outputs" value="3" /><property name="max_abs_err" value="4.88e-04" /></properties></testcase><testcase classname="tests.ops.test_gqa" name="test_gqa_bwd[4-4096-16-16-128-False-dtype8-True]" time="1.119"><properties><property name="op" value="GQABwdOp" /><property name="op_module" value="tileops.ops.attention.gqa.bwd" /><property name="checked_outputs" value="3" /><property name="max_abs_err" value="1.95e-03" /></properties></testcase><testcase classname="tests.ops.test_gqa_paged" name="test_gqa_paged_decode_op[1-16-8-cache_lens3-128-128-dtype3]" time="0.449"><properties><property name="op" value="GQAPagedFwdOp" /><property name="op_module" value="tileops.ops.attention.gqa.paged" /><property name="checked_outputs" value="1" /><property name="max_abs_err" value="1.22e-04" /></properties></testcase><testcase classname="tests.ops.test_gqa_paged" name="test_gqa_paged_decode_op[2-8-4-cache_lens4-64-256-dtype4]" time="0.444"><properties><property name="op" value="GQAPagedFwdOp" /><property name="op_module" value="tileops.ops.attention.gqa.paged" /><property name="checked_outputs" value="1" /><property name="max_abs_err" value="1.22e-04" /></properties></testcase><testcase classname="tests.ops.test_gqa_paged" name="test_gqa_paged_decode_op[1-32-8-cache_lens5-128-64-dtype5]" time="0.311"><properties><property name="op" value="GQAPagedFwdOp" /><property name="op_module" value="tileops.ops.attention.gqa.paged" /><property name="checked_outputs" value="1" /><property name="max_abs_err" value="2.44e-04" /></properties></testcase><testcase classname="tests.ops.test_gqa_paged" name="test_gqa_paged_decode_op[1-16-4-cache_lens6-128-512-dtype6]" time="0.255"><properties><property name="op" value="GQAPagedFwdOp" /><property name="op_module" value="tileops.ops.attention.gqa.paged" /><property name="checked_outputs" value="1" /><property name="max_abs_err" value="6.10e-05" /></properties></testcase><testcase classname="tests.ops.test_gqa_paged" name="test_gqa_paged_decode_op[1-32-16-cache_lens7-64-128-dtype7]" time="0.437"><properties><property name="op" value="GQAPagedFwdOp" /><property name="op_module" value="tileops.ops.attention.gqa.paged" /><property name="checked_outputs" value="1" /><property name="max_abs_err" value="1.22e-04" /></properties></testcase><testcase classname="tests.ops.test_gqa_paged" name="test_gqa_paged_decode_op[4-32-8-cache_lens8-128-16-dtype8]" time="0.438"><properties><property name="op" value="GQAPagedFwdOp" /><property name="op_module" value="tileops.ops.attention.gqa.paged" /><property name="checked_outputs" value="1" /><property name="max_abs_err" value="9.77e-04" /></properties></testcase><testcase classname="tests.ops.test_gqa_varlen" name="test_gqa_varlen_fwd_op[2-seqlens_q5-seqlens_k5-8-2-64-False--1--1-dtype5-False]" time="0.813"><properties><property name="op" value="GQAVarlenFwdOp" /><property name="op_module" value="tileops.ops.attention.gqa.varlen" /><property name="checked_outputs" value="1" /><property name="max_abs_err" value="9.77e-04" /></properties></testcase><testcase classname="tests.ops.test_gqa_varlen" name="test_gqa_varlen_fwd_op[2-seqlens_q6-seqlens_k6-8-2-64-False-64-64-dtype6-False]" time="0.453"><properties><property name="op" value="GQAVarlenFwdOp" /><property name="op_module" value="tileops.ops.attention.gqa.varlen" /><property name="checked_outputs" value="1" /><property name="max_abs_err" value="9.77e-04" /></properties></testcase><testcase classname="tests.ops.test_gqa_varlen" name="test_gqa_varlen_fwd_op[2-seqlens_q7-seqlens_k7-8-2-64-True--1--1-dtype7-False]" time="0.730"><properties><property name="op" value="GQAVarlenFwdOp" /><property name="op_module" value="tileops.ops.attention.gqa.varlen" /><property name="checked_outputs" value="1" /><property name="max_abs_err" value="2.44e-04" /></properties></testcase><testcase classname="tests.ops.test_gqa_varlen" name="test_gqa_varlen_fwd_op[2-seqlens_q8-seqlens_k8-8-2-64-True-128--1-dtype8-False]" time="0.449"><properties><property name="op" value="GQAVarlenFwdOp" /><property name="op_module" value="tileops.ops.attention.gqa.varlen" /><property name="checked_outputs" value="1" /><property name="max_abs_err" value="4.88e-04" /></properties></testcase><testcase classname="tests.ops.test_gqa_varlen" name="test_gqa_varlen_fwd_op[2-seqlens_q9-seqlens_k9-8-2-64-False-64-64-dtype9-False]" time="0.008"><properties><property name="op" value="GQAVarlenFwdOp" /><property name="op_module" value="tileops.ops.attention.gqa.varlen" /><property name="checked_outputs" value="1" /><property name="max_abs_err" value="4.88e-04" /></properties></testcase><testcase classname="tests.ops.test_gqa_varlen" name="test_gqa_varlen_fwd_op[2-seqlens_q10-seqlens_k10-8-2-64-False-64-64-dtype10-False]" time="0.449"><properties><property name="op" value="GQAVarlenFwdOp" /><property name="op_module" value="tileops.ops.attention.gqa.varlen" /><property name="checked_outputs" value="1" /><property name="max_abs_err" value="3.91e-03" /></properties></testcase><testcase classname="tests.ops.test_gqa_varlen" name="test_gqa_varlen_fwd_op[2-seqlens_q11-seqlens_k11-8-8-64-True--1--1-dtype11-False]" time="0.728"><properties><property name="op" value="GQAVarlenFwdOp" /><property name="op_module" value="tileops.ops.attention.gqa.varlen" /><property name="checked_outputs" value="1" /><property name="max_abs_err" value="1.95e-03" /></properties></testcase><testcase classname="tests.ops.test_gqa_varlen" name="test_gqa_varlen_fwd_op[2-seqlens_q12-seqlens_k12-16-1-64-True--1--1-dtype12-False]" time="0.731"><properties><property name="op" value="GQAVarlenFwdOp" /><property name="op_module" value="tileops.ops.attention.gqa.varlen" /><property name="checked_outputs" value="1" /><property name="max_abs_err" value="9.77e-04" /></properties></testcase><testcase classname="tests.ops.test_gqa_varlen" name="test_gqa_varlen_fwd_op[3-seqlens_q13-seqlens_k13-8-2-64-True--1--1-dtype13-False]" time="0.731"><properties><property name="op" value="GQAVarlenFwdOp" /><property name="op_module" value="tileops.ops.attention.gqa.varlen" /><property name="checked_outputs" value="1" /><property name="max_abs_err" value="9.77e-04" /></properties></testcase><testcase classname="tests.ops.test_gqa_varlen" name="test_gqa_varlen_fwd_op[2-seqlens_q14-seqlens_k14-8-2-64-False--1-64-dtype14-False]" time="0.450"><properties><property name="op" value="GQAVarlenFwdOp" /><property name="op_module" value="tileops.ops.attention.gqa.varlen" /><property name="checked_outputs" value="1" /><property name="max_abs_err" value="4.88e-04" /></properties></testcase><testcase classname="tests.ops.test_gqa_varlen" name="test_gqa_varlen_fwd_op[2-seqlens_q15-seqlens_k15-8-2-64-True-0--1-dtype15-False]" time="0.791"><properties><property name="op" value="GQAVarlenFwdOp" /><property name="op_module" value="tileops.ops.attention.gqa.varlen" /><property name="checked_outputs" value="1" /><property name="max_abs_err" value="0.00e+00" /></properties></testcase><testcase classname="tests.ops.test_gqa_varlen" name="test_gqa_varlen_fwd_op[2-seqlens_q16-seqlens_k16-8-2-512-True--1--1-dtype16-False]" time="0.395"><properties><property name="op" value="GQAVarlenFwdOp" /><property name="op_module" value="tileops.ops.attention.gqa.varlen" /><property name="checked_outputs" value="1" /><property name="max_abs_err" value="1.56e-02" /></properties></testcase><testcase classname="tests.ops.test_gqa_varlen" name="test_gqa_varlen_fwd_op[2-seqlens_q17-seqlens_k17-8-2-512-True--1--1-dtype17-False]" time="0.393"><properties><property name="op" value="GQAVarlenFwdOp" /><property name="op_module" value="tileops.ops.attention.gqa.varlen" /><property name="checked_outputs" value="1" /><property name="max_abs_err" value="2.44e-04" /></properties></testcase><testcase classname="tests.ops.test_group_norm" name="test_group_norm_op[4-16-spatial3-4-dtype3-False]" time="0.300"><properties><property name="op" value="GroupNormFwdOp" /><property name="op_module" value="tileops.ops.norm.group_norm" /><property name="checked_outputs" value="1" /><property name="max_abs_err" value="7.15e-07" /></properties></testcase><testcase classname="tests.ops.test_group_norm" name="test_group_norm_op[4-16-spatial4-4-dtype4-False]" time="0.240"><properties><property name="op" value="GroupNormFwdOp" /><property name="op_module" value="tileops.ops.norm.group_norm" /><property name="checked_outputs" value="1" /><property name="max_abs_err" value="0.00e+00" /></properties></testcase><testcase classname="tests.ops.test_group_norm" name="test_group_norm_op[4-16-spatial5-4-dtype5-False]" time="0.240"><properties><property name="op" value="GroupNormFwdOp" /><property name="op_module" value="tileops.ops.norm.group_norm" /><property name="checked_outputs" value="1" /><property name="max_abs_err" value="0.00e+00" /></properties></testcase><testcase classname="tests.ops.test_group_norm" name="test_group_norm_op[2-32-spatial6-1-dtype6-False]" time="0.240"><properties><property name="op" value="GroupNormFwdOp" /><property name="op_module" value="tileops.ops.norm.group_norm" /><property name="checked_outputs" value="1" /><property name="max_abs_err" value="0.00e+00" /></properties></testcase><testcase classname="tests.ops.test_group_norm" name="test_group_norm_op[2-32-spatial7-32-dtype7-False]" time="0.240"><properties><property name="op" value="GroupNormFwdOp" /><property name="op_module" value="tileops.ops.norm.group_norm" /><property name="checked_outputs" value="1" /><property name="max_abs_err" value="0.00e+00" /></properties></testcase><testcase classname="tests.ops.test_group_norm" name="test_group_norm_op[2-32-spatial8-16-dtype8-False]" time="0.241"><properties><property name="op" value="GroupNormFwdOp" /><property name="op_module" value="tileops.ops.norm.group_norm" /><property name="checked_outputs" value="1" /><property name="max_abs_err" value="0.00e+00" /></properties></testcase><testcase classname="tests.ops.test_group_norm" name="test_group_norm_op[2-32-spatial9-8-dtype9-False]" time="0.241"><properties><property name="op" value="GroupNormFwdOp" /><property name="op_module" value="tileops.ops.norm.group_norm" /><property name="checked_outputs" value="1" /><property name="max_abs_err" value="0.00e+00" /></properties></testcase><testcase classname="tests.ops.test_group_norm" name="test_group_norm_op[2-16-spatial10-4-dtype10-False]" time="0.241"><properties><property name="op" value="GroupNormFwdOp" /><property name="op_module" value="tileops.ops.norm.group_norm" /><property name="checked_outputs" value="1" /><property name="max_abs_err" value="1.91e-06" /></properties></testcase><testcase classname="tests.ops.test_group_norm" name="test_group_norm_op[2-30-spatial11-5-dtype11-False]" time="0.241"><properties><property name="op" value="GroupNormFwdOp" /><property name="op_module" value="tileops.ops.norm.group_norm" /><property name="checked_outputs" value="1" /><property name="max_abs_err" value="0.00e+00" /></properties></testcase><testcase classname="tests.ops.test_group_norm" name="test_group_norm_op[2-32-spatial12-8-dtype12-False]" time="0.242"><properties><property name="op" value="GroupNormFwdOp" /><property name="op_module" value="tileops.ops.norm.group_norm" /><property name="checked_outputs" value="1" /><property name="max_abs_err" value="4.77e-07" /></properties></testcase><testcase classname="tests.ops.test_group_norm" name="test_group_norm_op[2-32-spatial13-8-dtype13-False]" time="0.242"><properties><property name="op" value="GroupNormFwdOp" /><property name="op_module" value="tileops.ops.norm.group_norm" /><property name="checked_outputs" value="1" /><property name="max_abs_err" value="0.00e+00" /></properties></testcase><testcase classname="tests.ops.test_group_norm" name="test_group_norm_no_affine_op[4-16-spatial3-4-dtype3]" time="0.183"><properties><property name="op" value="GroupNormFwdOp" /><property name="op_module" value="tileops.ops.norm.group_norm" /><property name="checked_outputs" value="1" /><property name="max_abs_err" value="1.95e-03" /></properties></testcase><testcase classname="tests.ops.test_group_norm" name="test_group_norm_no_affine_op[2-32-spatial4-8-dtype4]" time="0.184"><properties><property name="op" value="GroupNormFwdOp" /><property name="op_module" value="tileops.ops.norm.group_norm" /><property name="checked_outputs" value="1" /><property name="max_abs_err" value="1.22e-04" /></properties></testcase><testcase classname="tests.ops.test_group_norm" name="test_group_norm_no_affine_op[2-32-spatial5-8-dtype5]" time="0.004"><properties><property name="op" value="GroupNormFwdOp" /><property name="op_module" value="tileops.ops.norm.group_norm" /><property name="checked_outputs" value="1" /><property name="max_abs_err" value="1.95e-03" /></properties></testcase><testcase classname="tests.ops.test_group_norm" name="test_group_norm_no_affine_op[2-16-spatial6-4-dtype6]" time="0.184"><properties><property name="op" value="GroupNormFwdOp" /><property name="op_module" value="tileops.ops.norm.group_norm" /><property name="checked_outputs" value="1" /><property name="max_abs_err" value="0.00e+00" /></properties></testcase><testcase classname="tests.ops.test_grouped_gemm" name="test_grouped_gemm[16384-4-4864-4096-dtype3-False-False-False]" time="0.380"><properties><property name="op" value="GroupedGemmFwdOp" /><property name="op_module" value="tileops.ops.gemm.grouped_gemm" /><property name="checked_outputs" value="1" /><property name="max_abs_err" value="0.00e+00" /></properties></testcase><testcase classname="tests.ops.test_grouped_gemm" name="test_grouped_gemm[16384-4-4864-4096-dtype4-True-False-False]" time="0.349"><properties><property name="op" value="GroupedGemmFwdOp" /><property name="op_module" value="tileops.ops.gemm.grouped_gemm" /><property name="checked_outputs" value="1" /><property name="max_abs_err" value="0.00e+00" /></properties></testcase><testcase classname="tests.ops.test_grouped_gemm" name="test_grouped_gemm[16384-4-4864-4096-dtype5-True-True-False]" time="0.349"><properties><property name="op" value="GroupedGemmFwdOp" /><property name="op_module" value="tileops.ops.gemm.grouped_gemm" /><property name="checked_outputs" value="1" /><property name="max_abs_err" value="0.00e+00" /></properties></testcase><testcase classname="tests.ops.test_instance_norm" name="test_instance_norm_op[4-8-spatial3-dtype3-False]" time="0.313"><properties><property name="op" value="InstanceNormFwdOp" /><property name="op_module" value="tileops.ops.norm.instance_norm" /><property name="checked_outputs" value="1" /><property name="max_abs_err" value="1.91e-06" /></properties></testcase><testcase classname="tests.ops.test_instance_norm" name="test_instance_norm_op[4-8-spatial4-dtype4-False]" time="0.243"><properties><property name="op" value="InstanceNormFwdOp" /><property name="op_module" value="tileops.ops.norm.instance_norm" /><property name="checked_outputs" value="1" /><property name="max_abs_err" value="0.00e+00" /></properties></testcase><testcase classname="tests.ops.test_instance_norm" name="test_instance_norm_op[4-8-spatial5-dtype5-False]" time="0.243"><properties><property name="op" value="InstanceNormFwdOp" /><property name="op_module" value="tileops.ops.norm.instance_norm" /><property name="checked_outputs" value="1" /><property name="max_abs_err" value="0.00e+00" /></properties></testcase><testcase classname="tests.ops.test_instance_norm" name="test_instance_norm_op[2-16-spatial6-dtype6-False]" time="0.243"><properties><property name="op" value="InstanceNormFwdOp" /><property name="op_module" value="tileops.ops.norm.instance_norm" /><property name="checked_outputs" value="1" /><property name="max_abs_err" value="4.77e-07" /></properties></testcase><testcase classname="tests.ops.test_instance_norm" name="test_instance_norm_op[2-8-spatial7-dtype7-False]" time="0.243"><properties><property name="op" value="InstanceNormFwdOp" /><property name="op_module" value="tileops.ops.norm.instance_norm" /><property name="checked_outputs" value="1" /><property name="max_abs_err" value="0.00e+00" /></properties></testcase><testcase classname="tests.ops.test_instance_norm" name="test_instance_norm_affine_free_op[4-8-spatial3-dtype3-False]" time="0.185" /><testcase classname="tests.ops.test_instance_norm" name="test_instance_norm_affine_free_op[4-8-spatial4-dtype4-False]" time="0.184" /><testcase classname="tests.ops.test_instance_norm" name="test_instance_norm_affine_free_op[4-8-spatial5-dtype5-False]" time="0.183" /><testcase classname="tests.ops.test_instance_norm" name="test_instance_norm_affine_free_op[2-16-spatial6-dtype6-False]" time="0.004" /><testcase classname="tests.ops.test_instance_norm" name="test_instance_norm_affine_free_op[2-8-spatial7-dtype7-False]" time="0.004" /><testcase classname="tests.ops.test_instance_norm" name="test_instance_norm_affine_free_running_stats[4-8-spatial3-dtype3-False]" time="0.173" /><testcase classname="tests.ops.test_instance_norm" name="test_instance_norm_affine_free_running_stats[4-8-spatial4-dtype4-False]" time="0.488" /><testcase classname="tests.ops.test_instance_norm" name="test_instance_norm_affine_free_running_stats[4-8-spatial5-dtype5-False]" time="0.121" /><testcase classname="tests.ops.test_instance_norm" name="test_instance_norm_affine_free_running_stats[2-16-spatial6-dtype6-False]" time="0.121" /><testcase classname="tests.ops.test_instance_norm" name="test_instance_norm_affine_free_running_stats[2-8-spatial7-dtype7-False]" time="0.121" /><testcase classname="tests.ops.test_int8_dequant" name="test_int8_dequant_op[INT8DequantPerTensorFwdOp-2051-1025-out_dtype12]" time="0.139"><properties><property name="op" value="INT8DequantPerTensorFwdOp" /><property name="op_module" value="tileops.ops.quantization.int8_dequant" /><property name="checked_outputs" value="1" /><property name="max_abs_err" value="0.00e+00" /></properties></testcase><testcase classname="tests.ops.test_int8_dequant" name="test_int8_dequant_op[INT8DequantPerBlockFwdOp-4100-129-out_dtype13]" time="0.246"><properties><property name="op" value="INT8DequantPerBlockFwdOp" /><property name="op_module" value="tileops.ops.quantization.int8_dequant" /><property name="checked_outputs" value="1" /><property name="max_abs_err" value="0.00e+00" /></properties></testcase><testcase classname="tests.ops.test_layer_norm" name="test_layer_norm_op[4096-4096-dtype3-False]" time="0.298"><properties><property name="op" value="LayerNormFwdOp" /><property name="op_module" value="tileops.ops.norm.layer_norm" /><property name="checked_outputs" value="1" /><property name="max_abs_err" value="1.91e-06" /></properties></testcase><testcase classname="tests.ops.test_layer_norm" name="test_layer_norm_op[8192-8192-dtype4-False]" time="0.709"><properties><property name="op" value="LayerNormFwdOp" /><property name="op_module" value="tileops.ops.norm.layer_norm" /><property name="checked_outputs" value="1" /><property name="max_abs_err" value="2.86e-06" /></properties></testcase><testcase classname="tests.ops.test_layer_norm" name="test_layer_norm_op[4096-4096-dtype5-False]" time="0.274"><properties><property name="op" value="LayerNormFwdOp" /><property name="op_module" value="tileops.ops.norm.layer_norm" /><property name="checked_outputs" value="1" /><property name="max_abs_err" value="3.91e-03" /></properties></testcase><testcase classname="tests.ops.test_layer_norm" name="test_layer_norm_op[8192-8192-dtype6-False]" time="0.281"><properties><property name="op" value="LayerNormFwdOp" /><property name="op_module" value="tileops.ops.norm.layer_norm" /><property name="checked_outputs" value="1" /><property name="max_abs_err" value="3.91e-03" /></properties></testcase><testcase classname="tests.ops.test_layer_norm" name="test_layer_norm_op[4096-4096-dtype7-False]" time="0.269"><properties><property name="op" value="LayerNormFwdOp" /><property name="op_module" value="tileops.ops.norm.layer_norm" /><property name="checked_outputs" value="1" /><property name="max_abs_err" value="3.12e-02" /></properties></testcase><testcase classname="tests.ops.test_layer_norm" name="test_layer_norm_op[8192-8192-dtype8-False]" time="0.278"><properties><property name="op" value="LayerNormFwdOp" /><property name="op_module" value="tileops.ops.norm.layer_norm" /><property name="checked_outputs" value="1" /><property name="max_abs_err" value="3.12e-02" /></properties></testcase><testcase classname="tests.ops.test_layer_norm" name="test_layer_norm_op[1024-3000-dtype9-False]" time="0.263"><properties><property name="op" value="LayerNormFwdOp" /><property name="op_module" value="tileops.ops.norm.layer_norm" /><property name="checked_outputs" value="1" /><property name="max_abs_err" value="1.91e-06" /></properties></testcase><testcase classname="tests.ops.test_layer_norm" name="test_layer_norm_op[1024-3000-dtype10-False]" time="0.266"><properties><property name="op" value="LayerNormFwdOp" /><property name="op_module" value="tileops.ops.norm.layer_norm" /><property name="checked_outputs" value="1" /><property name="max_abs_err" value="3.91e-03" /></properties></testcase><testcase classname="tests.ops.test_layer_norm" name="test_layer_norm_op[1024-3000-dtype11-False]" time="0.263"><properties><property name="op" value="LayerNormFwdOp" /><property name="op_module" value="tileops.ops.norm.layer_norm" /><property name="checked_outputs" value="1" /><property name="max_abs_err" value="1.56e-02" /></properties></testcase><testcase classname="tests.ops.test_layer_norm" name="test_layer_norm_op[2048-5120-dtype12-False]" time="0.264"><properties><property name="op" value="LayerNormFwdOp" /><property name="op_module" value="tileops.ops.norm.layer_norm" /><property name="checked_outputs" value="1" /><property name="max_abs_err" value="1.91e-06" /></properties></testcase><testcase classname="tests.ops.test_layer_norm" name="test_layer_norm_op[2048-5120-dtype13-False]" time="0.268"><properties><property name="op" value="LayerNormFwdOp" /><property name="op_module" value="tileops.ops.norm.layer_norm" /><property name="checked_outputs" value="1" /><property name="max_abs_err" value="3.91e-03" /></properties></testcase><testcase classname="tests.ops.test_layer_norm" name="test_layer_norm_op[2048-5120-dtype14-False]" time="0.268"><properties><property name="op" value="LayerNormFwdOp" /><property name="op_module" value="tileops.ops.norm.layer_norm" /><property name="checked_outputs" value="1" /><property name="max_abs_err" value="1.56e-02" /></properties></testcase><testcase classname="tests.ops.test_layer_norm" name="test_layer_norm_op[1025-4096-dtype15-False]" time="0.266"><properties><property name="op" value="LayerNormFwdOp" /><property name="op_module" value="tileops.ops.norm.layer_norm" /><property name="checked_outputs" value="1" /><property name="max_abs_err" value="3.91e-03" /></properties></testcase><testcase classname="tests.ops.test_layer_norm" name="test_layer_norm_op[1025-4096-dtype16-False]" time="0.268"><properties><property name="op" value="LayerNormFwdOp" /><property name="op_module" value="tileops.ops.norm.layer_norm" /><property name="checked_outputs" value="1" /><property name="max_abs_err" value="1.56e-02" /></properties></testcase><testcase classname="tests.ops.test_layer_norm" name="test_layer_norm_large_offset[1024-4096-dtype3]" time="0.268"><properties><property name="op" value="LayerNormFwdOp" /><property name="op_module" value="tileops.ops.norm.layer_norm" /><property name="checked_outputs" value="1" /><property name="max_abs_err" value="5.61e-02" /></properties></testcase><testcase classname="tests.ops.test_layer_norm" name="test_fused_add_layer_norm_op[4096-4096-dtype3-False]" time="0.204"><properties><property name="op" value="FusedAddLayerNormFwdOp" /><property name="op_module" value="tileops.ops.norm.fused_add_layer_norm" /><property name="checked_outputs" value="2" /><property name="max_abs_err" value="1.91e-06" /></properties></testcase><testcase classname="tests.ops.test_layer_norm" name="test_fused_add_layer_norm_op[4096-4096-dtype4-False]" time="0.197"><properties><property name="op" value="FusedAddLayerNormFwdOp" /><property name="op_module" value="tileops.ops.norm.fused_add_layer_norm" /><property name="checked_outputs" value="2" /><property name="max_abs_err" value="7.81e-03" /></properties></testcase><testcase classname="tests.ops.test_layer_norm" name="test_fused_add_layer_norm_op[4096-4096-dtype5-False]" time="0.195"><properties><property name="op" value="FusedAddLayerNormFwdOp" /><property name="op_module" value="tileops.ops.norm.fused_add_layer_norm" /><property name="checked_outputs" value="2" /><property name="max_abs_err" value="6.25e-02" /></properties></testcase><testcase classname="tests.ops.test_layer_norm" name="test_fused_add_layer_norm_op[1024-3000-dtype6-False]" time="0.190"><properties><property name="op" value="FusedAddLayerNormFwdOp" /><property name="op_module" value="tileops.ops.norm.fused_add_layer_norm" /><property name="checked_outputs" value="2" /><property name="max_abs_err" value="1.91e-06" /></properties></testcase><testcase classname="tests.ops.test_layer_norm" name="test_fused_add_layer_norm_op[1024-3000-dtype7-False]" time="0.189"><properties><property name="op" value="FusedAddLayerNormFwdOp" /><property name="op_module" value="tileops.ops.norm.fused_add_layer_norm" /><property name="checked_outputs" value="2" /><property name="max_abs_err" value="7.81e-03" /></properties></testcase><testcase classname="tests.ops.test_layer_norm" name="test_fused_add_layer_norm_op[1024-3000-dtype8-False]" time="0.189"><properties><property name="op" value="FusedAddLayerNormFwdOp" /><property name="op_module" value="tileops.ops.norm.fused_add_layer_norm" /><property name="checked_outputs" value="2" /><property name="max_abs_err" value="6.25e-02" /></properties></testcase><testcase classname="tests.ops.test_layer_norm" name="test_fused_add_layer_norm_op[1025-4096-dtype9-False]" time="0.189"><properties><property name="op" value="FusedAddLayerNormFwdOp" /><property name="op_module" value="tileops.ops.norm.fused_add_layer_norm" /><property name="checked_outputs" value="2" /><property name="max_abs_err" value="7.81e-03" /></properties></testcase><testcase classname="tests.ops.test_layer_norm" name="test_fused_add_layer_norm_op[1025-4096-dtype10-False]" time="0.190"><properties><property name="op" value="FusedAddLayerNormFwdOp" /><property name="op_module" value="tileops.ops.norm.fused_add_layer_norm" /><property name="checked_outputs" value="2" /><property name="max_abs_err" value="6.25e-02" /></properties></testcase><testcase classname="tests.ops.test_logical" name="test_logical_broadcast[logical_and-LogicalAndFwdOp-logical_and-a_shape1-b_shape1]" time="0.143"><properties><property name="op" value="LogicalAndFwdOp" /><property name="op_module" value="tileops.ops.elementwise.logical" /><property name="checked_outputs" value="1" /><property name="max_abs_err" value="0.00e+00" /></properties></testcase><testcase classname="tests.ops.test_logical" name="test_logical_broadcast[logical_and-LogicalAndFwdOp-logical_and-a_shape2-b_shape2]" time="0.035"><properties><property name="op" value="LogicalAndFwdOp" /><property name="op_module" value="tileops.ops.elementwise.logical" /><property name="checked_outputs" value="1" /><property name="max_abs_err" value="0.00e+00" /></properties></testcase><testcase classname="tests.ops.test_logical" name="test_logical_broadcast[logical_or-LogicalOrFwdOp-logical_or-a_shape3-b_shape3]" time="0.139"><properties><property name="op" value="LogicalOrFwdOp" /><property name="op_module" value="tileops.ops.elementwise.logical" /><property name="checked_outputs" value="1" /><property name="max_abs_err" value="0.00e+00" /></properties></testcase><testcase classname="tests.ops.test_logical" name="test_logical_broadcast[logical_or-LogicalOrFwdOp-logical_or-a_shape4-b_shape4]" time="0.139"><properties><property name="op" value="LogicalOrFwdOp" /><property name="op_module" value="tileops.ops.elementwise.logical" /><property name="checked_outputs" value="1" /><property name="max_abs_err" value="0.00e+00" /></properties></testcase><testcase classname="tests.ops.test_logical" name="test_logical_broadcast[logical_or-LogicalOrFwdOp-logical_or-a_shape5-b_shape5]" time="0.037"><properties><property name="op" value="LogicalOrFwdOp" /><property name="op_module" value="tileops.ops.elementwise.logical" /><property name="checked_outputs" value="1" /><property name="max_abs_err" value="0.00e+00" /></properties></testcase><testcase classname="tests.ops.test_logical_reduce" name="test_any_op[256-4096-dtype8]" time="0.144"><properties><property name="op" value="AnyFwdOp" /><property name="op_module" value="tileops.ops.reduction.logical_reduce" /><property name="checked_outputs" value="1" /><property name="max_abs_err" value="0.00e+00" /></properties></testcase><testcase classname="tests.ops.test_logical_reduce" name="test_any_op[256-4096-dtype9]" time="0.133"><properties><property name="op" value="AnyFwdOp" /><property name="op_module" value="tileops.ops.reduction.logical_reduce" /><property name="checked_outputs" value="1" /><property name="max_abs_err" value="0.00e+00" /></properties></testcase><testcase classname="tests.ops.test_logical_reduce" name="test_any_op[128-300-dtype10]" time="0.133"><properties><property name="op" value="AnyFwdOp" /><property name="op_module" value="tileops.ops.reduction.logical_reduce" /><property name="checked_outputs" value="1" /><property name="max_abs_err" value="0.00e+00" /></properties></testcase><testcase classname="tests.ops.test_logical_reduce" name="test_any_op[128-300-dtype11]" time="0.134"><properties><property name="op" value="AnyFwdOp" /><property name="op_module" value="tileops.ops.reduction.logical_reduce" /><property name="checked_outputs" value="1" /><property name="max_abs_err" value="0.00e+00" /></properties></testcase><testcase classname="tests.ops.test_logical_reduce" name="test_any_op[128-300-dtype12]" time="0.137"><properties><property name="op" value="AnyFwdOp" /><property name="op_module" value="tileops.ops.reduction.logical_reduce" /><property name="checked_outputs" value="1" /><property name="max_abs_err" value="0.00e+00" /></properties></testcase><testcase classname="tests.ops.test_logical_reduce" name="test_any_op[128-300-dtype13]" time="0.139"><properties><property name="op" value="AnyFwdOp" /><property name="op_module" value="tileops.ops.reduction.logical_reduce" /><property name="checked_outputs" value="1" /><property name="max_abs_err" value="0.00e+00" /></properties></testcase><testcase classname="tests.ops.test_logical_reduce" name="test_any_op[129-512-dtype14]" time="0.519"><properties><property name="op" value="AnyFwdOp" /><property name="op_module" value="tileops.ops.reduction.logical_reduce" /><property name="checked_outputs" value="1" /><property name="max_abs_err" value="0.00e+00" /></properties></testcase><testcase classname="tests.ops.test_logical_reduce" name="test_any_dim[shape2-1-dtype2]" time="0.133" /><testcase classname="tests.ops.test_logical_reduce" name="test_any_dim[shape3-0-dtype3]" time="0.133" /><testcase classname="tests.ops.test_logical_reduce" name="test_any_dim[shape4--2-dtype4]" time="0.004" /><testcase classname="tests.ops.test_logical_reduce" name="test_any_keepdim[shape1-0-dtype1]" time="0.140" /><testcase classname="tests.ops.test_logical_reduce" name="test_any_keepdim[shape2-1-dtype2]" time="0.003" /><testcase classname="tests.ops.test_logical_reduce" name="test_all_op[256-4096-dtype8]" time="0.142"><properties><property name="op" value="AllFwdOp" /><property name="op_module" value="tileops.ops.reduction.logical_reduce" /><property name="checked_outputs" value="1" /><property name="max_abs_err" value="0.00e+00" /></properties></testcase><testcase classname="tests.ops.test_logical_reduce" name="test_all_op[256-4096-dtype9]" time="0.134"><properties><property name="op" value="AllFwdOp" /><property name="op_module" value="tileops.ops.reduction.logical_reduce" /><property name="checked_outputs" value="1" /><property name="max_abs_err" value="0.00e+00" /></properties></testcase><testcase classname="tests.ops.test_logical_reduce" name="test_all_op[128-300-dtype10]" time="0.132"><properties><property name="op" value="AllFwdOp" /><property name="op_module" value="tileops.ops.reduction.logical_reduce" /><property name="checked_outputs" value="1" /><property name="max_abs_err" value="0.00e+00" /></properties></testcase><testcase classname="tests.ops.test_logical_reduce" name="test_all_op[128-300-dtype11]" time="0.133"><properties><property name="op" value="AllFwdOp" /><property name="op_module" value="tileops.ops.reduction.logical_reduce" /><property name="checked_outputs" value="1" /><property name="max_abs_err" value="0.00e+00" /></properties></testcase><testcase classname="tests.ops.test_logical_reduce" name="test_all_op[128-300-dtype12]" time="0.132"><properties><property name="op" value="AllFwdOp" /><property name="op_module" value="tileops.ops.reduction.logical_reduce" /><property name="checked_outputs" value="1" /><property name="max_abs_err" value="0.00e+00" /></properties></testcase><testcase classname="tests.ops.test_logical_reduce" name="test_all_op[128-300-dtype13]" time="0.134"><properties><property name="op" value="AllFwdOp" /><property name="op_module" value="tileops.ops.reduction.logical_reduce" /><property name="checked_outputs" value="1" /><property name="max_abs_err" value="0.00e+00" /></properties></testcase><testcase classname="tests.ops.test_logical_reduce" name="test_all_op[129-512-dtype14]" time="0.131"><properties><property name="op" value="AllFwdOp" /><property name="op_module" value="tileops.ops.reduction.logical_reduce" /><property name="checked_outputs" value="1" /><property name="max_abs_err" value="0.00e+00" /></properties></testcase><testcase classname="tests.ops.test_logical_reduce" name="test_all_dim[shape2-1-dtype2]" time="0.133" /><testcase classname="tests.ops.test_logical_reduce" name="test_all_dim[shape3-0-dtype3]" time="0.132" /><testcase classname="tests.ops.test_logical_reduce" name="test_all_dim[shape4--2-dtype4]" time="0.003" /><testcase classname="tests.ops.test_logical_reduce" name="test_all_keepdim[shape1-0-dtype1]" time="0.142" /><testcase classname="tests.ops.test_logical_reduce" name="test_all_keepdim[shape2-1-dtype2]" time="0.003" /><testcase classname="tests.ops.test_logical_reduce" name="test_count_nonzero_op[256-4096-dtype8]" time="0.140"><properties><property name="op" value="CountNonzeroFwdOp" /><property name="op_module" value="tileops.ops.reduction.logical_reduce" /><property name="checked_outputs" value="1" /><property name="max_abs_err" value="0.00e+00" /></properties></testcase><testcase classname="tests.ops.test_logical_reduce" name="test_count_nonzero_op[256-4096-dtype9]" time="0.132"><properties><property name="op" value="CountNonzeroFwdOp" /><property name="op_module" value="tileops.ops.reduction.logical_reduce" /><property name="checked_outputs" value="1" /><property name="max_abs_err" value="0.00e+00" /></properties></testcase><testcase classname="tests.ops.test_logical_reduce" name="test_count_nonzero_op[128-300-dtype10]" time="0.132"><properties><property name="op" value="CountNonzeroFwdOp" /><property name="op_module" value="tileops.ops.reduction.logical_reduce" /><property name="checked_outputs" value="1" /><property name="max_abs_err" value="0.00e+00" /></properties></testcase><testcase classname="tests.ops.test_logical_reduce" name="test_count_nonzero_op[128-300-dtype11]" time="0.131"><properties><property name="op" value="CountNonzeroFwdOp" /><property name="op_module" value="tileops.ops.reduction.logical_reduce" /><property name="checked_outputs" value="1" /><property name="max_abs_err" value="0.00e+00" /></properties></testcase><testcase classname="tests.ops.test_logical_reduce" name="test_count_nonzero_op[128-300-dtype12]" time="0.133"><properties><property name="op" value="CountNonzeroFwdOp" /><property name="op_module" value="tileops.ops.reduction.logical_reduce" /><property name="checked_outputs" value="1" /><property name="max_abs_err" value="0.00e+00" /></properties></testcase><testcase classname="tests.ops.test_logical_reduce" name="test_count_nonzero_op[128-300-dtype13]" time="0.133"><properties><property name="op" value="CountNonzeroFwdOp" /><property name="op_module" value="tileops.ops.reduction.logical_reduce" /><property name="checked_outputs" value="1" /><property name="max_abs_err" value="0.00e+00" /></properties></testcase><testcase classname="tests.ops.test_logical_reduce" name="test_count_nonzero_op[129-512-dtype14]" time="0.133"><properties><property name="op" value="CountNonzeroFwdOp" /><property name="op_module" value="tileops.ops.reduction.logical_reduce" /><property name="checked_outputs" value="1" /><property name="max_abs_err" value="0.00e+00" /></properties></testcase><testcase classname="tests.ops.test_logical_reduce" name="test_count_nonzero_dim[shape2-1-dtype2]" time="0.130" /><testcase classname="tests.ops.test_logical_reduce" name="test_count_nonzero_dim[shape3-0-dtype3]" time="0.130" /><testcase classname="tests.ops.test_logical_reduce" name="test_count_nonzero_dim[shape4--2-dtype4]" time="0.003" /><testcase classname="tests.ops.test_logical_reduce" name="test_logical_reduce_edge_axes_fused_dispatch[any-dtype2-True]" time="0.132" /><testcase classname="tests.ops.test_mamba" name="test_ssd_chunk_coupling_fwd[1-2-64-1-64-dtype3-True]" time="0.195" /><testcase classname="tests.ops.test_mamba" name="test_ssd_chunk_coupling_fwd[1-2-64-1-96-dtype4-False]" time="0.129" /><testcase classname="tests.ops.test_mamba" name="test_ssd_chunk_coupling_fwd[1-2-128-1-64-dtype5-False]" time="0.128" /><testcase classname="tests.ops.test_mamba" name="test_ssd_chunk_coupling_fwd[1-2-256-1-64-dtype6-False]" time="0.128" /><testcase classname="tests.ops.test_mamba" name="test_ssd_chunk_coupling_fwd[2-4-64-4-128-dtype7-False]" time="0.128" /><testcase classname="tests.ops.test_mamba" name="test_ssd_chunk_cumsum_fwd[1-2-64-4-True-True-dtype3-False]" time="0.154"><properties><property name="op" value="SSDChunkCumsumFwdOp" /><property name="op_module" value="tileops.ops.mamba.ssd_chunk_cumsum" /><property name="checked_outputs" value="2" /><property name="max_abs_err" value="5.72e-06" /></properties></testcase><testcase classname="tests.ops.test_mamba" name="test_ssd_chunk_cumsum_fwd[2-4-64-8-False-False-dtype4-False]" time="0.128"><properties><property name="op" value="SSDChunkCumsumFwdOp" /><property name="op_module" value="tileops.ops.mamba.ssd_chunk_cumsum" /><property name="checked_outputs" value="2" /><property name="max_abs_err" value="3.81e-06" /></properties></testcase><testcase classname="tests.ops.test_mamba" name="test_ssd_chunk_cumsum_fwd[1-2-128-4-False-False-dtype5-False]" time="0.124"><properties><property name="op" value="SSDChunkCumsumFwdOp" /><property name="op_module" value="tileops.ops.mamba.ssd_chunk_cumsum" /><property name="checked_outputs" value="2" /><property name="max_abs_err" value="1.14e-05" /></properties></testcase><testcase classname="tests.ops.test_mamba" name="test_ssd_chunk_cumsum_fwd[2-4-128-16-True-True-dtype6-False]" time="0.124"><properties><property name="op" value="SSDChunkCumsumFwdOp" /><property name="op_module" value="tileops.ops.mamba.ssd_chunk_cumsum" /><property name="checked_outputs" value="2" /><property name="max_abs_err" value="6.10e-05" /></properties></testcase><testcase classname="tests.ops.test_mamba" name="test_ssd_chunk_scan_fwd[2-4-64-8-64-64-2-dtype2-False]" time="0.433"><properties><property name="op" value="SSDChunkScanFwdOp" /><property name="op_module" value="tileops.ops.mamba.ssd_chunk_scan" /><property name="checked_outputs" value="1" /><property name="max_abs_err" value="5.69e-05" /></properties></testcase><testcase classname="tests.ops.test_mamba" name="test_ssd_chunk_scan_fwd[2-2-64-4-64-32-2-dtype3-False]" time="0.410"><properties><property name="op" value="SSDChunkScanFwdOp" /><property name="op_module" value="tileops.ops.mamba.ssd_chunk_scan" /><property name="checked_outputs" value="1" /><property name="max_abs_err" value="3.02e-04" /></properties></testcase><testcase classname="tests.ops.test_mamba" name="test_ssd_chunk_state_fwd[2-4-64-8-64-64-2-dtype2-False-False]" time="0.164"><properties><property name="op" value="SSDChunkStateFwdOp" /><property name="op_module" value="tileops.ops.mamba.ssd_chunk_state" /><property name="checked_outputs" value="1" /><property name="max_abs_err" value="2.55e-06" /></properties></testcase><testcase classname="tests.ops.test_mamba" name="test_ssd_chunk_state_fwd[2-2-64-4-64-32-2-dtype3-False-False]" time="0.130"><properties><property name="op" value="SSDChunkStateFwdOp" /><property name="op_module" value="tileops.ops.mamba.ssd_chunk_state" /><property name="checked_outputs" value="1" /><property name="max_abs_err" value="2.19e-05" /></properties></testcase><testcase classname="tests.ops.test_mamba" name="test_ssd_chunk_state_fwd[2-4-64-8-64-64-2-dtype4-False-True]" time="0.131"><properties><property name="op" value="SSDChunkStateFwdOp" /><property name="op_module" value="tileops.ops.mamba.ssd_chunk_state" /><property name="checked_outputs" value="1" /><property name="max_abs_err" value="2.55e-06" /></properties></testcase><testcase classname="tests.ops.test_mamba" name="test_ssd_chunk_state_fwd[1-2-64-4-64-24-1-dtype5-False-False]" time="0.131"><properties><property name="op" value="SSDChunkStateFwdOp" /><property name="op_module" value="tileops.ops.mamba.ssd_chunk_state" /><property name="checked_outputs" value="1" /><property name="max_abs_err" value="1.72e-06" /></properties></testcase><testcase classname="tests.ops.test_mamba" name="test_ssd_state_passing_fwd[2-4-8-64-dtype2-False]" time="0.176"><properties><property name="op" value="SSDStatePassingFwdOp" /><property name="op_module" value="tileops.ops.mamba.ssd_state_passing" /><property name="checked_outputs" value="2" /><property name="max_abs_err" value="2.98e-08" /></properties></testcase><testcase classname="tests.ops.test_mamba" name="test_ssd_state_passing_fwd[2-4-8-64-dtype3-False]" time="0.519"><properties><property name="op" value="SSDStatePassingFwdOp" /><property name="op_module" value="tileops.ops.mamba.ssd_state_passing" /><property name="checked_outputs" value="2" /><property name="max_abs_err" value="2.98e-08" /></properties></testcase><testcase classname="tests.ops.test_mamba" name="test_ssd_decode[2-8-64-32-2-dtype2-False]" time="0.150"><properties><property name="op" value="SSDRecurrentFwdOp" /><property name="op_module" value="tileops.ops.mamba.ssd_recurrent" /><property name="checked_outputs" value="2" /><property name="max_abs_err" value="2.24e-08" /></properties></testcase><testcase classname="tests.ops.test_mamba" name="test_ssd_decode[2-8-128-64-4-dtype3-False]" time="0.136"><properties><property name="op" value="SSDRecurrentFwdOp" /><property name="op_module" value="tileops.ops.mamba.ssd_recurrent" /><property name="checked_outputs" value="2" /><property name="max_abs_err" value="2.98e-08" /></properties></testcase><testcase classname="tests.ops.test_mean_pooling" name="test_mean_pooling_op[1-8192-64-128-64-dtype1-True-None]" time="0.184"><properties><property name="op" value="MeanPoolingFwdOp" /><property name="op_module" value="tileops.ops.pool.mean_pooling" /><property name="checked_outputs" value="1" /><property name="max_abs_err" value="6.10e-05" /></properties></testcase><testcase classname="tests.ops.test_mean_pooling" name="test_mean_pooling_op[2-2048-64-128-64-dtype2-False-None]" time="0.126"><properties><property name="op" value="MeanPoolingFwdOp" /><property name="op_module" value="tileops.ops.pool.mean_pooling" /><property name="checked_outputs" value="1" /><property name="max_abs_err" value="6.10e-05" /></properties></testcase><testcase classname="tests.ops.test_mean_pooling" name="test_mean_pooling_op[1-1000-64-128-32-dtype3-False-seq_lens3]" time="0.135"><properties><property name="op" value="MeanPoolingFwdOp" /><property name="op_module" value="tileops.ops.pool.mean_pooling" /><property name="checked_outputs" value="1" /><property name="max_abs_err" value="0.00e+00" /></properties></testcase><testcase classname="tests.ops.test_mean_pooling" name="test_mean_pooling_op[2-2048-64-128-64-dtype4-False-seq_lens4]" time="0.129"><properties><property name="op" value="MeanPoolingFwdOp" /><property name="op_module" value="tileops.ops.pool.mean_pooling" /><property name="checked_outputs" value="1" /><property name="max_abs_err" value="6.10e-05" /></properties></testcase><testcase classname="tests.ops.test_mha" name="test_mha_decode_paged_op[1-8-1-1024-64-256-False-dtype2-False]" time="0.453"><properties><property name="op" value="MHADecodePagedWithKVCacheFwdOp" /><property name="op_module" value="tileops.ops.attention.mha" /><property name="checked_outputs" value="1" /><property name="max_abs_err" value="9.54e-07" /></properties></testcase><testcase classname="tests.ops.test_mha" name="test_mha_decode_paged_op[2-8-1-1024-64-256-False-dtype3-False]" time="0.439"><properties><property name="op" value="MHADecodePagedWithKVCacheFwdOp" /><property name="op_module" value="tileops.ops.attention.mha" /><property name="checked_outputs" value="1" /><property name="max_abs_err" value="9.54e-07" /></properties></testcase><testcase classname="tests.ops.test_mha" name="test_mha_decode_paged_op[1-8-1-512-64-256-False-dtype4-False]" time="0.440"><properties><property name="op" value="MHADecodePagedWithKVCacheFwdOp" /><property name="op_module" value="tileops.ops.attention.mha" /><property name="checked_outputs" value="1" /><property name="max_abs_err" value="3.05e-05" /></properties></testcase><testcase classname="tests.ops.test_mha" name="test_mha_decode_paged_cache_shorter_than_bound[1-False-real_lengths4]" time="0.005" /><testcase classname="tests.ops.test_mha" name="test_mha_decode_paged_cache_shorter_than_bound[1-False-real_lengths5]" time="0.450" /><testcase classname="tests.ops.test_mhc" name="test_mhc_pre_op[2-4-1920-dtype1-False]" time="0.338"><properties><property name="op" value="MHCPreFwdOp" /><property name="op_module" value="tileops.ops.sequence_modeling.mhc" /><property name="checked_outputs" value="3" /><property name="max_abs_err" value="1.56e-02" /></properties></testcase><testcase classname="tests.ops.test_mhc" name="test_mhc_pre_op[4-4-2560-dtype2-False]" time="0.317"><properties><property name="op" value="MHCPreFwdOp" /><property name="op_module" value="tileops.ops.sequence_modeling.mhc" /><property name="checked_outputs" value="3" /><property name="max_abs_err" value="1.56e-02" /></properties></testcase><testcase classname="tests.ops.test_mhc" name="test_mhc_pre_op[6-4-1000-dtype3-False]" time="0.318"><properties><property name="op" value="MHCPreFwdOp" /><property name="op_module" value="tileops.ops.sequence_modeling.mhc" /><property name="checked_outputs" value="3" /><property name="max_abs_err" value="3.12e-02" /></properties></testcase><testcase classname="tests.ops.test_mhc" name="test_mhc_post_op[2-4-1920-dtype1-False]" time="0.078"><properties><property name="op" value="MHCPostFwdOp" /><property name="op_module" value="tileops.ops.sequence_modeling.mhc" /><property name="checked_outputs" value="1" /><property name="max_abs_err" value="0.00e+00" /></properties></testcase><testcase classname="tests.ops.test_mhc" name="test_mhc_post_op[4-4-2560-dtype2-False]" time="0.071"><properties><property name="op" value="MHCPostFwdOp" /><property name="op_module" value="tileops.ops.sequence_modeling.mhc" /><property name="checked_outputs" value="1" /><property name="max_abs_err" value="0.00e+00" /></properties></testcase><testcase classname="tests.ops.test_mhc" name="test_mhc_post_op[6-4-1000-dtype3-False]" time="0.073"><properties><property name="op" value="MHCPostFwdOp" /><property name="op_module" value="tileops.ops.sequence_modeling.mhc" /><property name="checked_outputs" value="1" /><property name="max_abs_err" value="0.00e+00" /></properties></testcase><testcase classname="tests.ops.test_mla_varlen" name="test_mla_varlen_fwd_op[seq_lens2-4-128-64-128-True-None-dtype2]" time="0.741"><properties><property name="op" value="MLAVarlenFwdOp" /><property name="op_module" value="tileops.ops.attention.mla" /><property name="checked_outputs" value="2" /><property name="max_abs_err" value="1.56e-02" /></properties></testcase><testcase classname="tests.ops.test_mla_varlen" name="test_mla_varlen_fwd_op[seq_lens3-4-128-64-128-True-None-dtype3]" time="0.714"><properties><property name="op" value="MLAVarlenFwdOp" /><property name="op_module" value="tileops.ops.attention.mla" /><property name="checked_outputs" value="2" /><property name="max_abs_err" value="7.81e-03" /></properties></testcase><testcase classname="tests.ops.test_mla_varlen" name="test_mla_varlen_fwd_op[seq_lens4-4-128-64-128-False-None-dtype4]" time="0.712"><properties><property name="op" value="MLAVarlenFwdOp" /><property name="op_module" value="tileops.ops.attention.mla" /><property name="checked_outputs" value="2" /><property name="max_abs_err" value="3.91e-03" /></properties></testcase><testcase classname="tests.ops.test_mla_varlen" name="test_mla_varlen_fwd_op[seq_lens5-4-128-64-128-True-0.05-dtype5]" time="0.723"><properties><property name="op" value="MLAVarlenFwdOp" /><property name="op_module" value="tileops.ops.attention.mla" /><property name="checked_outputs" value="2" /><property name="max_abs_err" value="7.81e-03" /></properties></testcase><testcase classname="tests.ops.test_mla_varlen" name="test_mla_varlen_fwd_op[seq_lens6-16-128-64-128-True-None-dtype6]" time="0.720"><properties><property name="op" value="MLAVarlenFwdOp" /><property name="op_module" value="tileops.ops.attention.mla" /><property name="checked_outputs" value="2" /><property name="max_abs_err" value="1.56e-02" /></properties></testcase><testcase classname="tests.ops.test_mla_varlen" name="test_each_implementation_matches_the_reference[below-one-tile-general]" time="0.755"><properties><property name="op" value="MLAVarlenFwdOp" /><property name="op_module" value="tileops.ops.attention.mla" /><property name="checked_outputs" value="2" /><property name="max_abs_err" value="7.81e-03" /></properties></testcase><testcase classname="tests.ops.test_mla_varlen" name="test_each_implementation_matches_the_reference[below-one-tile-ws]" time="0.006"><properties><property name="op" value="MLAVarlenFwdOp" /><property name="op_module" value="tileops.ops.attention.mla" /><property name="checked_outputs" value="2" /><property name="max_abs_err" value="7.81e-03" /></properties></testcase><testcase classname="tests.ops.test_moe_permute_align" name="test_permute_align_op[small-bs16]" time="0.135"><properties><property name="op" value="MoEPermuteAlignFwdOp" /><property name="op_module" value="tileops.ops.moe.permute_align" /><property name="checked_outputs" value="3" /><property name="max_abs_err" value="1.12e+09" /></properties></testcase><testcase classname="tests.ops.test_moe_permute_align" name="test_permute_align_op[medium-bs64]" time="0.129"><properties><property name="op" value="MoEPermuteAlignFwdOp" /><property name="op_module" value="tileops.ops.moe.permute_align" /><property name="checked_outputs" value="3" /><property name="max_abs_err" value="4.74e+02" /></properties></testcase><testcase classname="tests.ops.test_moe_permute_align" name="test_permute_align_op[large-bs128]" time="0.230"><properties><property name="op" value="MoEPermuteAlignFwdOp" /><property name="op_module" value="tileops.ops.moe.permute_align" /><property name="checked_outputs" value="3" /><property name="max_abs_err" value="8.19e+03" /></properties></testcase><testcase classname="tests.ops.test_moe_permute_align" name="test_permute_align_op[single-token]" time="0.126"><properties><property name="op" value="MoEPermuteAlignFwdOp" /><property name="op_module" value="tileops.ops.moe.permute_align" /><property name="checked_outputs" value="3" /><property name="max_abs_err" value="4.10e+01" /></properties></testcase><testcase classname="tests.ops.test_moe_permute_align" name="test_permute_align_op[top-k-1]" time="0.126"><properties><property name="op" value="MoEPermuteAlignFwdOp" /><property name="op_module" value="tileops.ops.moe.permute_align" /><property name="checked_outputs" value="3" /><property name="max_abs_err" value="0.00e+00" /></properties></testcase><testcase classname="tests.ops.test_moe_permute_align" name="test_permute_align_op[sb-numel200]" time="0.127"><properties><property name="op" value="MoEPermuteAlignFwdOp" /><property name="op_module" value="tileops.ops.moe.permute_align" /><property name="checked_outputs" value="3" /><property name="max_abs_err" value="1.87e+02" /></properties></testcase><testcase classname="tests.ops.test_moe_permute_align" name="test_permute_align_op[sb-numel600]" time="0.131"><properties><property name="op" value="MoEPermuteAlignFwdOp" /><property name="op_module" value="tileops.ops.moe.permute_align" /><property name="checked_outputs" value="3" /><property name="max_abs_err" value="1.08e+09" /></properties></testcase><testcase classname="tests.ops.test_moe_permute_align" name="test_permute_align_op[sb-numel800]" time="0.131"><properties><property name="op" value="MoEPermuteAlignFwdOp" /><property name="op_module" value="tileops.ops.moe.permute_align" /><property name="checked_outputs" value="3" /><property name="max_abs_err" value="1.08e+09" /></properties></testcase><testcase classname="tests.ops.test_moe_permute_align" name="test_permute_align_op[sb-numel600-maxexp]" time="0.181"><properties><property name="op" value="MoEPermuteAlignFwdOp" /><property name="op_module" value="tileops.ops.moe.permute_align" /><property name="checked_outputs" value="3" /><property name="max_abs_err" value="5.82e+02" /></properties></testcase><testcase classname="tests.ops.test_moe_permute_align" name="test_permute_align_op[sb-boundary-1022]" time="0.132"><properties><property name="op" value="MoEPermuteAlignFwdOp" /><property name="op_module" value="tileops.ops.moe.permute_align" /><property name="checked_outputs" value="3" /><property name="max_abs_err" value="9.63e+02" /></properties></testcase><testcase classname="tests.ops.test_moe_permute_align" name="test_permute_align_op[lb-boundary-1024]" time="0.186"><properties><property name="op" value="MoEPermuteAlignFwdOp" /><property name="op_module" value="tileops.ops.moe.permute_align" /><property name="checked_outputs" value="3" /><property name="max_abs_err" value="9.88e+02" /></properties></testcase><testcase classname="tests.ops.test_moe_permute_align" name="test_permute_align_op[experts-past-threads]" time="0.184"><properties><property name="op" value="MoEPermuteAlignFwdOp" /><property name="op_module" value="tileops.ops.moe.permute_align" /><property name="checked_outputs" value="3" /><property name="max_abs_err" value="5.12e+02" /></properties></testcase><testcase classname="tests.ops.test_moe_staged" name="test_grouped_gemm_runs_each_layout_through_the_op[aligned-psum]" time="0.357" /><testcase classname="tests.ops.test_moe_staged" name="test_grouped_gemm_runs_each_layout_through_the_op[masked]" time="0.341" /><testcase classname="tests.ops.test_nsa" name="test_nsa_varlen_op[4-16-8192-64-True-0.1-32-16-1-dtype2-False-None]" time="0.599"><properties><property name="op" value="NSAVarlenFwdOp" /><property name="op_module" value="tileops.ops.attention.nsa" /><property name="checked_outputs" value="1" /><property name="max_abs_err" value="4.88e-04" /></properties></testcase><testcase classname="tests.ops.test_nsa" name="test_nsa_varlen_op[2-16-8192-64-True-0.1-32-16-4-dtype3-False-None]" time="0.510"><properties><property name="op" value="NSAVarlenFwdOp" /><property name="op_module" value="tileops.ops.attention.nsa" /><property name="checked_outputs" value="1" /><property name="max_abs_err" value="4.88e-04" /></properties></testcase><testcase classname="tests.ops.test_nsa" name="test_nsa_topk_varlen_op[3-512-32-128-16-1.0-16-32-dtype2-False]" time="0.382"><properties><property name="op" value="NSATopKVarlenFwdOp" /><property name="op_module" value="tileops.ops.attention.nsa" /><property name="checked_outputs" value="1" /><property name="max_abs_err" value="1.10e+01" /></properties></testcase><testcase classname="tests.ops.test_nsa" name="test_nsa_topk_varlen_op[1-65-16-64-16-0.125-8-64-dtype3-False]" time="0.348"><properties><property name="op" value="NSATopKVarlenFwdOp" /><property name="op_module" value="tileops.ops.attention.nsa" /><property name="checked_outputs" value="1" /><property name="max_abs_err" value="0.00e+00" /></properties></testcase><testcase classname="tests.ops.test_pool" name="test_avg_pool1d[full-k5-s2-no-pad-count-fp16]" time="0.178"><properties><property name="op" value="AvgPool1dFwdOp" /><property name="op_module" value="tileops.ops.pool.avg_pool" /><property name="checked_outputs" value="1" /><property name="max_abs_err" value="0.00e+00" /></properties></testcase><testcase classname="tests.ops.test_pool" name="test_avg_pool1d[full-ceil-bf16]" time="0.175"><properties><property name="op" value="AvgPool1dFwdOp" /><property name="op_module" value="tileops.ops.pool.avg_pool" /><property name="checked_outputs" value="1" /><property name="max_abs_err" value="0.00e+00" /></properties></testcase><testcase classname="tests.ops.test_pool" name="test_avg_pool2d[full-ceil-no-pad-count-fp16]" time="0.120"><properties><property name="op" value="AvgPool2dFwdOp" /><property name="op_module" value="tileops.ops.pool.avg_pool" /><property name="checked_outputs" value="1" /><property name="max_abs_err" value="0.00e+00" /></properties></testcase><testcase classname="tests.ops.test_pool" name="test_avg_pool2d[full-divisor-override-bf16]" time="0.120"><properties><property name="op" value="AvgPool2dFwdOp" /><property name="op_module" value="tileops.ops.pool.avg_pool" /><property name="checked_outputs" value="1" /><property name="max_abs_err" value="0.00e+00" /></properties></testcase><testcase classname="tests.ops.test_pool" name="test_avg_pool2d[full-no-ceil-no-pad-count-fp16]" time="0.119"><properties><property name="op" value="AvgPool2dFwdOp" /><property name="op_module" value="tileops.ops.pool.avg_pool" /><property name="checked_outputs" value="1" /><property name="max_abs_err" value="0.00e+00" /></properties></testcase><testcase classname="tests.ops.test_pool" name="test_avg_pool2d[full-ceil-pad-count-fp32]" time="0.082"><properties><property name="op" value="AvgPool2dFwdOp" /><property name="op_module" value="tileops.ops.pool.avg_pool" /><property name="checked_outputs" value="1" /><property name="max_abs_err" value="0.00e+00" /></properties></testcase><testcase classname="tests.ops.test_pool" name="test_avg_pool2d[full-ceil-pad-count-divisor-bf16]" time="0.119"><properties><property name="op" value="AvgPool2dFwdOp" /><property name="op_module" value="tileops.ops.pool.avg_pool" /><property name="checked_outputs" value="1" /><property name="max_abs_err" value="0.00e+00" /></properties></testcase><testcase classname="tests.ops.test_pool" name="test_avg_pool2d[full-ceil-no-pad-count-divisor-fp16]" time="0.082"><properties><property name="op" value="AvgPool2dFwdOp" /><property name="op_module" value="tileops.ops.pool.avg_pool" /><property name="checked_outputs" value="1" /><property name="max_abs_err" value="0.00e+00" /></properties></testcase><testcase classname="tests.ops.test_pool" name="test_avg_pool2d[full-no-ceil-no-pad-count-divisor-fp16]" time="0.082"><properties><property name="op" value="AvgPool2dFwdOp" /><property name="op_module" value="tileops.ops.pool.avg_pool" /><property name="checked_outputs" value="1" /><property name="max_abs_err" value="0.00e+00" /></properties></testcase><testcase classname="tests.ops.test_pool" name="test_avg_pool3d[full-ceil-no-pad-count-fp16]" time="0.155"><properties><property name="op" value="AvgPool3dFwdOp" /><property name="op_module" value="tileops.ops.pool.avg_pool" /><property name="checked_outputs" value="1" /><property name="max_abs_err" value="0.00e+00" /></properties></testcase><testcase classname="tests.ops.test_pool" name="test_avg_pool3d[full-divisor-override-bf16]" time="0.152"><properties><property name="op" value="AvgPool3dFwdOp" /><property name="op_module" value="tileops.ops.pool.avg_pool" /><property name="checked_outputs" value="1" /><property name="max_abs_err" value="0.00e+00" /></properties></testcase><testcase classname="tests.ops.test_pool" name="test_avg_pool3d[full-window-narrower-than-stride-fp16]" time="0.152"><properties><property name="op" value="AvgPool3dFwdOp" /><property name="op_module" value="tileops.ops.pool.avg_pool" /><property name="checked_outputs" value="1" /><property name="max_abs_err" value="0.00e+00" /></properties></testcase><testcase classname="tests.ops.test_pool" name="test_avg_pool3d[full-negative-divisor-tiled-w-fp16]" time="0.078"><properties><property name="op" value="AvgPool3dFwdOp" /><property name="op_module" value="tileops.ops.pool.avg_pool" /><property name="checked_outputs" value="1" /><property name="max_abs_err" value="0.00e+00" /></properties></testcase><testcase classname="tests.ops.test_pool" name="test_max_pool1d[full-default-stride-dilation-fp16]" time="0.243"><properties><property name="op" value="MaxPool1dIndicesFwdOp" /><property name="op_module" value="tileops.ops.pool.max_pool" /><property name="checked_outputs" value="2" /><property name="max_abs_err" value="0.00e+00" /></properties></testcase><testcase classname="tests.ops.test_pool" name="test_max_pool1d[full-ceil-k5-s3-p2-fp16]" time="0.239"><properties><property name="op" value="MaxPool1dIndicesFwdOp" /><property name="op_module" value="tileops.ops.pool.max_pool" /><property name="checked_outputs" value="2" /><property name="max_abs_err" value="0.00e+00" /></properties></testcase><testcase classname="tests.ops.test_pool" name="test_max_pool1d[full-noncontiguous-k3-fp16]" time="0.242"><properties><property name="op" value="MaxPool1dIndicesFwdOp" /><property name="op_module" value="tileops.ops.pool.max_pool" /><property name="checked_outputs" value="2" /><property name="max_abs_err" value="0.00e+00" /></properties></testcase><testcase classname="tests.ops.test_pool" name="test_max_pool1d[full-ceil-k5-s3-p2-bf16]" time="0.194"><properties><property name="op" value="MaxPool1dIndicesFwdOp" /><property name="op_module" value="tileops.ops.pool.max_pool" /><property name="checked_outputs" value="2" /><property name="max_abs_err" value="0.00e+00" /></properties></testcase><testcase classname="tests.ops.test_pool" name="test_max_pool1d[full-windowed-short-output-fp16]" time="0.203"><properties><property name="op" value="MaxPool1dIndicesFwdOp" /><property name="op_module" value="tileops.ops.pool.max_pool" /><property name="checked_outputs" value="2" /><property name="max_abs_err" value="0.00e+00" /></properties></testcase><testcase classname="tests.ops.test_pool" name="test_max_pool1d[full-rowreduce-one-output-fp16]" time="0.214"><properties><property name="op" value="MaxPool1dIndicesFwdOp" /><property name="op_module" value="tileops.ops.pool.max_pool" /><property name="checked_outputs" value="2" /><property name="max_abs_err" value="0.00e+00" /></properties></testcase><testcase classname="tests.ops.test_pool" name="test_max_pool2d[full-unpadded-window-inside-fp16]" time="0.299"><properties><property name="op" value="MaxPool2dIndicesFwdOp" /><property name="op_module" value="tileops.ops.pool.max_pool" /><property name="checked_outputs" value="2" /><property name="max_abs_err" value="0.00e+00" /></properties></testcase><testcase classname="tests.ops.test_pool" name="test_max_pool2d[full-default-stride-dilation-fp16]" time="0.299"><properties><property name="op" value="MaxPool2dIndicesFwdOp" /><property name="op_module" value="tileops.ops.pool.max_pool" /><property name="checked_outputs" value="2" /><property name="max_abs_err" value="0.00e+00" /></properties></testcase><testcase classname="tests.ops.test_pool" name="test_max_pool2d[full-nonsquare-ceil-fp16]" time="0.296"><properties><property name="op" value="MaxPool2dIndicesFwdOp" /><property name="op_module" value="tileops.ops.pool.max_pool" /><property name="checked_outputs" value="2" /><property name="max_abs_err" value="0.00e+00" /></properties></testcase><testcase classname="tests.ops.test_pool" name="test_max_pool2d[full-noncontiguous-3x3-fp16]" time="0.213"><properties><property name="op" value="MaxPool2dIndicesFwdOp" /><property name="op_module" value="tileops.ops.pool.max_pool" /><property name="checked_outputs" value="2" /><property name="max_abs_err" value="0.00e+00" /></properties></testcase><testcase classname="tests.ops.test_pool" name="test_max_pool2d[full-nonsquare-ceil-bf16]" time="0.217"><properties><property name="op" value="MaxPool2dIndicesFwdOp" /><property name="op_module" value="tileops.ops.pool.max_pool" /><property name="checked_outputs" value="2" /><property name="max_abs_err" value="0.00e+00" /></properties></testcase><testcase classname="tests.ops.test_pool" name="test_max_pool3d[full-default-stride-dilation-fp16]" time="0.287"><properties><property name="op" value="MaxPool3dIndicesFwdOp" /><property name="op_module" value="tileops.ops.pool.max_pool" /><property name="checked_outputs" value="2" /><property name="max_abs_err" value="0.00e+00" /></properties></testcase><testcase classname="tests.ops.test_pool" name="test_max_pool3d[full-noncube-ceil-fp16]" time="0.286"><properties><property name="op" value="MaxPool3dIndicesFwdOp" /><property name="op_module" value="tileops.ops.pool.max_pool" /><property name="checked_outputs" value="2" /><property name="max_abs_err" value="0.00e+00" /></properties></testcase><testcase classname="tests.ops.test_pool" name="test_max_pool3d[full-noncontiguous-k2-fp16]" time="0.283"><properties><property name="op" value="MaxPool3dIndicesFwdOp" /><property name="op_module" value="tileops.ops.pool.max_pool" /><property name="checked_outputs" value="2" /><property name="max_abs_err" value="0.00e+00" /></properties></testcase><testcase classname="tests.ops.test_pool" name="test_max_pool3d[full-noncube-ceil-bf16]" time="0.161"><properties><property name="op" value="MaxPool3dIndicesFwdOp" /><property name="op_module" value="tileops.ops.pool.max_pool" /><property name="checked_outputs" value="2" /><property name="max_abs_err" value="0.00e+00" /></properties></testcase><testcase classname="tests.ops.test_pool" name="test_max_pool_special_values[1d-window-with-nan-False]" time="0.080" /><testcase classname="tests.ops.test_pool" name="test_max_pool_special_values[1d-window-with-nan-True]" time="0.103" /><testcase classname="tests.ops.test_pool" name="test_max_pool_special_values[1d-window-with-multiple-nans-False]" time="0.003" /><testcase classname="tests.ops.test_pool" name="test_max_pool_special_values[1d-window-with-multiple-nans-True]" time="0.004" /><testcase classname="tests.ops.test_pool" name="test_max_pool_special_values[1d-window-with-tied-maxima-False]" time="0.003" /><testcase classname="tests.ops.test_pool" name="test_max_pool_special_values[1d-window-with-tied-maxima-True]" time="0.004" /><testcase classname="tests.ops.test_pool" name="test_max_pool_special_values[1d-all-negative-False]" time="0.003" /><testcase classname="tests.ops.test_pool" name="test_max_pool_special_values[1d-all-negative-True]" time="0.004" /><testcase classname="tests.ops.test_pool" name="test_max_pool_special_values[1d-padding-does-not-win-False]" time="0.003" /><testcase classname="tests.ops.test_pool" name="test_max_pool_special_values[1d-padding-does-not-win-True]" time="0.004" /><testcase classname="tests.ops.test_pool" name="test_max_pool_special_values[2d-window-all-neg-inf-False]" time="0.132" /><testcase classname="tests.ops.test_pool" name="test_max_pool_special_values[2d-window-all-neg-inf-True]" time="0.079" /><testcase classname="tests.ops.test_pool" name="test_max_pool_special_values[2d-window-with-nan-False]" time="0.131" /><testcase classname="tests.ops.test_pool" name="test_max_pool_special_values[2d-window-with-nan-True]" time="0.079" /><testcase classname="tests.ops.test_pool" name="test_max_pool_special_values[2d-window-with-multiple-nans-False]" time="0.003" /><testcase classname="tests.ops.test_pool" name="test_max_pool_special_values[2d-window-with-multiple-nans-True]" time="0.004" /><testcase classname="tests.ops.test_pool" name="test_max_pool_special_values[2d-window-with-tied-maxima-False]" time="0.004" /><testcase classname="tests.ops.test_pool" name="test_max_pool_special_values[2d-window-with-tied-maxima-True]" time="0.004" /><testcase classname="tests.ops.test_pool" name="test_max_pool_special_values[2d-padding-does-not-win-False]" time="0.004" /><testcase classname="tests.ops.test_pool" name="test_max_pool_special_values[2d-padding-does-not-win-True]" time="0.004" /><testcase classname="tests.ops.test_pool" name="test_max_pool_special_values[3d-window-with-nan-False]" time="0.070" /><testcase classname="tests.ops.test_pool" name="test_max_pool_special_values[3d-window-with-nan-True]" time="0.088" /><testcase classname="tests.ops.test_pool" name="test_max_pool_special_values[3d-window-with-multiple-nans-False]" time="0.004" /><testcase classname="tests.ops.test_pool" name="test_max_pool_special_values[3d-window-with-multiple-nans-True]" time="0.004" /><testcase classname="tests.ops.test_pool" name="test_max_pool_special_values[3d-window-with-tied-maxima-False]" time="0.004" /><testcase classname="tests.ops.test_pool" name="test_max_pool_special_values[3d-window-with-tied-maxima-True]" time="0.004" /><testcase classname="tests.ops.test_pool" name="test_max_pool_special_values[3d-all-negative-False]" time="0.004" /><testcase classname="tests.ops.test_pool" name="test_max_pool_special_values[3d-all-negative-True]" time="0.004" /><testcase classname="tests.ops.test_pool" name="test_max_pool_special_values[3d-padding-does-not-win-False]" time="0.071" /><testcase classname="tests.ops.test_pool" name="test_max_pool_special_values[3d-padding-does-not-win-True]" time="0.090" /><testcase classname="tests.ops.test_pool" name="test_pool_output_dim_with_dilation[7-3-2-1-2-False-3]" time="0.002" /><testcase classname="tests.ops.test_pool" name="test_pool_output_dim_with_dilation[7-3-2-1-1-True-4]" time="0.002" /><testcase classname="tests.ops.test_pool" name="test_pool_output_dim_with_dilation[55-3-2-0-1-True-27]" time="0.002" /><testcase classname="tests.ops.test_pool" name="test_pool_output_dim_with_dilation[56-2-2-0-1-False-28]" time="0.002" /><testcase classname="tests.ops.test_pool" name="test_pool_output_dim_with_dilation[56-3-2-1-1-False-default_matches_explicit]" time="0.002" /><testcase classname="tests.ops.test_pool" name="test_adaptive_avg_pool2d[full-nondiv-fp16]" time="0.077"><properties><property name="op" value="AdaptiveAvgPool2dFwdOp" /><property name="op_module" value="tileops.ops.pool.adaptive_pool" /><property name="checked_outputs" value="1" /><property name="max_abs_err" value="0.00e+00" /></properties></testcase><testcase classname="tests.ops.test_pool" name="test_adaptive_avg_pool2d[full-partial-none-fp16]" time="0.061"><properties><property name="op" value="AdaptiveAvgPool2dFwdOp" /><property name="op_module" value="tileops.ops.pool.adaptive_pool" /><property name="checked_outputs" value="1" /><property name="max_abs_err" value="0.00e+00" /></properties></testcase><testcase classname="tests.ops.test_pool" name="test_adaptive_avg_pool2d[full-scalar-output-size-bf16]" time="0.059"><properties><property name="op" value="AdaptiveAvgPool2dFwdOp" /><property name="op_module" value="tileops.ops.pool.adaptive_pool" /><property name="checked_outputs" value="1" /><property name="max_abs_err" value="0.00e+00" /></properties></testcase><testcase classname="tests.ops.test_pool" name="test_adaptive_avg_pool2d[full-all-none-identity-fp16]" time="0.075"><properties><property name="op" value="AdaptiveAvgPool2dFwdOp" /><property name="op_module" value="tileops.ops.pool.adaptive_pool" /><property name="checked_outputs" value="1" /><property name="max_abs_err" value="0.00e+00" /></properties></testcase><testcase classname="tests.ops.test_pool" name="test_adaptive_max_pool2d[full-nondiv-fp16]" time="0.210"><properties><property name="op" value="AdaptiveMaxPool2dIndicesFwdOp" /><property name="op_module" value="tileops.ops.pool.adaptive_pool" /><property name="checked_outputs" value="2" /><property name="max_abs_err" value="0.00e+00" /></properties></testcase><testcase classname="tests.ops.test_pool" name="test_adaptive_max_pool2d[full-partial-none-fp16]" time="0.174"><properties><property name="op" value="AdaptiveMaxPool2dIndicesFwdOp" /><property name="op_module" value="tileops.ops.pool.adaptive_pool" /><property name="checked_outputs" value="2" /><property name="max_abs_err" value="0.00e+00" /></properties></testcase><testcase classname="tests.ops.test_pool" name="test_adaptive_max_pool2d[full-expanding-bins-fp16]" time="0.174"><properties><property name="op" value="AdaptiveMaxPool2dIndicesFwdOp" /><property name="op_module" value="tileops.ops.pool.adaptive_pool" /><property name="checked_outputs" value="2" /><property name="max_abs_err" value="0.00e+00" /></properties></testcase><testcase classname="tests.ops.test_reduce" name="test_sum_op[256-4096-dtype3]" time="0.117"><properties><property name="op" value="SumFwdOp" /><property name="op_module" value="tileops.ops.reduction.reduce" /><property name="checked_outputs" value="1" /><property name="max_abs_err" value="0.00e+00" /></properties></testcase><testcase classname="tests.ops.test_reduce" name="test_sum_op[256-4096-dtype4]" time="0.105"><properties><property name="op" value="SumFwdOp" /><property name="op_module" value="tileops.ops.reduction.reduce" /><property name="checked_outputs" value="1" /><property name="max_abs_err" value="0.00e+00" /></properties></testcase><testcase classname="tests.ops.test_reduce" name="test_sum_op[128-300-dtype5]" time="0.111"><properties><property name="op" value="SumFwdOp" /><property name="op_module" value="tileops.ops.reduction.reduce" /><property name="checked_outputs" value="1" /><property name="max_abs_err" value="0.00e+00" /></properties></testcase><testcase classname="tests.ops.test_reduce" name="test_sum_op[128-300-dtype6]" time="0.113"><properties><property name="op" value="SumFwdOp" /><property name="op_module" value="tileops.ops.reduction.reduce" /><property name="checked_outputs" value="1" /><property name="max_abs_err" value="0.00e+00" /></properties></testcase><testcase classname="tests.ops.test_reduce" name="test_sum_op[129-512-dtype7]" time="0.106"><properties><property name="op" value="SumFwdOp" /><property name="op_module" value="tileops.ops.reduction.reduce" /><property name="checked_outputs" value="1" /><property name="max_abs_err" value="0.00e+00" /></properties></testcase><testcase classname="tests.ops.test_reduce" name="test_sum_tiled[64-32769-dtype1]" time="0.155"><properties><property name="op" value="SumFwdOp" /><property name="op_module" value="tileops.ops.reduction.reduce" /><property name="checked_outputs" value="1" /><property name="max_abs_err" value="0.00e+00" /></properties></testcase><testcase classname="tests.ops.test_reduce" name="test_prod_tiled[64-32769-dtype1]" time="0.624"><properties><property name="op" value="ProdFwdOp" /><property name="op_module" value="tileops.ops.reduction.reduce" /><property name="checked_outputs" value="1" /><property name="max_abs_err" value="0.00e+00" /></properties></testcase><testcase classname="tests.ops.test_reduce" name="test_var_tiled[64-32769-dtype1]" time="0.756"><properties><property name="op" value="VarFwdOp" /><property name="op_module" value="tileops.ops.reduction.reduce" /><property name="checked_outputs" value="1" /><property name="max_abs_err" value="0.00e+00" /></properties></testcase><testcase classname="tests.ops.test_reduce" name="test_reduce_tiled_autotune[var]" time="7.264"><properties><property name="op" value="VarFwdOp" /><property name="op_module" value="tileops.ops.reduction.reduce" /><property name="checked_outputs" value="1" /><property name="max_abs_err" value="0.00e+00" /></properties></testcase><testcase classname="tests.ops.test_reduce" name="test_mean_op[256-4096-dtype3]" time="0.118"><properties><property name="op" value="MeanFwdOp" /><property name="op_module" value="tileops.ops.reduction.reduce" /><property name="checked_outputs" value="1" /><property name="max_abs_err" value="0.00e+00" /></properties></testcase><testcase classname="tests.ops.test_reduce" name="test_mean_op[256-4096-dtype4]" time="0.108"><properties><property name="op" value="MeanFwdOp" /><property name="op_module" value="tileops.ops.reduction.reduce" /><property name="checked_outputs" value="1" /><property name="max_abs_err" value="0.00e+00" /></properties></testcase><testcase classname="tests.ops.test_reduce" name="test_mean_op[128-300-dtype5]" time="0.116"><properties><property name="op" value="MeanFwdOp" /><property name="op_module" value="tileops.ops.reduction.reduce" /><property name="checked_outputs" value="1" /><property name="max_abs_err" value="0.00e+00" /></properties></testcase><testcase classname="tests.ops.test_reduce" name="test_mean_op[128-300-dtype6]" time="0.114"><properties><property name="op" value="MeanFwdOp" /><property name="op_module" value="tileops.ops.reduction.reduce" /><property name="checked_outputs" value="1" /><property name="max_abs_err" value="0.00e+00" /></properties></testcase><testcase classname="tests.ops.test_reduce" name="test_mean_op[129-512-dtype7]" time="0.108"><properties><property name="op" value="MeanFwdOp" /><property name="op_module" value="tileops.ops.reduction.reduce" /><property name="checked_outputs" value="1" /><property name="max_abs_err" value="0.00e+00" /></properties></testcase><testcase classname="tests.ops.test_reduce" name="test_amin_op[256-4096-dtype3]" time="0.120"><properties><property name="op" value="AminFwdOp" /><property name="op_module" value="tileops.ops.reduction.reduce" /><property name="checked_outputs" value="1" /><property name="max_abs_err" value="0.00e+00" /></properties></testcase><testcase classname="tests.ops.test_reduce" name="test_amin_op[256-4096-dtype4]" time="0.106"><properties><property name="op" value="AminFwdOp" /><property name="op_module" value="tileops.ops.reduction.reduce" /><property name="checked_outputs" value="1" /><property name="max_abs_err" value="0.00e+00" /></properties></testcase><testcase classname="tests.ops.test_reduce" name="test_amin_op[128-300-dtype5]" time="0.114"><properties><property name="op" value="AminFwdOp" /><property name="op_module" value="tileops.ops.reduction.reduce" /><property name="checked_outputs" value="1" /><property name="max_abs_err" value="0.00e+00" /></properties></testcase><testcase classname="tests.ops.test_reduce" name="test_amin_op[128-300-dtype6]" time="0.114"><properties><property name="op" value="AminFwdOp" /><property name="op_module" value="tileops.ops.reduction.reduce" /><property name="checked_outputs" value="1" /><property name="max_abs_err" value="0.00e+00" /></properties></testcase><testcase classname="tests.ops.test_reduce" name="test_amin_op[129-512-dtype7]" time="0.107"><properties><property name="op" value="AminFwdOp" /><property name="op_module" value="tileops.ops.reduction.reduce" /><property name="checked_outputs" value="1" /><property name="max_abs_err" value="0.00e+00" /></properties></testcase><testcase classname="tests.ops.test_reduce" name="test_amax_op[256-4096-dtype3]" time="0.120"><properties><property name="op" value="AmaxFwdOp" /><property name="op_module" value="tileops.ops.reduction.reduce" /><property name="checked_outputs" value="1" /><property name="max_abs_err" value="0.00e+00" /></properties></testcase><testcase classname="tests.ops.test_reduce" name="test_amax_op[256-4096-dtype4]" time="0.107"><properties><property name="op" value="AmaxFwdOp" /><property name="op_module" value="tileops.ops.reduction.reduce" /><property name="checked_outputs" value="1" /><property name="max_abs_err" value="0.00e+00" /></properties></testcase><testcase classname="tests.ops.test_reduce" name="test_amax_op[128-300-dtype5]" time="0.113"><properties><property name="op" value="AmaxFwdOp" /><property name="op_module" value="tileops.ops.reduction.reduce" /><property name="checked_outputs" value="1" /><property name="max_abs_err" value="0.00e+00" /></properties></testcase><testcase classname="tests.ops.test_reduce" name="test_amax_op[128-300-dtype6]" time="0.113"><properties><property name="op" value="AmaxFwdOp" /><property name="op_module" value="tileops.ops.reduction.reduce" /><property name="checked_outputs" value="1" /><property name="max_abs_err" value="0.00e+00" /></properties></testcase><testcase classname="tests.ops.test_reduce" name="test_amax_op[129-512-dtype7]" time="0.107"><properties><property name="op" value="AmaxFwdOp" /><property name="op_module" value="tileops.ops.reduction.reduce" /><property name="checked_outputs" value="1" /><property name="max_abs_err" value="0.00e+00" /></properties></testcase><testcase classname="tests.ops.test_reduce" name="test_prod_op[256-4096-dtype3]" time="0.112"><properties><property name="op" value="ProdFwdOp" /><property name="op_module" value="tileops.ops.reduction.reduce" /><property name="checked_outputs" value="1" /><property name="max_abs_err" value="0.00e+00" /></properties></testcase><testcase classname="tests.ops.test_reduce" name="test_prod_op[256-4096-dtype4]" time="0.106"><properties><property name="op" value="ProdFwdOp" /><property name="op_module" value="tileops.ops.reduction.reduce" /><property name="checked_outputs" value="1" /><property name="max_abs_err" value="0.00e+00" /></properties></testcase><testcase classname="tests.ops.test_reduce" name="test_prod_op[128-300-dtype5]" time="0.072"><properties><property name="op" value="ProdFwdOp" /><property name="op_module" value="tileops.ops.reduction.reduce" /><property name="checked_outputs" value="1" /><property name="max_abs_err" value="0.00e+00" /></properties></testcase><testcase classname="tests.ops.test_reduce" name="test_prod_op[128-300-dtype6]" time="0.071"><properties><property name="op" value="ProdFwdOp" /><property name="op_module" value="tileops.ops.reduction.reduce" /><property name="checked_outputs" value="1" /><property name="max_abs_err" value="0.00e+00" /></properties></testcase><testcase classname="tests.ops.test_reduce" name="test_prod_op[129-512-dtype7]" time="0.106"><properties><property name="op" value="ProdFwdOp" /><property name="op_module" value="tileops.ops.reduction.reduce" /><property name="checked_outputs" value="1" /><property name="max_abs_err" value="0.00e+00" /></properties></testcase><testcase classname="tests.ops.test_reduce" name="test_std_op[256-4096-dtype3]" time="0.214"><properties><property name="op" value="StdFwdOp" /><property name="op_module" value="tileops.ops.reduction.reduce" /><property name="checked_outputs" value="1" /><property name="max_abs_err" value="0.00e+00" /></properties></testcase><testcase classname="tests.ops.test_reduce" name="test_std_op[256-4096-dtype4]" time="0.204"><properties><property name="op" value="StdFwdOp" /><property name="op_module" value="tileops.ops.reduction.reduce" /><property name="checked_outputs" value="1" /><property name="max_abs_err" value="0.00e+00" /></properties></testcase><testcase classname="tests.ops.test_reduce" name="test_std_op[128-300-dtype5]" time="0.204"><properties><property name="op" value="StdFwdOp" /><property name="op_module" value="tileops.ops.reduction.reduce" /><property name="checked_outputs" value="1" /><property name="max_abs_err" value="0.00e+00" /></properties></testcase><testcase classname="tests.ops.test_reduce" name="test_std_op[128-300-dtype6]" time="0.204"><properties><property name="op" value="StdFwdOp" /><property name="op_module" value="tileops.ops.reduction.reduce" /><property name="checked_outputs" value="1" /><property name="max_abs_err" value="0.00e+00" /></properties></testcase><testcase classname="tests.ops.test_reduce" name="test_std_op[129-512-dtype7]" time="0.203"><properties><property name="op" value="StdFwdOp" /><property name="op_module" value="tileops.ops.reduction.reduce" /><property name="checked_outputs" value="1" /><property name="max_abs_err" value="0.00e+00" /></properties></testcase><testcase classname="tests.ops.test_reduce" name="test_std_bessel[128-512-dtype2-1]" time="0.204"><properties><property name="op" value="StdFwdOp" /><property name="op_module" value="tileops.ops.reduction.reduce" /><property name="checked_outputs" value="1" /><property name="max_abs_err" value="0.00e+00" /></properties></testcase><testcase classname="tests.ops.test_reduce" name="test_std_bessel[128-512-dtype3-1]" time="0.203"><properties><property name="op" value="StdFwdOp" /><property name="op_module" value="tileops.ops.reduction.reduce" /><property name="checked_outputs" value="1" /><property name="max_abs_err" value="0.00e+00" /></properties></testcase><testcase classname="tests.ops.test_reduce" name="test_var_op[256-4096-dtype3]" time="0.204"><properties><property name="op" value="VarFwdOp" /><property name="op_module" value="tileops.ops.reduction.reduce" /><property name="checked_outputs" value="1" /><property name="max_abs_err" value="0.00e+00" /></properties></testcase><testcase classname="tests.ops.test_reduce" name="test_var_op[256-4096-dtype4]" time="0.204"><properties><property name="op" value="VarFwdOp" /><property name="op_module" value="tileops.ops.reduction.reduce" /><property name="checked_outputs" value="1" /><property name="max_abs_err" value="0.00e+00" /></properties></testcase><testcase classname="tests.ops.test_reduce" name="test_var_op[128-300-dtype5]" time="0.204"><properties><property name="op" value="VarFwdOp" /><property name="op_module" value="tileops.ops.reduction.reduce" /><property name="checked_outputs" value="1" /><property name="max_abs_err" value="0.00e+00" /></properties></testcase><testcase classname="tests.ops.test_reduce" name="test_var_op[128-300-dtype6]" time="0.203"><properties><property name="op" value="VarFwdOp" /><property name="op_module" value="tileops.ops.reduction.reduce" /><property name="checked_outputs" value="1" /><property name="max_abs_err" value="0.00e+00" /></properties></testcase><testcase classname="tests.ops.test_reduce" name="test_var_op[129-512-dtype7]" time="0.203"><properties><property name="op" value="VarFwdOp" /><property name="op_module" value="tileops.ops.reduction.reduce" /><property name="checked_outputs" value="1" /><property name="max_abs_err" value="0.00e+00" /></properties></testcase><testcase classname="tests.ops.test_reduce" name="test_var_bessel[128-512-dtype2-1]" time="0.204"><properties><property name="op" value="VarFwdOp" /><property name="op_module" value="tileops.ops.reduction.reduce" /><property name="checked_outputs" value="1" /><property name="max_abs_err" value="0.00e+00" /></properties></testcase><testcase classname="tests.ops.test_reduce" name="test_var_bessel[128-512-dtype3-1]" time="0.203"><properties><property name="op" value="VarFwdOp" /><property name="op_module" value="tileops.ops.reduction.reduce" /><property name="checked_outputs" value="1" /><property name="max_abs_err" value="0.00e+00" /></properties></testcase><testcase classname="tests.ops.test_reduce" name="test_var_mean_op[256-4096-dtype3]" time="0.215"><properties><property name="op" value="VarMeanFwdOp" /><property name="op_module" value="tileops.ops.reduction.reduce" /><property name="checked_outputs" value="2" /><property name="max_abs_err" value="0.00e+00" /></properties></testcase><testcase classname="tests.ops.test_reduce" name="test_var_mean_op[256-4096-dtype4]" time="0.205"><properties><property name="op" value="VarMeanFwdOp" /><property name="op_module" value="tileops.ops.reduction.reduce" /><property name="checked_outputs" value="2" /><property name="max_abs_err" value="0.00e+00" /></properties></testcase><testcase classname="tests.ops.test_reduce" name="test_var_mean_op[128-300-dtype5]" time="0.205"><properties><property name="op" value="VarMeanFwdOp" /><property name="op_module" value="tileops.ops.reduction.reduce" /><property name="checked_outputs" value="2" /><property name="max_abs_err" value="0.00e+00" /></properties></testcase><testcase classname="tests.ops.test_reduce" name="test_var_mean_op[128-300-dtype6]" time="0.652"><properties><property name="op" value="VarMeanFwdOp" /><property name="op_module" value="tileops.ops.reduction.reduce" /><property name="checked_outputs" value="2" /><property name="max_abs_err" value="0.00e+00" /></properties></testcase><testcase classname="tests.ops.test_reduce" name="test_var_mean_op[129-512-dtype7]" time="0.208"><properties><property name="op" value="VarMeanFwdOp" /><property name="op_module" value="tileops.ops.reduction.reduce" /><property name="checked_outputs" value="2" /><property name="max_abs_err" value="0.00e+00" /></properties></testcase><testcase classname="tests.ops.test_reduce" name="test_var_mean_bessel[128-512-dtype2-1]" time="0.207"><properties><property name="op" value="VarMeanFwdOp" /><property name="op_module" value="tileops.ops.reduction.reduce" /><property name="checked_outputs" value="2" /><property name="max_abs_err" value="0.00e+00" /></properties></testcase><testcase classname="tests.ops.test_reduce" name="test_var_mean_bessel[128-512-dtype3-1]" time="0.207"><properties><property name="op" value="VarMeanFwdOp" /><property name="op_module" value="tileops.ops.reduction.reduce" /><property name="checked_outputs" value="2" /><property name="max_abs_err" value="0.00e+00" /></properties></testcase><testcase classname="tests.ops.test_reduce" name="test_sum_spec_basic[256-4096-dtype3]" time="0.004" /><testcase classname="tests.ops.test_reduce" name="test_sum_spec_basic[256-4096-dtype4]" time="0.004" /><testcase classname="tests.ops.test_reduce" name="test_sum_spec_basic[128-300-dtype5]" time="0.004" /><testcase classname="tests.ops.test_reduce" name="test_sum_spec_basic[128-300-dtype6]" time="0.004" /><testcase classname="tests.ops.test_reduce" name="test_sum_spec_basic[129-512-dtype7]" time="0.004" /><testcase classname="tests.ops.test_reduce" name="test_sum_spec_dim[shape2--1-True-dtype2]" time="0.114" /><testcase classname="tests.ops.test_reduce" name="test_sum_spec_dim[shape3-0-False-dtype3]" time="0.101" /><testcase classname="tests.ops.test_reduce" name="test_sum_spec_dim[shape4-1-False-dtype4]" time="0.106" /><testcase classname="tests.ops.test_reduce" name="test_sum_spec_dim[shape5--1-True-dtype5]" time="0.105" /><testcase classname="tests.ops.test_reduce" name="test_sum_spec_keepdim[shape2--1-True-dtype2]" time="0.004" /><testcase classname="tests.ops.test_reduce" name="test_sum_spec_keepdim[shape3-0-False-dtype3]" time="0.004" /><testcase classname="tests.ops.test_reduce" name="test_sum_spec_keepdim[shape4-1-False-dtype4]" time="0.004" /><testcase classname="tests.ops.test_reduce" name="test_sum_spec_keepdim[shape5--1-True-dtype5]" time="0.004" /><testcase classname="tests.ops.test_reduce" name="test_mean_spec_dim[shape2--1-True-dtype2]" time="0.115" /><testcase classname="tests.ops.test_reduce" name="test_mean_spec_dim[shape3-0-False-dtype3]" time="0.103" /><testcase classname="tests.ops.test_reduce" name="test_mean_spec_dim[shape4-1-False-dtype4]" time="0.105" /><testcase classname="tests.ops.test_reduce" name="test_mean_spec_dim[shape5--1-True-dtype5]" time="0.105" /><testcase classname="tests.ops.test_reduce" name="test_amax_spec_dim[shape2--1-True-dtype2]" time="0.120" /><testcase classname="tests.ops.test_reduce" name="test_amax_spec_dim[shape3-0-False-dtype3]" time="0.102" /><testcase classname="tests.ops.test_reduce" name="test_amax_spec_dim[shape4-1-False-dtype4]" time="0.106" /><testcase classname="tests.ops.test_reduce" name="test_amax_spec_dim[shape5--1-True-dtype5]" time="0.106" /><testcase classname="tests.ops.test_reduce" name="test_amin_spec_dim[shape2--1-True-dtype2]" time="0.120" /><testcase classname="tests.ops.test_reduce" name="test_amin_spec_dim[shape3-0-False-dtype3]" time="0.101" /><testcase classname="tests.ops.test_reduce" name="test_amin_spec_dim[shape4-1-False-dtype4]" time="0.106" /><testcase classname="tests.ops.test_reduce" name="test_amin_spec_dim[shape5--1-True-dtype5]" time="0.106" /><testcase classname="tests.ops.test_reduce" name="test_prod_spec_dim[shape2--1-True-dtype2]" time="0.111" /><testcase classname="tests.ops.test_reduce" name="test_prod_spec_dim[shape3-0-False-dtype3]" time="0.935" /><testcase classname="tests.ops.test_reduce" name="test_prod_spec_dim[shape4-1-False-dtype4]" time="0.107" /><testcase classname="tests.ops.test_reduce" name="test_prod_spec_dim[shape5--1-True-dtype5]" time="0.106" /><testcase classname="tests.ops.test_reduce" name="test_var_spec_dim[shape2--1-True-dtype2]" time="0.012" /><testcase classname="tests.ops.test_reduce" name="test_var_spec_dim[shape3-0-False-dtype3]" time="0.203" /><testcase classname="tests.ops.test_reduce" name="test_var_spec_dim[shape4-1-False-dtype4]" time="0.202" /><testcase classname="tests.ops.test_reduce" name="test_var_spec_dim[shape5--1-True-dtype5]" time="0.004" /><testcase classname="tests.ops.test_reduce" name="test_std_spec_dim[shape2--1-True-dtype2]" time="0.013" /><testcase classname="tests.ops.test_reduce" name="test_std_spec_dim[shape3-0-False-dtype3]" time="0.203" /><testcase classname="tests.ops.test_reduce" name="test_std_spec_dim[shape4-1-False-dtype4]" time="0.201" /><testcase classname="tests.ops.test_reduce" name="test_std_spec_dim[shape5--1-True-dtype5]" time="0.004" /><testcase classname="tests.ops.test_reduce" name="test_var_mean_spec_dim[shape2--1-True-dtype2]" time="0.014" /><testcase classname="tests.ops.test_reduce" name="test_var_mean_spec_dim[shape3-0-False-dtype3]" time="0.204" /><testcase classname="tests.ops.test_reduce" name="test_var_mean_spec_dim[shape4-1-False-dtype4]" time="0.203" /><testcase classname="tests.ops.test_reduce" name="test_var_mean_spec_dim[shape5--1-True-dtype5]" time="0.004" /><testcase classname="tests.ops.test_reduce_dim_none" name="test_sum_dim_none[shape3-False-dtype3]" time="0.114" /><testcase classname="tests.ops.test_reduce_dim_none" name="test_sum_dim_none[shape4-True-dtype4]" time="0.114" /><testcase classname="tests.ops.test_reduce_dim_none" name="test_mean_dim_none[shape3-False-dtype3]" time="0.115" /><testcase classname="tests.ops.test_reduce_dim_none" name="test_mean_dim_none[shape4-True-dtype4]" time="0.115" /><testcase classname="tests.ops.test_reduce_dim_none" name="test_amax_dim_none[shape3-False-dtype3]" time="0.121" /><testcase classname="tests.ops.test_reduce_dim_none" name="test_amax_dim_none[shape4-True-dtype4]" time="0.120" /><testcase classname="tests.ops.test_reduce_dim_none" name="test_amin_dim_none[shape3-False-dtype3]" time="0.119" /><testcase classname="tests.ops.test_reduce_dim_none" name="test_amin_dim_none[shape4-True-dtype4]" time="0.119" /><testcase classname="tests.ops.test_reduce_dim_none" name="test_var_dim_none[shape3-False-dtype3]" time="0.213" /><testcase classname="tests.ops.test_reduce_dim_none" name="test_var_dim_none[shape4-True-dtype4]" time="0.212" /><testcase classname="tests.ops.test_reduce_dim_none" name="test_std_dim_none[shape3-False-dtype3]" time="0.214" /><testcase classname="tests.ops.test_reduce_dim_none" name="test_std_dim_none[shape4-True-dtype4]" time="0.212" /><testcase classname="tests.ops.test_reduce_dim_none" name="test_var_mean_dim_none[shape3-False-dtype3]" time="0.214" /><testcase classname="tests.ops.test_reduce_dim_none" name="test_var_mean_dim_none[shape4-True-dtype4]" time="0.214" /><testcase classname="tests.ops.test_reduce_dim_none" name="test_all_dim_none[shape4-True-dtype4]" time="0.142" /><testcase classname="tests.ops.test_reduce_dim_none" name="test_any_dim_none[shape4-True-dtype4]" time="0.142" /><testcase classname="tests.ops.test_reduce_dim_none" name="test_l1_norm_dim_none[shape3-False-dtype3]" time="0.178" /><testcase classname="tests.ops.test_reduce_dim_none" name="test_l1_norm_dim_none[shape4-True-dtype4]" time="0.155" /><testcase classname="tests.ops.test_reduce_dim_none" name="test_l2_norm_dim_none[shape3-False-dtype3]" time="0.107" /><testcase classname="tests.ops.test_reduce_dim_none" name="test_l2_norm_dim_none[shape4-True-dtype4]" time="0.105" /><testcase classname="tests.ops.test_reduce_dim_none" name="test_inf_norm_dim_none[shape3-False-dtype3]" time="0.489" /><testcase classname="tests.ops.test_reduce_dim_none" name="test_inf_norm_dim_none[shape4-True-dtype4]" time="0.108" /><testcase classname="tests.ops.test_reduce_multidim" name="test_sum_multidim[shape2-dims2-True-dtype2]" time="0.103" /><testcase classname="tests.ops.test_reduce_multidim" name="test_sum_multidim[shape3-dims3-False-dtype3]" time="0.105" /><testcase classname="tests.ops.test_reduce_multidim" name="test_sum_multidim[shape4-dims4-False-dtype4]" time="0.215" /><testcase classname="tests.ops.test_reduce_multidim" name="test_mean_multidim[shape2-dims2-True-dtype2]" time="0.103" /><testcase classname="tests.ops.test_reduce_multidim" name="test_mean_multidim[shape3-dims3-False-dtype3]" time="0.107" /><testcase classname="tests.ops.test_reduce_multidim" name="test_mean_multidim[shape4-dims4-False-dtype4]" time="0.102" /><testcase classname="tests.ops.test_reduce_multidim" name="test_amax_multidim[shape2-dims2-True-dtype2]" time="0.102" /><testcase classname="tests.ops.test_reduce_multidim" name="test_amax_multidim[shape3-dims3-False-dtype3]" time="0.106" /><testcase classname="tests.ops.test_reduce_multidim" name="test_amax_multidim[shape4-dims4-False-dtype4]" time="0.212" /><testcase classname="tests.ops.test_reduce_multidim" name="test_amin_multidim[shape2-dims2-True-dtype2]" time="0.101" /><testcase classname="tests.ops.test_reduce_multidim" name="test_amin_multidim[shape3-dims3-False-dtype3]" time="0.107" /><testcase classname="tests.ops.test_reduce_multidim" name="test_amin_multidim[shape4-dims4-False-dtype4]" time="0.212" /><testcase classname="tests.ops.test_reduce_multidim" name="test_var_multidim[shape2-dims2-True-dtype2]" time="0.203" /><testcase classname="tests.ops.test_reduce_multidim" name="test_var_multidim[shape3-dims3-False-dtype3]" time="0.202" /><testcase classname="tests.ops.test_reduce_multidim" name="test_var_multidim[shape4-dims4-False-dtype4]" time="0.261" /><testcase classname="tests.ops.test_reduce_multidim" name="test_std_multidim[shape2-dims2-True-dtype2]" time="0.201" /><testcase classname="tests.ops.test_reduce_multidim" name="test_std_multidim[shape3-dims3-False-dtype3]" time="0.201" /><testcase classname="tests.ops.test_reduce_multidim" name="test_std_multidim[shape4-dims4-False-dtype4]" time="0.059" /><testcase classname="tests.ops.test_reduce_multidim" name="test_var_mean_multidim[shape2-dims2-True-dtype2]" time="0.204" /><testcase classname="tests.ops.test_reduce_multidim" name="test_var_mean_multidim[shape3-dims3-False-dtype3]" time="0.204" /><testcase classname="tests.ops.test_reduce_multidim" name="test_var_mean_multidim[shape4-dims4-False-dtype4]" time="0.059" /><testcase classname="tests.ops.test_reduce_multidim" name="test_logsumexp_multidim[shape2-dims2-True-dtype2]" time="0.142" /><testcase classname="tests.ops.test_reduce_multidim" name="test_logsumexp_multidim[shape3-dims3-False-dtype3]" time="0.141" /><testcase classname="tests.ops.test_reduce_multidim" name="test_logsumexp_multidim[shape4-dims4-False-dtype4]" time="0.206" /><testcase classname="tests.ops.test_reduce_multidim" name="test_all_multidim[shape3-dims3-True-dtype3]" time="0.133" /><testcase classname="tests.ops.test_reduce_multidim" name="test_any_multidim[shape3-dims3-True-dtype3]" time="0.133" /><testcase classname="tests.ops.test_reduce_multidim" name="test_l1_norm_multidim[shape2-dims2-True-dtype2]" time="0.128" /><testcase classname="tests.ops.test_reduce_multidim" name="test_l1_norm_multidim[shape3-dims3-False-dtype3]" time="0.128" /><testcase classname="tests.ops.test_reduce_multidim" name="test_l1_norm_multidim[shape4-dims4-False-dtype4]" time="0.090" /><testcase classname="tests.ops.test_reduce_multidim" name="test_l2_norm_multidim[shape2-dims2-True-dtype2]" time="0.106" /><testcase classname="tests.ops.test_reduce_multidim" name="test_l2_norm_multidim[shape3-dims3-False-dtype3]" time="0.107" /><testcase classname="tests.ops.test_reduce_multidim" name="test_l2_norm_multidim[shape4-dims4-False-dtype4]" time="0.188" /><testcase classname="tests.ops.test_reduce_multidim" name="test_inf_norm_multidim[shape2-dims2-True-dtype2]" time="0.106" /><testcase classname="tests.ops.test_reduce_multidim" name="test_inf_norm_multidim[shape3-dims3-False-dtype3]" time="0.106" /><testcase classname="tests.ops.test_reduce_multidim" name="test_inf_norm_multidim[shape4-dims4-False-dtype4]" time="0.119" /><testcase classname="tests.ops.test_rms_norm" name="test_rms_norm_op[4096-4096-dtype2-False]" time="0.174"><properties><property name="op" value="RMSNormFwdOp" /><property name="op_module" value="tileops.ops.norm.rms_norm" /><property name="checked_outputs" value="1" /><property name="max_abs_err" value="3.91e-03" /></properties></testcase><testcase classname="tests.ops.test_rms_norm" name="test_rms_norm_op[4096-4096-dtype3-False]" time="0.158"><properties><property name="op" value="RMSNormFwdOp" /><property name="op_module" value="tileops.ops.norm.rms_norm" /><property name="checked_outputs" value="1" /><property name="max_abs_err" value="3.12e-02" /></properties></testcase><testcase classname="tests.ops.test_rms_norm" name="test_rms_norm_op[8192-8192-dtype4-False]" time="0.168"><properties><property name="op" value="RMSNormFwdOp" /><property name="op_module" value="tileops.ops.norm.rms_norm" /><property name="checked_outputs" value="1" /><property name="max_abs_err" value="7.81e-03" /></properties></testcase><testcase classname="tests.ops.test_rms_norm" name="test_rms_norm_op[8192-8192-dtype5-False]" time="0.169"><properties><property name="op" value="RMSNormFwdOp" /><property name="op_module" value="tileops.ops.norm.rms_norm" /><property name="checked_outputs" value="1" /><property name="max_abs_err" value="3.12e-02" /></properties></testcase><testcase classname="tests.ops.test_rms_norm" name="test_rms_norm_op[1024-3000-dtype6-False]" time="0.154"><properties><property name="op" value="RMSNormFwdOp" /><property name="op_module" value="tileops.ops.norm.rms_norm" /><property name="checked_outputs" value="1" /><property name="max_abs_err" value="7.81e-03" /></properties></testcase><testcase classname="tests.ops.test_rms_norm" name="test_rms_norm_op[1024-3000-dtype7-False]" time="0.155"><properties><property name="op" value="RMSNormFwdOp" /><property name="op_module" value="tileops.ops.norm.rms_norm" /><property name="checked_outputs" value="1" /><property name="max_abs_err" value="3.12e-02" /></properties></testcase><testcase classname="tests.ops.test_rms_norm" name="test_rms_norm_op[2048-5120-dtype8-False]" time="0.155"><properties><property name="op" value="RMSNormFwdOp" /><property name="op_module" value="tileops.ops.norm.rms_norm" /><property name="checked_outputs" value="1" /><property name="max_abs_err" value="3.91e-03" /></properties></testcase><testcase classname="tests.ops.test_rms_norm" name="test_rms_norm_op[2048-5120-dtype9-False]" time="0.156"><properties><property name="op" value="RMSNormFwdOp" /><property name="op_module" value="tileops.ops.norm.rms_norm" /><property name="checked_outputs" value="1" /><property name="max_abs_err" value="3.12e-02" /></properties></testcase><testcase classname="tests.ops.test_rms_norm" name="test_rms_norm_op[1025-4096-dtype10-False]" time="0.154"><properties><property name="op" value="RMSNormFwdOp" /><property name="op_module" value="tileops.ops.norm.rms_norm" /><property name="checked_outputs" value="1" /><property name="max_abs_err" value="3.91e-03" /></properties></testcase><testcase classname="tests.ops.test_rms_norm" name="test_rms_norm_op[1025-4096-dtype11-False]" time="0.153"><properties><property name="op" value="RMSNormFwdOp" /><property name="op_module" value="tileops.ops.norm.rms_norm" /><property name="checked_outputs" value="1" /><property name="max_abs_err" value="3.12e-02" /></properties></testcase><testcase classname="tests.ops.test_rms_norm" name="test_rms_norm_op[17-96-dtype12-False]" time="0.153"><properties><property name="op" value="RMSNormFwdOp" /><property name="op_module" value="tileops.ops.norm.rms_norm" /><property name="checked_outputs" value="1" /><property name="max_abs_err" value="0.00e+00" /></properties></testcase><testcase classname="tests.ops.test_rms_norm" name="test_fused_add_rms_norm_op[4096-4096-dtype2-False]" time="0.154"><properties><property name="op" value="FusedAddRMSNormFwdOp" /><property name="op_module" value="tileops.ops.norm.fused_add_rms_norm" /><property name="checked_outputs" value="2" /><property name="max_abs_err" value="3.91e-03" /></properties></testcase><testcase classname="tests.ops.test_rms_norm" name="test_fused_add_rms_norm_op[4096-4096-dtype3-False]" time="0.146"><properties><property name="op" value="FusedAddRMSNormFwdOp" /><property name="op_module" value="tileops.ops.norm.fused_add_rms_norm" /><property name="checked_outputs" value="2" /><property name="max_abs_err" value="3.12e-02" /></properties></testcase><testcase classname="tests.ops.test_rms_norm" name="test_fused_add_rms_norm_op[1024-3000-dtype4-False]" time="0.140"><properties><property name="op" value="FusedAddRMSNormFwdOp" /><property name="op_module" value="tileops.ops.norm.fused_add_rms_norm" /><property name="checked_outputs" value="2" /><property name="max_abs_err" value="7.81e-03" /></properties></testcase><testcase classname="tests.ops.test_rms_norm" name="test_fused_add_rms_norm_op[1024-3000-dtype5-False]" time="0.142"><properties><property name="op" value="FusedAddRMSNormFwdOp" /><property name="op_module" value="tileops.ops.norm.fused_add_rms_norm" /><property name="checked_outputs" value="2" /><property name="max_abs_err" value="7.81e-03" /></properties></testcase><testcase classname="tests.ops.test_rms_norm" name="test_fused_add_rms_norm_op[2048-5120-dtype6-False]" time="0.145"><properties><property name="op" value="FusedAddRMSNormFwdOp" /><property name="op_module" value="tileops.ops.norm.fused_add_rms_norm" /><property name="checked_outputs" value="2" /><property name="max_abs_err" value="3.91e-03" /></properties></testcase><testcase classname="tests.ops.test_rms_norm" name="test_fused_add_rms_norm_op[2048-5120-dtype7-False]" time="0.144"><properties><property name="op" value="FusedAddRMSNormFwdOp" /><property name="op_module" value="tileops.ops.norm.fused_add_rms_norm" /><property name="checked_outputs" value="2" /><property name="max_abs_err" value="1.56e-02" /></properties></testcase><testcase classname="tests.ops.test_rms_norm" name="test_fused_add_rms_norm_op[1025-4096-dtype8-False]" time="0.142"><properties><property name="op" value="FusedAddRMSNormFwdOp" /><property name="op_module" value="tileops.ops.norm.fused_add_rms_norm" /><property name="checked_outputs" value="2" /><property name="max_abs_err" value="1.95e-03" /></properties></testcase><testcase classname="tests.ops.test_rms_norm" name="test_fused_add_rms_norm_op[1025-4096-dtype9-False]" time="0.142"><properties><property name="op" value="FusedAddRMSNormFwdOp" /><property name="op_module" value="tileops.ops.norm.fused_add_rms_norm" /><property name="checked_outputs" value="2" /><property name="max_abs_err" value="7.81e-03" /></properties></testcase><testcase classname="tests.ops.test_rms_norm" name="test_fused_add_rms_norm_op[1-16384-dtype10-False]" time="0.141"><properties><property name="op" value="FusedAddRMSNormFwdOp" /><property name="op_module" value="tileops.ops.norm.fused_add_rms_norm" /><property name="checked_outputs" value="2" /><property name="max_abs_err" value="0.00e+00" /></properties></testcase><testcase classname="tests.ops.test_rms_norm" name="test_fused_add_rms_norm_op[2-16384-dtype11-False]" time="0.522"><properties><property name="op" value="FusedAddRMSNormFwdOp" /><property name="op_module" value="tileops.ops.norm.fused_add_rms_norm" /><property name="checked_outputs" value="2" /><property name="max_abs_err" value="0.00e+00" /></properties></testcase><testcase classname="tests.ops.test_rms_norm" name="test_fused_add_rms_norm_op[4-16384-dtype12-False]" time="0.142"><properties><property name="op" value="FusedAddRMSNormFwdOp" /><property name="op_module" value="tileops.ops.norm.fused_add_rms_norm" /><property name="checked_outputs" value="2" /><property name="max_abs_err" value="9.77e-04" /></properties></testcase><testcase classname="tests.ops.test_rope" name="test_rope_1d[1-256-4-128-dtype3-neox-neox]" time="0.056"><properties><property name="op" value="RoPEFwdOp" /><property name="op_module" value="tileops.ops.rope" /><property name="checked_outputs" value="1" /><property name="max_abs_err" value="0.00e+00" /></properties></testcase><testcase classname="tests.ops.test_rope" name="test_rope_1d[1-256-4-128-dtype3-interleaved-non_neox]" time="0.104"><properties><property name="op" value="RoPEFwdOp" /><property name="op_module" value="tileops.ops.rope" /><property name="checked_outputs" value="1" /><property name="max_abs_err" value="0.00e+00" /></properties></testcase><testcase classname="tests.ops.test_rope" name="test_rope_2d[1-256-4-128-dtype3-neox-neox]" time="0.104"><properties><property name="op" value="RoPEFwdOp" /><property name="op_module" value="tileops.ops.rope" /><property name="checked_outputs" value="1" /><property name="max_abs_err" value="0.00e+00" /></properties></testcase><testcase classname="tests.ops.test_rope" name="test_rope_2d[1-256-4-128-dtype3-interleaved-non_neox]" time="0.095"><properties><property name="op" value="RoPEFwdOp" /><property name="op_module" value="tileops.ops.rope" /><property name="checked_outputs" value="1" /><property name="max_abs_err" value="0.00e+00" /></properties></testcase><testcase classname="tests.ops.test_rope" name="test_rope_llama31_1d[1-256-4-128-dtype3]" time="0.019"><properties><property name="op" value="RoPELlama31FwdOp" /><property name="op_module" value="tileops.ops.rope" /><property name="checked_outputs" value="1" /><property name="max_abs_err" value="0.00e+00" /></properties></testcase><testcase classname="tests.ops.test_rope" name="test_rope_llama31_2d[1-256-4-128-dtype3]" time="0.020"><properties><property name="op" value="RoPELlama31FwdOp" /><property name="op_module" value="tileops.ops.rope" /><property name="checked_outputs" value="1" /><property name="max_abs_err" value="0.00e+00" /></properties></testcase><testcase classname="tests.ops.test_rope" name="test_yarn_1d[1-256-4-128-dtype3]" time="0.016"><properties><property name="op" value="YaRNFwdOp" /><property name="op_module" value="tileops.ops.rope" /><property name="checked_outputs" value="1" /><property name="max_abs_err" value="0.00e+00" /></properties></testcase><testcase classname="tests.ops.test_rope" name="test_yarn_2d[1-256-4-128-dtype3]" time="0.017"><properties><property name="op" value="YaRNFwdOp" /><property name="op_module" value="tileops.ops.rope" /><property name="checked_outputs" value="1" /><property name="max_abs_err" value="0.00e+00" /></properties></testcase><testcase classname="tests.ops.test_rope" name="test_rope_longrope_1d[1-256-4-128-dtype3]" time="0.016"><properties><property name="op" value="LongRoPEFwdOp" /><property name="op_module" value="tileops.ops.rope" /><property name="checked_outputs" value="1" /><property name="max_abs_err" value="0.00e+00" /></properties></testcase><testcase classname="tests.ops.test_rope" name="test_rope_longrope_2d[1-256-4-128-dtype3]" time="0.017"><properties><property name="op" value="LongRoPEFwdOp" /><property name="op_module" value="tileops.ops.rope" /><property name="checked_outputs" value="1" /><property name="max_abs_err" value="0.00e+00" /></properties></testcase><testcase classname="tests.ops.test_rope" name="test_rope_edge[2-512-8-64-dtype2-neox-neox]" time="0.095"><properties><property name="op" value="RoPEFwdOp" /><property name="op_module" value="tileops.ops.rope" /><property name="checked_outputs" value="1" /><property name="max_abs_err" value="0.00e+00" /></properties></testcase><testcase classname="tests.ops.test_rope" name="test_rope_edge[2-512-8-64-dtype2-interleaved-non_neox]" time="0.094"><properties><property name="op" value="RoPEFwdOp" /><property name="op_module" value="tileops.ops.rope" /><property name="checked_outputs" value="1" /><property name="max_abs_err" value="0.00e+00" /></properties></testcase><testcase classname="tests.ops.test_softmax" name="test_softmax_op[shape3--1-dtype3-True]" time="0.188"><properties><property name="op" value="SoftmaxFwdOp" /><property name="op_module" value="tileops.ops.reduction.softmax" /><property name="checked_outputs" value="1" /><property name="max_abs_err" value="7.63e-06" /></properties></testcase><testcase classname="tests.ops.test_softmax" name="test_softmax_op[shape4--1-dtype4-False]" time="0.174"><properties><property name="op" value="SoftmaxFwdOp" /><property name="op_module" value="tileops.ops.reduction.softmax" /><property name="checked_outputs" value="1" /><property name="max_abs_err" value="7.45e-09" /></properties></testcase><testcase classname="tests.ops.test_softmax" name="test_softmax_op[shape5--1-dtype5-False]" time="0.176"><properties><property name="op" value="SoftmaxFwdOp" /><property name="op_module" value="tileops.ops.reduction.softmax" /><property name="checked_outputs" value="1" /><property name="max_abs_err" value="3.81e-06" /></properties></testcase><testcase classname="tests.ops.test_softmax" name="test_softmax_op[shape6--1-dtype6-False]" time="0.177"><properties><property name="op" value="SoftmaxFwdOp" /><property name="op_module" value="tileops.ops.reduction.softmax" /><property name="checked_outputs" value="1" /><property name="max_abs_err" value="0.00e+00" /></properties></testcase><testcase classname="tests.ops.test_softmax" name="test_softmax_op[shape7--1-dtype7-False]" time="0.176"><properties><property name="op" value="SoftmaxFwdOp" /><property name="op_module" value="tileops.ops.reduction.softmax" /><property name="checked_outputs" value="1" /><property name="max_abs_err" value="7.45e-09" /></properties></testcase><testcase classname="tests.ops.test_softmax" name="test_softmax_op[shape8--1-dtype8-False]" time="0.175"><properties><property name="op" value="SoftmaxFwdOp" /><property name="op_module" value="tileops.ops.reduction.softmax" /><property name="checked_outputs" value="1" /><property name="max_abs_err" value="7.63e-06" /></properties></testcase><testcase classname="tests.ops.test_softmax" name="test_softmax_op[shape9--1-dtype9-False]" time="0.177"><properties><property name="op" value="SoftmaxFwdOp" /><property name="op_module" value="tileops.ops.reduction.softmax" /><property name="checked_outputs" value="1" /><property name="max_abs_err" value="1.53e-05" /></properties></testcase><testcase classname="tests.ops.test_softmax" name="test_softmax_op[shape10--1-dtype10-False]" time="0.175"><properties><property name="op" value="SoftmaxFwdOp" /><property name="op_module" value="tileops.ops.reduction.softmax" /><property name="checked_outputs" value="1" /><property name="max_abs_err" value="7.45e-09" /></properties></testcase><testcase classname="tests.ops.test_softmax" name="test_softmax_op[shape11--1-dtype11-False]" time="0.108"><properties><property name="op" value="SoftmaxFwdOp" /><property name="op_module" value="tileops.ops.reduction.softmax" /><property name="checked_outputs" value="1" /><property name="max_abs_err" value="7.63e-06" /></properties></testcase><testcase classname="tests.ops.test_softmax" name="test_softmax_op[shape12--1-dtype12-False]" time="0.175"><properties><property name="op" value="SoftmaxFwdOp" /><property name="op_module" value="tileops.ops.reduction.softmax" /><property name="checked_outputs" value="1" /><property name="max_abs_err" value="1.53e-05" /></properties></testcase><testcase classname="tests.ops.test_softmax" name="test_softmax_op[shape13--1-dtype13-False]" time="0.175"><properties><property name="op" value="SoftmaxFwdOp" /><property name="op_module" value="tileops.ops.reduction.softmax" /><property name="checked_outputs" value="1" /><property name="max_abs_err" value="1.49e-08" /></properties></testcase><testcase classname="tests.ops.test_softmax" name="test_softmax_op[shape14--1-dtype14-False]" time="0.178"><properties><property name="op" value="SoftmaxFwdOp" /><property name="op_module" value="tileops.ops.reduction.softmax" /><property name="checked_outputs" value="1" /><property name="max_abs_err" value="7.63e-06" /></properties></testcase><testcase classname="tests.ops.test_softmax" name="test_softmax_op[shape15--1-dtype15-False]" time="0.174"><properties><property name="op" value="SoftmaxFwdOp" /><property name="op_module" value="tileops.ops.reduction.softmax" /><property name="checked_outputs" value="1" /><property name="max_abs_err" value="1.53e-05" /></properties></testcase><testcase classname="tests.ops.test_softmax" name="test_softmax_op[shape16--1-dtype16-False]" time="0.222"><properties><property name="op" value="SoftmaxFwdOp" /><property name="op_module" value="tileops.ops.reduction.softmax" /><property name="checked_outputs" value="1" /><property name="max_abs_err" value="5.96e-08" /></properties></testcase><testcase classname="tests.ops.test_softmax" name="test_softmax_op[shape17--1-dtype17-False]" time="0.223"><properties><property name="op" value="SoftmaxFwdOp" /><property name="op_module" value="tileops.ops.reduction.softmax" /><property name="checked_outputs" value="1" /><property name="max_abs_err" value="0.00e+00" /></properties></testcase><testcase classname="tests.ops.test_softmax" name="test_softmax_op[shape18--1-dtype18-False]" time="0.175"><properties><property name="op" value="SoftmaxFwdOp" /><property name="op_module" value="tileops.ops.reduction.softmax" /><property name="checked_outputs" value="1" /><property name="max_abs_err" value="7.45e-09" /></properties></testcase><testcase classname="tests.ops.test_softmax" name="test_softmax_op[shape19--1-dtype19-False]" time="0.222"><properties><property name="op" value="SoftmaxFwdOp" /><property name="op_module" value="tileops.ops.reduction.softmax" /><property name="checked_outputs" value="1" /><property name="max_abs_err" value="2.38e-07" /></properties></testcase><testcase classname="tests.ops.test_softmax" name="test_softmax_op[shape20--1-dtype20-False]" time="0.223"><properties><property name="op" value="SoftmaxFwdOp" /><property name="op_module" value="tileops.ops.reduction.softmax" /><property name="checked_outputs" value="1" /><property name="max_abs_err" value="2.38e-07" /></properties></testcase><testcase classname="tests.ops.test_softmax" name="test_softmax_op[shape21-0-dtype21-False]" time="0.004"><properties><property name="op" value="SoftmaxFwdOp" /><property name="op_module" value="tileops.ops.reduction.softmax" /><property name="checked_outputs" value="1" /><property name="max_abs_err" value="1.12e-08" /></properties></testcase><testcase classname="tests.ops.test_softmax" name="test_softmax_op[shape22-0-dtype22-False]" time="0.004"><properties><property name="op" value="SoftmaxFwdOp" /><property name="op_module" value="tileops.ops.reduction.softmax" /><property name="checked_outputs" value="1" /><property name="max_abs_err" value="1.91e-06" /></properties></testcase><testcase classname="tests.ops.test_softmax" name="test_softmax_op[shape23-0-dtype23-False]" time="0.004"><properties><property name="op" value="SoftmaxFwdOp" /><property name="op_module" value="tileops.ops.reduction.softmax" /><property name="checked_outputs" value="1" /><property name="max_abs_err" value="0.00e+00" /></properties></testcase><testcase classname="tests.ops.test_softmax" name="test_softmax_op[shape24-1-dtype24-False]" time="0.004"><properties><property name="op" value="SoftmaxFwdOp" /><property name="op_module" value="tileops.ops.reduction.softmax" /><property name="checked_outputs" value="1" /><property name="max_abs_err" value="1.12e-08" /></properties></testcase><testcase classname="tests.ops.test_softmax" name="test_softmax_op[shape25-1-dtype25-False]" time="0.004"><properties><property name="op" value="SoftmaxFwdOp" /><property name="op_module" value="tileops.ops.reduction.softmax" /><property name="checked_outputs" value="1" /><property name="max_abs_err" value="3.81e-06" /></properties></testcase><testcase classname="tests.ops.test_softmax" name="test_softmax_op[shape26-1-dtype26-False]" time="0.004"><properties><property name="op" value="SoftmaxFwdOp" /><property name="op_module" value="tileops.ops.reduction.softmax" /><property name="checked_outputs" value="1" /><property name="max_abs_err" value="0.00e+00" /></properties></testcase><testcase classname="tests.ops.test_softmax" name="test_softmax_non_contiguous[shape3-dtype3]" time="0.004" /><testcase classname="tests.ops.test_softmax" name="test_softmax_non_contiguous[shape4-dtype4]" time="0.004" /><testcase classname="tests.ops.test_softmax" name="test_softmax_non_contiguous[shape5-dtype5]" time="0.003" /><testcase classname="tests.ops.test_softmax" name="test_softmax_1d[300-dtype3]" time="0.170" /><testcase classname="tests.ops.test_softmax" name="test_softmax_1d[300-dtype4]" time="0.176" /><testcase classname="tests.ops.test_softmax" name="test_softmax_1d[300-dtype5]" time="0.172" /><testcase classname="tests.ops.test_softmax" name="test_log_softmax_op[shape3--1-dtype3-True]" time="0.187"><properties><property name="op" value="LogSoftmaxFwdOp" /><property name="op_module" value="tileops.ops.reduction.softmax" /><property name="checked_outputs" value="1" /><property name="max_abs_err" value="0.00e+00" /></properties></testcase><testcase classname="tests.ops.test_softmax" name="test_log_softmax_op[shape4--1-dtype4-False]" time="0.175"><properties><property name="op" value="LogSoftmaxFwdOp" /><property name="op_module" value="tileops.ops.reduction.softmax" /><property name="checked_outputs" value="1" /><property name="max_abs_err" value="9.54e-07" /></properties></testcase><testcase classname="tests.ops.test_softmax" name="test_log_softmax_op[shape5--1-dtype5-False]" time="0.175"><properties><property name="op" value="LogSoftmaxFwdOp" /><property name="op_module" value="tileops.ops.reduction.softmax" /><property name="checked_outputs" value="1" /><property name="max_abs_err" value="0.00e+00" /></properties></testcase><testcase classname="tests.ops.test_softmax" name="test_log_softmax_op[shape6--1-dtype6-False]" time="0.176"><properties><property name="op" value="LogSoftmaxFwdOp" /><property name="op_module" value="tileops.ops.reduction.softmax" /><property name="checked_outputs" value="1" /><property name="max_abs_err" value="0.00e+00" /></properties></testcase><testcase classname="tests.ops.test_softmax" name="test_log_softmax_op[shape7--1-dtype7-False]" time="0.174"><properties><property name="op" value="LogSoftmaxFwdOp" /><property name="op_module" value="tileops.ops.reduction.softmax" /><property name="checked_outputs" value="1" /><property name="max_abs_err" value="9.54e-07" /></properties></testcase><testcase classname="tests.ops.test_softmax" name="test_log_softmax_op[shape8--1-dtype8-False]" time="0.175"><properties><property name="op" value="LogSoftmaxFwdOp" /><property name="op_module" value="tileops.ops.reduction.softmax" /><property name="checked_outputs" value="1" /><property name="max_abs_err" value="0.00e+00" /></properties></testcase><testcase classname="tests.ops.test_softmax" name="test_log_softmax_op[shape9--1-dtype9-False]" time="0.176"><properties><property name="op" value="LogSoftmaxFwdOp" /><property name="op_module" value="tileops.ops.reduction.softmax" /><property name="checked_outputs" value="1" /><property name="max_abs_err" value="0.00e+00" /></properties></testcase><testcase classname="tests.ops.test_softmax" name="test_log_softmax_op[shape10--1-dtype10-False]" time="0.174"><properties><property name="op" value="LogSoftmaxFwdOp" /><property name="op_module" value="tileops.ops.reduction.softmax" /><property name="checked_outputs" value="1" /><property name="max_abs_err" value="9.54e-07" /></properties></testcase><testcase classname="tests.ops.test_softmax" name="test_log_softmax_op[shape11--1-dtype11-False]" time="0.108"><properties><property name="op" value="LogSoftmaxFwdOp" /><property name="op_module" value="tileops.ops.reduction.softmax" /><property name="checked_outputs" value="1" /><property name="max_abs_err" value="0.00e+00" /></properties></testcase><testcase classname="tests.ops.test_softmax" name="test_log_softmax_op[shape12--1-dtype12-False]" time="0.174"><properties><property name="op" value="LogSoftmaxFwdOp" /><property name="op_module" value="tileops.ops.reduction.softmax" /><property name="checked_outputs" value="1" /><property name="max_abs_err" value="0.00e+00" /></properties></testcase><testcase classname="tests.ops.test_softmax" name="test_log_softmax_op[shape13--1-dtype13-False]" time="0.175"><properties><property name="op" value="LogSoftmaxFwdOp" /><property name="op_module" value="tileops.ops.reduction.softmax" /><property name="checked_outputs" value="1" /><property name="max_abs_err" value="9.54e-07" /></properties></testcase><testcase classname="tests.ops.test_softmax" name="test_log_softmax_op[shape14--1-dtype14-False]" time="0.175"><properties><property name="op" value="LogSoftmaxFwdOp" /><property name="op_module" value="tileops.ops.reduction.softmax" /><property name="checked_outputs" value="1" /><property name="max_abs_err" value="0.00e+00" /></properties></testcase><testcase classname="tests.ops.test_softmax" name="test_log_softmax_op[shape15--1-dtype15-False]" time="0.176"><properties><property name="op" value="LogSoftmaxFwdOp" /><property name="op_module" value="tileops.ops.reduction.softmax" /><property name="checked_outputs" value="1" /><property name="max_abs_err" value="0.00e+00" /></properties></testcase><testcase classname="tests.ops.test_softmax" name="test_log_softmax_op[shape16--1-dtype16-False]" time="0.222"><properties><property name="op" value="LogSoftmaxFwdOp" /><property name="op_module" value="tileops.ops.reduction.softmax" /><property name="checked_outputs" value="1" /><property name="max_abs_err" value="0.00e+00" /></properties></testcase><testcase classname="tests.ops.test_softmax" name="test_log_softmax_op[shape17--1-dtype17-False]" time="0.224"><properties><property name="op" value="LogSoftmaxFwdOp" /><property name="op_module" value="tileops.ops.reduction.softmax" /><property name="checked_outputs" value="1" /><property name="max_abs_err" value="0.00e+00" /></properties></testcase><testcase classname="tests.ops.test_softmax" name="test_log_softmax_op[shape18--1-dtype18-False]" time="0.176"><properties><property name="op" value="LogSoftmaxFwdOp" /><property name="op_module" value="tileops.ops.reduction.softmax" /><property name="checked_outputs" value="1" /><property name="max_abs_err" value="9.54e-07" /></properties></testcase><testcase classname="tests.ops.test_softmax" name="test_log_softmax_op[shape19--1-dtype19-False]" time="0.223"><properties><property name="op" value="LogSoftmaxFwdOp" /><property name="op_module" value="tileops.ops.reduction.softmax" /><property name="checked_outputs" value="1" /><property name="max_abs_err" value="0.00e+00" /></properties></testcase><testcase classname="tests.ops.test_softmax" name="test_log_softmax_op[shape20--1-dtype20-False]" time="0.222"><properties><property name="op" value="LogSoftmaxFwdOp" /><property name="op_module" value="tileops.ops.reduction.softmax" /><property name="checked_outputs" value="1" /><property name="max_abs_err" value="0.00e+00" /></properties></testcase><testcase classname="tests.ops.test_softmax" name="test_log_softmax_op[shape21-0-dtype21-False]" time="0.004"><properties><property name="op" value="LogSoftmaxFwdOp" /><property name="op_module" value="tileops.ops.reduction.softmax" /><property name="checked_outputs" value="1" /><property name="max_abs_err" value="9.54e-07" /></properties></testcase><testcase classname="tests.ops.test_softmax" name="test_log_softmax_op[shape22-0-dtype22-False]" time="0.004"><properties><property name="op" value="LogSoftmaxFwdOp" /><property name="op_module" value="tileops.ops.reduction.softmax" /><property name="checked_outputs" value="1" /><property name="max_abs_err" value="0.00e+00" /></properties></testcase><testcase classname="tests.ops.test_softmax" name="test_log_softmax_op[shape23-0-dtype23-False]" time="0.004"><properties><property name="op" value="LogSoftmaxFwdOp" /><property name="op_module" value="tileops.ops.reduction.softmax" /><property name="checked_outputs" value="1" /><property name="max_abs_err" value="0.00e+00" /></properties></testcase><testcase classname="tests.ops.test_softmax" name="test_log_softmax_op[shape24-1-dtype24-False]" time="0.004"><properties><property name="op" value="LogSoftmaxFwdOp" /><property name="op_module" value="tileops.ops.reduction.softmax" /><property name="checked_outputs" value="1" /><property name="max_abs_err" value="9.54e-07" /></properties></testcase><testcase classname="tests.ops.test_softmax" name="test_log_softmax_op[shape25-1-dtype25-False]" time="0.004"><properties><property name="op" value="LogSoftmaxFwdOp" /><property name="op_module" value="tileops.ops.reduction.softmax" /><property name="checked_outputs" value="1" /><property name="max_abs_err" value="0.00e+00" /></properties></testcase><testcase classname="tests.ops.test_softmax" name="test_log_softmax_op[shape26-1-dtype26-False]" time="0.004"><properties><property name="op" value="LogSoftmaxFwdOp" /><property name="op_module" value="tileops.ops.reduction.softmax" /><property name="checked_outputs" value="1" /><property name="max_abs_err" value="0.00e+00" /></properties></testcase><testcase classname="tests.ops.test_softmax" name="test_softmax_dtype_widens_in_kernel[tiled]" time="0.250" /><testcase classname="tests.ops.test_softmax" name="test_softmax_dtype_widens_in_kernel[split]" time="0.232" /><testcase classname="tests.ops.test_softmax" name="test_softmax_dtype_widens_in_kernel[fused-split]" time="0.226" /><testcase classname="tests.ops.test_softmax" name="test_logsumexp_op[shape3--1-dtype3-True]" time="0.144"><properties><property name="op" value="LogSumExpFwdOp" /><property name="op_module" value="tileops.ops.reduction.softmax" /><property name="checked_outputs" value="1" /><property name="max_abs_err" value="0.00e+00" /></properties></testcase><testcase classname="tests.ops.test_softmax" name="test_logsumexp_op[shape4--1-dtype4-False]" time="0.135"><properties><property name="op" value="LogSumExpFwdOp" /><property name="op_module" value="tileops.ops.reduction.softmax" /><property name="checked_outputs" value="1" /><property name="max_abs_err" value="4.77e-07" /></properties></testcase><testcase classname="tests.ops.test_softmax" name="test_logsumexp_op[shape5--1-dtype5-False]" time="0.135"><properties><property name="op" value="LogSumExpFwdOp" /><property name="op_module" value="tileops.ops.reduction.softmax" /><property name="checked_outputs" value="1" /><property name="max_abs_err" value="0.00e+00" /></properties></testcase><testcase classname="tests.ops.test_softmax" name="test_logsumexp_op[shape6--1-dtype6-False]" time="0.136"><properties><property name="op" value="LogSumExpFwdOp" /><property name="op_module" value="tileops.ops.reduction.softmax" /><property name="checked_outputs" value="1" /><property name="max_abs_err" value="0.00e+00" /></properties></testcase><testcase classname="tests.ops.test_softmax" name="test_logsumexp_op[shape7--1-dtype7-False]" time="0.135"><properties><property name="op" value="LogSumExpFwdOp" /><property name="op_module" value="tileops.ops.reduction.softmax" /><property name="checked_outputs" value="1" /><property name="max_abs_err" value="4.77e-07" /></properties></testcase><testcase classname="tests.ops.test_softmax" name="test_logsumexp_op[shape8--1-dtype8-False]" time="0.136"><properties><property name="op" value="LogSumExpFwdOp" /><property name="op_module" value="tileops.ops.reduction.softmax" /><property name="checked_outputs" value="1" /><property name="max_abs_err" value="0.00e+00" /></properties></testcase><testcase classname="tests.ops.test_softmax" name="test_logsumexp_op[shape9--1-dtype9-False]" time="0.136"><properties><property name="op" value="LogSumExpFwdOp" /><property name="op_module" value="tileops.ops.reduction.softmax" /><property name="checked_outputs" value="1" /><property name="max_abs_err" value="0.00e+00" /></properties></testcase><testcase classname="tests.ops.test_softmax" name="test_logsumexp_op[shape10--1-dtype10-False]" time="0.134"><properties><property name="op" value="LogSumExpFwdOp" /><property name="op_module" value="tileops.ops.reduction.softmax" /><property name="checked_outputs" value="1" /><property name="max_abs_err" value="4.77e-07" /></properties></testcase><testcase classname="tests.ops.test_softmax" name="test_logsumexp_op[shape11--1-dtype11-False]" time="0.093"><properties><property name="op" value="LogSumExpFwdOp" /><property name="op_module" value="tileops.ops.reduction.softmax" /><property name="checked_outputs" value="1" /><property name="max_abs_err" value="0.00e+00" /></properties></testcase><testcase classname="tests.ops.test_softmax" name="test_logsumexp_op[shape12--1-dtype12-False]" time="0.135"><properties><property name="op" value="LogSumExpFwdOp" /><property name="op_module" value="tileops.ops.reduction.softmax" /><property name="checked_outputs" value="1" /><property name="max_abs_err" value="0.00e+00" /></properties></testcase><testcase classname="tests.ops.test_softmax" name="test_logsumexp_op[shape13--1-dtype13-False]" time="0.136"><properties><property name="op" value="LogSumExpFwdOp" /><property name="op_module" value="tileops.ops.reduction.softmax" /><property name="checked_outputs" value="1" /><property name="max_abs_err" value="4.77e-07" /></properties></testcase><testcase classname="tests.ops.test_softmax" name="test_logsumexp_op[shape14--1-dtype14-False]" time="0.136"><properties><property name="op" value="LogSumExpFwdOp" /><property name="op_module" value="tileops.ops.reduction.softmax" /><property name="checked_outputs" value="1" /><property name="max_abs_err" value="0.00e+00" /></properties></testcase><testcase classname="tests.ops.test_softmax" name="test_logsumexp_op[shape15--1-dtype15-False]" time="0.540"><properties><property name="op" value="LogSumExpFwdOp" /><property name="op_module" value="tileops.ops.reduction.softmax" /><property name="checked_outputs" value="1" /><property name="max_abs_err" value="0.00e+00" /></properties></testcase><testcase classname="tests.ops.test_softmax" name="test_logsumexp_op[shape16--1-dtype16-False]" time="0.213"><properties><property name="op" value="LogSumExpFwdOp" /><property name="op_module" value="tileops.ops.reduction.softmax" /><property name="checked_outputs" value="1" /><property name="max_abs_err" value="0.00e+00" /></properties></testcase><testcase classname="tests.ops.test_softmax" name="test_logsumexp_op[shape17--1-dtype17-False]" time="0.213"><properties><property name="op" value="LogSumExpFwdOp" /><property name="op_module" value="tileops.ops.reduction.softmax" /><property name="checked_outputs" value="1" /><property name="max_abs_err" value="0.00e+00" /></properties></testcase><testcase classname="tests.ops.test_softmax" name="test_logsumexp_op[shape18--1-dtype18-False]" time="0.136"><properties><property name="op" value="LogSumExpFwdOp" /><property name="op_module" value="tileops.ops.reduction.softmax" /><property name="checked_outputs" value="1" /><property name="max_abs_err" value="4.77e-07" /></properties></testcase><testcase classname="tests.ops.test_softmax" name="test_logsumexp_op[shape19--1-dtype19-False]" time="0.213"><properties><property name="op" value="LogSumExpFwdOp" /><property name="op_module" value="tileops.ops.reduction.softmax" /><property name="checked_outputs" value="1" /><property name="max_abs_err" value="0.00e+00" /></properties></testcase><testcase classname="tests.ops.test_softmax" name="test_logsumexp_op[shape20--1-dtype20-False]" time="0.213"><properties><property name="op" value="LogSumExpFwdOp" /><property name="op_module" value="tileops.ops.reduction.softmax" /><property name="checked_outputs" value="1" /><property name="max_abs_err" value="0.00e+00" /></properties></testcase><testcase classname="tests.ops.test_softmax" name="test_logsumexp_op[shape21--1-dtype21-False]" time="0.130"><properties><property name="op" value="LogSumExpFwdOp" /><property name="op_module" value="tileops.ops.reduction.softmax" /><property name="checked_outputs" value="1" /><property name="max_abs_err" value="0.00e+00" /></properties></testcase><testcase classname="tests.ops.test_softmax" name="test_logsumexp_op[shape22--1-dtype22-False]" time="0.128"><properties><property name="op" value="LogSumExpFwdOp" /><property name="op_module" value="tileops.ops.reduction.softmax" /><property name="checked_outputs" value="1" /><property name="max_abs_err" value="0.00e+00" /></properties></testcase><testcase classname="tests.ops.test_softmax" name="test_logsumexp_op[shape23-0-dtype23-False]" time="0.004"><properties><property name="op" value="LogSumExpFwdOp" /><property name="op_module" value="tileops.ops.reduction.softmax" /><property name="checked_outputs" value="1" /><property name="max_abs_err" value="4.77e-07" /></properties></testcase><testcase classname="tests.ops.test_softmax" name="test_logsumexp_op[shape24-0-dtype24-False]" time="0.004"><properties><property name="op" value="LogSumExpFwdOp" /><property name="op_module" value="tileops.ops.reduction.softmax" /><property name="checked_outputs" value="1" /><property name="max_abs_err" value="0.00e+00" /></properties></testcase><testcase classname="tests.ops.test_softmax" name="test_logsumexp_op[shape25-0-dtype25-False]" time="0.004"><properties><property name="op" value="LogSumExpFwdOp" /><property name="op_module" value="tileops.ops.reduction.softmax" /><property name="checked_outputs" value="1" /><property name="max_abs_err" value="0.00e+00" /></properties></testcase><testcase classname="tests.ops.test_softmax" name="test_logsumexp_op[shape26-1-dtype26-False]" time="0.004"><properties><property name="op" value="LogSumExpFwdOp" /><property name="op_module" value="tileops.ops.reduction.softmax" /><property name="checked_outputs" value="1" /><property name="max_abs_err" value="4.77e-07" /></properties></testcase><testcase classname="tests.ops.test_softmax" name="test_logsumexp_op[shape27-1-dtype27-False]" time="0.004"><properties><property name="op" value="LogSumExpFwdOp" /><property name="op_module" value="tileops.ops.reduction.softmax" /><property name="checked_outputs" value="1" /><property name="max_abs_err" value="0.00e+00" /></properties></testcase><testcase classname="tests.ops.test_softmax" name="test_logsumexp_op[shape28-1-dtype28-False]" time="0.004"><properties><property name="op" value="LogSumExpFwdOp" /><property name="op_module" value="tileops.ops.reduction.softmax" /><property name="checked_outputs" value="1" /><property name="max_abs_err" value="0.00e+00" /></properties></testcase><testcase classname="tests.ops.test_softmax" name="test_logsumexp_keepdim[shape2--1-dtype2]" time="0.004" /><testcase classname="tests.ops.test_softmax" name="test_logsumexp_keepdim[shape3-0-dtype3]" time="0.004" /><testcase classname="tests.ops.test_softmax" name="test_logsumexp_keepdim[shape4-0-dtype4]" time="0.004" /><testcase classname="tests.ops.test_softmax" name="test_logsumexp_keepdim[shape5-1-dtype5]" time="0.004" /><testcase classname="tests.ops.test_softmax" name="test_log_softmax_non_contiguous[shape3-dtype3]" time="0.004" /><testcase classname="tests.ops.test_softmax" name="test_log_softmax_non_contiguous[shape4-dtype4]" time="0.004" /><testcase classname="tests.ops.test_softmax" name="test_log_softmax_non_contiguous[shape5-dtype5]" time="0.004" /><testcase classname="tests.ops.test_softmax" name="test_logsumexp_non_contiguous[shape3-dtype3]" time="0.004" /><testcase classname="tests.ops.test_softmax" name="test_logsumexp_non_contiguous[shape4-dtype4]" time="0.004" /><testcase classname="tests.ops.test_softmax" name="test_logsumexp_non_contiguous[shape5-dtype5]" time="0.004" /><testcase classname="tests.ops.test_softmax" name="test_log_softmax_1d[300-dtype3]" time="0.172" /><testcase classname="tests.ops.test_softmax" name="test_log_softmax_1d[300-dtype4]" time="0.172" /><testcase classname="tests.ops.test_softmax" name="test_log_softmax_1d[300-dtype5]" time="0.173" /><testcase classname="tests.ops.test_softmax" name="test_logsumexp_1d[300-dtype3]" time="0.133" /><testcase classname="tests.ops.test_softmax" name="test_logsumexp_1d[300-dtype4]" time="0.133" /><testcase classname="tests.ops.test_softmax" name="test_logsumexp_1d[300-dtype5]" time="0.133" /><testcase classname="tests.ops.test_special_elementwise" name="test_clamp_dtype_size[16777216-dtype3]" time="0.068" /><testcase classname="tests.ops.test_topk_select" name="test_topk_select_op[8-512-2048-1-64-float32-int32-False]" time="0.345"><properties><property name="op" value="TopKSelectFwdOp" /><property name="op_module" value="tileops.ops.attention.topk_select" /><property name="checked_outputs" value="1" /><property name="max_abs_err" value="2.05e+03" /></properties></testcase><testcase classname="tests.ops.test_topk_select" name="test_topk_select_op[1-32768-65536-1-1024-float32-int32-False]" time="0.778"><properties><property name="op" value="TopKSelectFwdOp" /><property name="op_module" value="tileops.ops.attention.topk_select" /><property name="checked_outputs" value="1" /><property name="max_abs_err" value="6.55e+04" /></properties></testcase><testcase classname="tests.ops.test_topk_select" name="test_topk_select_op[1-32768-131072-1-2048-float32-int32-False]" time="0.726"><properties><property name="op" value="TopKSelectFwdOp" /><property name="op_module" value="tileops.ops.attention.topk_select" /><property name="checked_outputs" value="1" /><property name="max_abs_err" value="1.31e+05" /></properties></testcase><testcase classname="tests.ops.test_vector_norm" name="test_l1_norm_op[256-4096-dtype3]" time="0.109"><properties><property name="op" value="VectorNormFwdOp" /><property name="op_module" value="tileops.ops.reduction.vector_norm" /><property name="checked_outputs" value="1" /><property name="max_abs_err" value="0.00e+00" /></properties></testcase><testcase classname="tests.ops.test_vector_norm" name="test_l1_norm_op[256-4096-dtype4]" time="0.107"><properties><property name="op" value="VectorNormFwdOp" /><property name="op_module" value="tileops.ops.reduction.vector_norm" /><property name="checked_outputs" value="1" /><property name="max_abs_err" value="0.00e+00" /></properties></testcase><testcase classname="tests.ops.test_vector_norm" name="test_l1_norm_op[128-300-dtype5]" time="0.106"><properties><property name="op" value="VectorNormFwdOp" /><property name="op_module" value="tileops.ops.reduction.vector_norm" /><property name="checked_outputs" value="1" /><property name="max_abs_err" value="3.05e-05" /></properties></testcase><testcase classname="tests.ops.test_vector_norm" name="test_l1_norm_op[128-300-dtype6]" time="0.088"><properties><property name="op" value="VectorNormFwdOp" /><property name="op_module" value="tileops.ops.reduction.vector_norm" /><property name="checked_outputs" value="1" /><property name="max_abs_err" value="0.00e+00" /></properties></testcase><testcase classname="tests.ops.test_vector_norm" name="test_l1_norm_op[129-512-dtype7]" time="0.107"><properties><property name="op" value="VectorNormFwdOp" /><property name="op_module" value="tileops.ops.reduction.vector_norm" /><property name="checked_outputs" value="1" /><property name="max_abs_err" value="0.00e+00" /></properties></testcase><testcase classname="tests.ops.test_vector_norm" name="test_l2_norm_op[256-4096-dtype3]" time="0.106"><properties><property name="op" value="VectorNormFwdOp" /><property name="op_module" value="tileops.ops.reduction.vector_norm" /><property name="checked_outputs" value="1" /><property name="max_abs_err" value="0.00e+00" /></properties></testcase><testcase classname="tests.ops.test_vector_norm" name="test_l2_norm_op[256-4096-dtype4]" time="0.106"><properties><property name="op" value="VectorNormFwdOp" /><property name="op_module" value="tileops.ops.reduction.vector_norm" /><property name="checked_outputs" value="1" /><property name="max_abs_err" value="0.00e+00" /></properties></testcase><testcase classname="tests.ops.test_vector_norm" name="test_l2_norm_op[128-300-dtype5]" time="0.107"><properties><property name="op" value="VectorNormFwdOp" /><property name="op_module" value="tileops.ops.reduction.vector_norm" /><property name="checked_outputs" value="1" /><property name="max_abs_err" value="1.91e-06" /></properties></testcase><testcase classname="tests.ops.test_vector_norm" name="test_l2_norm_op[128-300-dtype6]" time="0.090"><properties><property name="op" value="VectorNormFwdOp" /><property name="op_module" value="tileops.ops.reduction.vector_norm" /><property name="checked_outputs" value="1" /><property name="max_abs_err" value="0.00e+00" /></properties></testcase><testcase classname="tests.ops.test_vector_norm" name="test_l2_norm_op[129-512-dtype7]" time="0.106"><properties><property name="op" value="VectorNormFwdOp" /><property name="op_module" value="tileops.ops.reduction.vector_norm" /><property name="checked_outputs" value="1" /><property name="max_abs_err" value="0.00e+00" /></properties></testcase><testcase classname="tests.ops.test_vector_norm" name="test_inf_norm_op[256-4096-dtype3]" time="0.107"><properties><property name="op" value="VectorNormFwdOp" /><property name="op_module" value="tileops.ops.reduction.vector_norm" /><property name="checked_outputs" value="1" /><property name="max_abs_err" value="0.00e+00" /></properties></testcase><testcase classname="tests.ops.test_vector_norm" name="test_inf_norm_op[256-4096-dtype4]" time="0.106"><properties><property name="op" value="VectorNormFwdOp" /><property name="op_module" value="tileops.ops.reduction.vector_norm" /><property name="checked_outputs" value="1" /><property name="max_abs_err" value="0.00e+00" /></properties></testcase><testcase classname="tests.ops.test_vector_norm" name="test_inf_norm_op[128-300-dtype5]" time="0.107"><properties><property name="op" value="VectorNormFwdOp" /><property name="op_module" value="tileops.ops.reduction.vector_norm" /><property name="checked_outputs" value="1" /><property name="max_abs_err" value="0.00e+00" /></properties></testcase><testcase classname="tests.ops.test_vector_norm" name="test_inf_norm_op[128-300-dtype6]" time="0.088"><properties><property name="op" value="VectorNormFwdOp" /><property name="op_module" value="tileops.ops.reduction.vector_norm" /><property name="checked_outputs" value="1" /><property name="max_abs_err" value="0.00e+00" /></properties></testcase><testcase classname="tests.ops.test_vector_norm" name="test_inf_norm_op[129-512-dtype7]" time="0.105"><properties><property name="op" value="VectorNormFwdOp" /><property name="op_module" value="tileops.ops.reduction.vector_norm" /><property name="checked_outputs" value="1" /><property name="max_abs_err" value="0.00e+00" /></properties></testcase><testcase classname="tests.ops.test_vector_norm" name="test_inf_nan_propagation[4-300-dtype3]" time="0.105" /><testcase classname="tests.ops.test_welford_non_aligned" name="test_var_non_aligned[m32_n7_fp16]" time="0.204"><properties><property name="op" value="VarFwdOp" /><property name="op_module" value="tileops.ops.reduction.reduce" /><property name="checked_outputs" value="1" /><property name="max_abs_err" value="0.00e+00" /></properties></testcase><testcase classname="tests.ops.test_welford_non_aligned" name="test_var_non_aligned[m32_n33_fp16]" time="0.203"><properties><property name="op" value="VarFwdOp" /><property name="op_module" value="tileops.ops.reduction.reduce" /><property name="checked_outputs" value="1" /><property name="max_abs_err" value="0.00e+00" /></properties></testcase><testcase classname="tests.ops.test_welford_non_aligned" name="test_var_non_aligned[m32_n100_fp16]" time="0.204"><properties><property name="op" value="VarFwdOp" /><property name="op_module" value="tileops.ops.reduction.reduce" /><property name="checked_outputs" value="1" /><property name="max_abs_err" value="0.00e+00" /></properties></testcase><testcase classname="tests.ops.test_welford_non_aligned" name="test_var_non_aligned[m32_n255_fp16]" time="0.204"><properties><property name="op" value="VarFwdOp" /><property name="op_module" value="tileops.ops.reduction.reduce" /><property name="checked_outputs" value="1" /><property name="max_abs_err" value="0.00e+00" /></properties></testcase><testcase classname="tests.ops.test_welford_non_aligned" name="test_var_non_aligned[m32_n513_fp16]" time="0.210"><properties><property name="op" value="VarFwdOp" /><property name="op_module" value="tileops.ops.reduction.reduce" /><property name="checked_outputs" value="1" /><property name="max_abs_err" value="0.00e+00" /></properties></testcase><testcase classname="tests.ops.test_welford_non_aligned" name="test_var_non_aligned[m32_n7_bf16]" time="0.205"><properties><property name="op" value="VarFwdOp" /><property name="op_module" value="tileops.ops.reduction.reduce" /><property name="checked_outputs" value="1" /><property name="max_abs_err" value="0.00e+00" /></properties></testcase><testcase classname="tests.ops.test_welford_non_aligned" name="test_var_non_aligned[m32_n33_bf16]" time="0.202"><properties><property name="op" value="VarFwdOp" /><property name="op_module" value="tileops.ops.reduction.reduce" /><property name="checked_outputs" value="1" /><property name="max_abs_err" value="0.00e+00" /></properties></testcase><testcase classname="tests.ops.test_welford_non_aligned" name="test_var_non_aligned[m32_n100_bf16]" time="0.202"><properties><property name="op" value="VarFwdOp" /><property name="op_module" value="tileops.ops.reduction.reduce" /><property name="checked_outputs" value="1" /><property name="max_abs_err" value="0.00e+00" /></properties></testcase><testcase classname="tests.ops.test_welford_non_aligned" name="test_var_non_aligned[m32_n255_bf16]" time="0.204"><properties><property name="op" value="VarFwdOp" /><property name="op_module" value="tileops.ops.reduction.reduce" /><property name="checked_outputs" value="1" /><property name="max_abs_err" value="0.00e+00" /></properties></testcase><testcase classname="tests.ops.test_welford_non_aligned" name="test_var_non_aligned[m32_n513_bf16]" time="0.202"><properties><property name="op" value="VarFwdOp" /><property name="op_module" value="tileops.ops.reduction.reduce" /><property name="checked_outputs" value="1" /><property name="max_abs_err" value="0.00e+00" /></properties></testcase><testcase classname="tests.ops.test_welford_non_aligned" name="test_std_non_aligned[m32_n7_fp16]" time="0.203"><properties><property name="op" value="StdFwdOp" /><property name="op_module" value="tileops.ops.reduction.reduce" /><property name="checked_outputs" value="1" /><property name="max_abs_err" value="0.00e+00" /></properties></testcase><testcase classname="tests.ops.test_welford_non_aligned" name="test_std_non_aligned[m32_n33_fp16]" time="0.204"><properties><property name="op" value="StdFwdOp" /><property name="op_module" value="tileops.ops.reduction.reduce" /><property name="checked_outputs" value="1" /><property name="max_abs_err" value="0.00e+00" /></properties></testcase><testcase classname="tests.ops.test_welford_non_aligned" name="test_std_non_aligned[m32_n100_fp16]" time="0.203"><properties><property name="op" value="StdFwdOp" /><property name="op_module" value="tileops.ops.reduction.reduce" /><property name="checked_outputs" value="1" /><property name="max_abs_err" value="0.00e+00" /></properties></testcase><testcase classname="tests.ops.test_welford_non_aligned" name="test_std_non_aligned[m32_n255_fp16]" time="0.204"><properties><property name="op" value="StdFwdOp" /><property name="op_module" value="tileops.ops.reduction.reduce" /><property name="checked_outputs" value="1" /><property name="max_abs_err" value="0.00e+00" /></properties></testcase><testcase classname="tests.ops.test_welford_non_aligned" name="test_std_non_aligned[m32_n513_fp16]" time="0.203"><properties><property name="op" value="StdFwdOp" /><property name="op_module" value="tileops.ops.reduction.reduce" /><property name="checked_outputs" value="1" /><property name="max_abs_err" value="0.00e+00" /></properties></testcase><testcase classname="tests.ops.test_welford_non_aligned" name="test_std_non_aligned[m32_n7_bf16]" time="0.203"><properties><property name="op" value="StdFwdOp" /><property name="op_module" value="tileops.ops.reduction.reduce" /><property name="checked_outputs" value="1" /><property name="max_abs_err" value="0.00e+00" /></properties></testcase><testcase classname="tests.ops.test_welford_non_aligned" name="test_std_non_aligned[m32_n33_bf16]" time="0.203"><properties><property name="op" value="StdFwdOp" /><property name="op_module" value="tileops.ops.reduction.reduce" /><property name="checked_outputs" value="1" /><property name="max_abs_err" value="0.00e+00" /></properties></testcase><testcase classname="tests.ops.test_welford_non_aligned" name="test_std_non_aligned[m32_n100_bf16]" time="0.203"><properties><property name="op" value="StdFwdOp" /><property name="op_module" value="tileops.ops.reduction.reduce" /><property name="checked_outputs" value="1" /><property name="max_abs_err" value="0.00e+00" /></properties></testcase><testcase classname="tests.ops.test_welford_non_aligned" name="test_std_non_aligned[m32_n255_bf16]" time="0.203"><properties><property name="op" value="StdFwdOp" /><property name="op_module" value="tileops.ops.reduction.reduce" /><property name="checked_outputs" value="1" /><property name="max_abs_err" value="0.00e+00" /></properties></testcase><testcase classname="tests.ops.test_welford_non_aligned" name="test_std_non_aligned[m32_n513_bf16]" time="0.202"><properties><property name="op" value="StdFwdOp" /><property name="op_module" value="tileops.ops.reduction.reduce" /><property name="checked_outputs" value="1" /><property name="max_abs_err" value="0.00e+00" /></properties></testcase><testcase classname="tests.ops.test_welford_non_aligned" name="test_var_mean_non_aligned[m32_n7_fp16]" time="0.205"><properties><property name="op" value="VarMeanFwdOp" /><property name="op_module" value="tileops.ops.reduction.reduce" /><property name="checked_outputs" value="2" /><property name="max_abs_err" value="0.00e+00" /></properties></testcase><testcase classname="tests.ops.test_welford_non_aligned" name="test_var_mean_non_aligned[m32_n33_fp16]" time="0.207"><properties><property name="op" value="VarMeanFwdOp" /><property name="op_module" value="tileops.ops.reduction.reduce" /><property name="checked_outputs" value="2" /><property name="max_abs_err" value="0.00e+00" /></properties></testcase><testcase classname="tests.ops.test_welford_non_aligned" name="test_var_mean_non_aligned[m32_n100_fp16]" time="0.205"><properties><property name="op" value="VarMeanFwdOp" /><property name="op_module" value="tileops.ops.reduction.reduce" /><property name="checked_outputs" value="2" /><property name="max_abs_err" value="0.00e+00" /></properties></testcase><testcase classname="tests.ops.test_welford_non_aligned" name="test_var_mean_non_aligned[m32_n255_fp16]" time="0.204"><properties><property name="op" value="VarMeanFwdOp" /><property name="op_module" value="tileops.ops.reduction.reduce" /><property name="checked_outputs" value="2" /><property name="max_abs_err" value="0.00e+00" /></properties></testcase><testcase classname="tests.ops.test_welford_non_aligned" name="test_var_mean_non_aligned[m32_n513_fp16]" time="0.203"><properties><property name="op" value="VarMeanFwdOp" /><property name="op_module" value="tileops.ops.reduction.reduce" /><property name="checked_outputs" value="2" /><property name="max_abs_err" value="0.00e+00" /></properties></testcase><testcase classname="tests.ops.test_welford_non_aligned" name="test_var_mean_non_aligned[m32_n7_bf16]" time="0.204"><properties><property name="op" value="VarMeanFwdOp" /><property name="op_module" value="tileops.ops.reduction.reduce" /><property name="checked_outputs" value="2" /><property name="max_abs_err" value="0.00e+00" /></properties></testcase><testcase classname="tests.ops.test_welford_non_aligned" name="test_var_mean_non_aligned[m32_n33_bf16]" time="0.206"><properties><property name="op" value="VarMeanFwdOp" /><property name="op_module" value="tileops.ops.reduction.reduce" /><property name="checked_outputs" value="2" /><property name="max_abs_err" value="0.00e+00" /></properties></testcase><testcase classname="tests.ops.test_welford_non_aligned" name="test_var_mean_non_aligned[m32_n100_bf16]" time="0.609"><properties><property name="op" value="VarMeanFwdOp" /><property name="op_module" value="tileops.ops.reduction.reduce" /><property name="checked_outputs" value="2" /><property name="max_abs_err" value="0.00e+00" /></properties></testcase><testcase classname="tests.ops.test_welford_non_aligned" name="test_var_mean_non_aligned[m32_n255_bf16]" time="0.207"><properties><property name="op" value="VarMeanFwdOp" /><property name="op_module" value="tileops.ops.reduction.reduce" /><property name="checked_outputs" value="2" /><property name="max_abs_err" value="0.00e+00" /></properties></testcase><testcase classname="tests.ops.test_welford_non_aligned" name="test_var_mean_non_aligned[m32_n513_bf16]" time="0.207"><properties><property name="op" value="VarMeanFwdOp" /><property name="op_module" value="tileops.ops.reduction.reduce" /><property name="checked_outputs" value="2" /><property name="max_abs_err" value="0.00e+00" /></properties></testcase><testcase classname="tests.ops.test_welford_non_aligned" name="test_var_3d_non_aligned[b2_s16_h7_fp16]" time="0.004" /><testcase classname="tests.ops.test_welford_non_aligned" name="test_var_3d_non_aligned[b2_s16_h100_fp16]" time="0.004" /><testcase classname="tests.ops.test_welford_non_aligned" name="test_var_3d_non_aligned[b2_s16_h257_fp16]" time="0.202" /><testcase classname="tests.ops.test_welford_non_aligned" name="test_var_3d_non_aligned[b2_s16_h7_bf16]" time="0.004" /><testcase classname="tests.ops.test_welford_non_aligned" name="test_var_3d_non_aligned[b2_s16_h257_bf16]" time="0.202" /><testcase classname="tests.ops.test_welford_non_aligned" name="test_std_3d_non_aligned[b2_s16_h7_fp16]" time="0.004" /><testcase classname="tests.ops.test_welford_non_aligned" name="test_std_3d_non_aligned[b2_s16_h100_fp16]" time="0.004" /><testcase classname="tests.ops.test_welford_non_aligned" name="test_std_3d_non_aligned[b2_s16_h257_fp16]" time="0.202" /><testcase classname="tests.ops.test_welford_non_aligned" name="test_std_3d_non_aligned[b2_s16_h7_bf16]" time="0.004" /><testcase classname="tests.ops.test_welford_non_aligned" name="test_std_3d_non_aligned[b2_s16_h257_bf16]" time="0.202" /><testcase classname="tests.ops.test_welford_non_aligned" name="test_var_mean_3d_non_aligned[b2_s16_h7_fp16]" time="0.004" /><testcase classname="tests.ops.test_welford_non_aligned" name="test_var_mean_3d_non_aligned[b2_s16_h100_fp16]" time="0.004" /><testcase classname="tests.ops.test_welford_non_aligned" name="test_var_mean_3d_non_aligned[b2_s16_h257_fp16]" time="0.204" /><testcase classname="tests.ops.test_welford_non_aligned" name="test_var_mean_3d_non_aligned[b2_s16_h7_bf16]" time="0.004" /><testcase classname="tests.ops.test_welford_non_aligned" name="test_var_mean_3d_non_aligned[b2_s16_h257_bf16]" time="0.203" /><testcase classname="tests.ops.test_welford_non_aligned" name="test_var_multidim_non_aligned[flat258_fp16]" time="0.201" /><testcase classname="tests.ops.test_welford_non_aligned" name="test_var_multidim_non_aligned[flat255_keepdim_fp16]" time="0.202" /><testcase classname="tests.ops.test_welford_non_aligned" name="test_std_multidim_non_aligned[flat258_fp16]" time="0.202" /><testcase classname="tests.ops.test_welford_non_aligned" name="test_std_multidim_non_aligned[flat255_keepdim_fp16]" time="0.201" /><testcase classname="tests.ops.test_welford_non_aligned" name="test_var_mean_multidim_non_aligned[flat258_fp16]" time="0.204" /><testcase classname="tests.ops.test_welford_non_aligned" name="test_var_mean_multidim_non_aligned[flat255_keepdim_fp16]" time="0.204" /><testcase classname="tests.test_tier_validation.TestFreezeValue" name="test_set_with_non_comparable_values_is_sorted_stably" time="0.002" /><testcase classname="tests.test_tier_validation.TestSmokeCount" name="test_zero_smoke_raises" time="0.003" /><testcase classname="tests.test_tier_validation.TestSmokeCount" name="test_multiple_smoke_params_pass" time="0.002" /><testcase classname="tests.test_tier_validation.TestSmokeOrdering" name="test_smoke_out_of_position_raises" time="0.003" /><testcase classname="tests.test_tier_validation.TestSmokeOrdering" name="test_xfail_before_smoke_ok" time="0.002" /><testcase classname="tests.test_tier_validation.TestSmokeConstraints" name="test_smoke_tune_true_raises" time="0.003" /><testcase classname="tests.test_tier_validation.TestSmokeConstraints" name="test_smoke_xfail_raises" time="0.004" /><testcase classname="tests.test_tier_validation.TestSmokeConstraints" name="test_smoke_xfail_reports_only_xfail_error" time="0.003" /><testcase classname="tests.trace.test_payload" name="test_payload_api_signature" time="0.013" /><testcase classname="tests.trace.test_payload" name="test_payload_with_range_start_end" time="0.020" /><testcase classname="tests.trace.test_payload" name="test_payload_backward_compatibility" time="0.015" /><testcase classname="tests.trace.test_payload" name="test_implicit_thread_blocks_with_payload_e2e" time="0.017" /><testcase classname="tests.trace.test_payload" name="test_dynamic_payload_runtime_expr" time="0.023" /></testsuite></testsuites>